Archive member included because of file (symbol)

/usr/lib/gcc/arm-none-eabi/4.8.2/../../../arm-none-eabi/lib/armv7e-m/libg.a(lib_a-memcpy.o)
                              /tmp/ccCJ2Je0.ltrans0.ltrans.o (memcpy)
/usr/lib/gcc/arm-none-eabi/4.8.2/../../../arm-none-eabi/lib/armv7e-m/libg.a(lib_a-memset.o)
                              /tmp/ccCJ2Je0.ltrans7.ltrans.o (memset)
/usr/lib/gcc/arm-none-eabi/4.8.2/../../../arm-none-eabi/lib/armv7e-m/libg.a(lib_a-strcmp.o)
                              /tmp/ccCJ2Je0.ltrans0.ltrans.o (strcmp)
/usr/lib/gcc/arm-none-eabi/4.8.2/../../../arm-none-eabi/lib/armv7e-m/libg.a(lib_a-strpbrk.o)
                              /tmp/ccCJ2Je0.ltrans0.ltrans.o (strpbrk)
/usr/lib/gcc/arm-none-eabi/4.8.2/../../../arm-none-eabi/lib/armv7e-m/libg.a(lib_a-strspn.o)
                              /tmp/ccCJ2Je0.ltrans0.ltrans.o (strspn)

Discarded input sections

 .data          0x0000000000000000        0x0 build/obj/crt0_v7m.o
 .bss           0x0000000000000000        0x0 build/obj/crt0_v7m.o
 .data          0x0000000000000000        0x0 build/obj/chcoreasm_v7m.o
 .bss           0x0000000000000000        0x0 build/obj/chcoreasm_v7m.o
 .text          0x0000000000000000        0x0 build/obj/crt1.o (symbol from plugin)
 .text          0x0000000000000000        0x0 /tmp/ccCJ2Je0.ltrans0.ltrans.o
 .data          0x0000000000000000        0x0 /tmp/ccCJ2Je0.ltrans0.ltrans.o
 .bss           0x0000000000000000        0x0 /tmp/ccCJ2Je0.ltrans0.ltrans.o
 .rodata.__func__.5915.4489
                0x0000000000000000        0xc /tmp/ccCJ2Je0.ltrans0.ltrans.o
 .rodata.__func__.6085.5579
                0x0000000000000000        0xc /tmp/ccCJ2Je0.ltrans0.ltrans.o
 .rodata.__func__.6646.5583
                0x0000000000000000       0x14 /tmp/ccCJ2Je0.ltrans0.ltrans.o
 .rodata.__func__.6679.5585
                0x0000000000000000        0xc /tmp/ccCJ2Je0.ltrans0.ltrans.o
 .rodata.__func__.6690.5587
                0x0000000000000000       0x18 /tmp/ccCJ2Je0.ltrans0.ltrans.o
 .rodata.__func__.6702.5589
                0x0000000000000000       0x10 /tmp/ccCJ2Je0.ltrans0.ltrans.o
 .rodata.__func__.6613.6217
                0x0000000000000000        0xc /tmp/ccCJ2Je0.ltrans0.ltrans.o
 .rodata.__func__.5915.6216
                0x0000000000000000        0xc /tmp/ccCJ2Je0.ltrans0.ltrans.o
 .rodata.__func__.6618.6218
                0x0000000000000000       0x10 /tmp/ccCJ2Je0.ltrans0.ltrans.o
 .rodata.__func__.6640.6219
                0x0000000000000000       0x1c /tmp/ccCJ2Je0.ltrans0.ltrans.o
 .rodata.__func__.5915.6395
                0x0000000000000000        0xc /tmp/ccCJ2Je0.ltrans0.ltrans.o
 .rodata.__func__.6619.6396
                0x0000000000000000       0x10 /tmp/ccCJ2Je0.ltrans0.ltrans.o
 .rodata.__func__.6614.6653
                0x0000000000000000       0x10 /tmp/ccCJ2Je0.ltrans0.ltrans.o
 .rodata.__func__.5915.6652
                0x0000000000000000        0xc /tmp/ccCJ2Je0.ltrans0.ltrans.o
 .rodata.__func__.6624.6654
                0x0000000000000000        0xc /tmp/ccCJ2Je0.ltrans0.ltrans.o
 .rodata.__func__.6635.6655
                0x0000000000000000        0xc /tmp/ccCJ2Je0.ltrans0.ltrans.o
 .rodata.__func__.6645.6656
                0x0000000000000000       0x14 /tmp/ccCJ2Je0.ltrans0.ltrans.o
 .rodata.__func__.6649.6657
                0x0000000000000000        0xc /tmp/ccCJ2Je0.ltrans0.ltrans.o
 .rodata.__func__.6653.6658
                0x0000000000000000       0x10 /tmp/ccCJ2Je0.ltrans0.ltrans.o
 .rodata.__func__.6659.6659
                0x0000000000000000       0x14 /tmp/ccCJ2Je0.ltrans0.ltrans.o
 .rodata.__func__.6668.6660
                0x0000000000000000       0x10 /tmp/ccCJ2Je0.ltrans0.ltrans.o
 .rodata.__func__.5915.6879
                0x0000000000000000        0xc /tmp/ccCJ2Je0.ltrans0.ltrans.o
 .rodata.__func__.6621.6881
                0x0000000000000000        0xc /tmp/ccCJ2Je0.ltrans0.ltrans.o
 .rodata.__func__.6638.6882
                0x0000000000000000       0x10 /tmp/ccCJ2Je0.ltrans0.ltrans.o
 .rodata.__func__.6644.6883
                0x0000000000000000        0xc /tmp/ccCJ2Je0.ltrans0.ltrans.o
 .rodata.__func__.6655.6884
                0x0000000000000000       0x10 /tmp/ccCJ2Je0.ltrans0.ltrans.o
 .rodata.__func__.6613.7117
                0x0000000000000000       0x14 /tmp/ccCJ2Je0.ltrans0.ltrans.o
 .rodata.__func__.6617.7118
                0x0000000000000000       0x10 /tmp/ccCJ2Je0.ltrans0.ltrans.o
 .rodata.__func__.5915.7116
                0x0000000000000000        0xc /tmp/ccCJ2Je0.ltrans0.ltrans.o
 .rodata.__func__.6621.7119
                0x0000000000000000       0x10 /tmp/ccCJ2Je0.ltrans0.ltrans.o
 .rodata.__func__.6629.7120
                0x0000000000000000       0x14 /tmp/ccCJ2Je0.ltrans0.ltrans.o
 .rodata.__func__.6643.7121
                0x0000000000000000        0xc /tmp/ccCJ2Je0.ltrans0.ltrans.o
 .rodata.__func__.6655.7122
                0x0000000000000000       0x14 /tmp/ccCJ2Je0.ltrans0.ltrans.o
 .rodata.__func__.6616.7375
[...]
Memory Configuration

Name             Origin             Length             Attributes
flash            0x0000000008000000 0x0000000000100000
ram0             0x0000000020000000 0x0000000000020000
ram1             0x0000000020000000 0x000000000001c000
ram2             0x000000002001c000 0x0000000000004000
ram3             0x0000000000000000 0x0000000000000000
ram4             0x0000000010000000 0x0000000000010000
ram5             0x0000000040024000 0x0000000000001000
ram6             0x0000000000000000 0x0000000000000000
ram7             0x0000000000000000 0x0000000000000000
*default*        0x0000000000000000 0xffffffffffffffff

Linker script and memory map

LOAD build/obj/crt0_v7m.o
LOAD build/obj/chcoreasm_v7m.o
LOAD build/obj/crt1.o
LOAD /tmp/ccCJ2Je0.ltrans0.ltrans.o
LOAD /tmp/ccCJ2Je0.ltrans1.ltrans.o
LOAD /tmp/ccCJ2Je0.ltrans2.ltrans.o
LOAD /tmp/ccCJ2Je0.ltrans3.ltrans.o
LOAD /tmp/ccCJ2Je0.ltrans4.ltrans.o
LOAD /tmp/ccCJ2Je0.ltrans5.ltrans.o
LOAD /tmp/ccCJ2Je0.ltrans6.ltrans.o
LOAD /tmp/ccCJ2Je0.ltrans7.ltrans.o
LOAD /tmp/ccCJ2Je0.ltrans8.ltrans.o
LOAD /tmp/ccCJ2Je0.ltrans9.ltrans.o
LOAD /tmp/ccCJ2Je0.ltrans10.ltrans.o
LOAD /tmp/ccCJ2Je0.ltrans11.ltrans.o
LOAD build/obj/vectors.o
LOAD build/obj/chsys.o
LOAD build/obj/chdebug.o
LOAD build/obj/chvt.o
LOAD build/obj/chschd.o
LOAD build/obj/chthreads.o
LOAD build/obj/chtm.o
LOAD build/obj/chstats.o
LOAD build/obj/chdynamic.o
LOAD build/obj/chregistry.o
LOAD build/obj/chsem.o
LOAD build/obj/chmtx.o
LOAD build/obj/chcond.o
LOAD build/obj/chevents.o
LOAD build/obj/chmsg.o
LOAD build/obj/chmboxes.o
LOAD build/obj/chqueues.o
LOAD build/obj/chmemcore.o
LOAD build/obj/chheap.o
LOAD build/obj/chmempools.o
LOAD build/obj/chcore.o
LOAD build/obj/chcore_v7m.o
LOAD build/obj/osal.o
LOAD build/obj/hal.o
LOAD build/obj/st.o
LOAD build/obj/hal_buffers.o
LOAD build/obj/hal_queues.o
LOAD build/obj/hal_mmcsd.o
LOAD build/obj/pal.o
LOAD build/obj/serial_usb.o
LOAD build/obj/usb.o
LOAD build/obj/nvic.o
LOAD build/obj/hal_lld.o
LOAD build/obj/stm32_dma.o
LOAD build/obj/st_lld.o
LOAD build/obj/pal_lld.o
LOAD build/obj/usb_lld.o
LOAD build/obj/board.o
LOAD build/obj/test.o
LOAD build/obj/testthd.o
LOAD build/obj/testsem.o
LOAD build/obj/testmtx.o
LOAD build/obj/testmsg.o
LOAD build/obj/testmbox.o
LOAD build/obj/testevt.o
LOAD build/obj/testheap.o
LOAD build/obj/testpools.o
LOAD build/obj/testdyn.o
LOAD build/obj/testqueues.o
LOAD build/obj/testsys.o
LOAD build/obj/testbmk.o
LOAD build/obj/shell.o
LOAD build/obj/memstreams.o
LOAD build/obj/chprintf.o
LOAD build/obj/usbcfg.o
LOAD build/obj/main.o
                0x0000000020000000                __ram0_start__ = ORIGIN (ram0)
                0x0000000000020000                __ram0_size__ = 0x20000
                0x0000000020020000                __ram0_end__ = (__ram0_start__ + __ram0_size__)
                0x0000000020000000                __ram1_start__ = ORIGIN (ram1)
                0x000000000001c000                __ram1_size__ = 0x1c000
                0x000000002001c000                __ram1_end__ = (__ram1_start__ + __ram1_size__)
                0x000000002001c000                __ram2_start__ = ORIGIN (ram2)
                0x0000000000004000                __ram2_size__ = 0x4000
                0x0000000020020000                __ram2_end__ = (__ram2_start__ + __ram2_size__)
                0x0000000000000000                __ram3_start__ = ORIGIN (ram3)
                0x0000000000000000                __ram3_size__ = 0x0
                0x0000000000000000                __ram3_end__ = (__ram3_start__ + __ram3_size__)
                0x0000000010000000                __ram4_start__ = ORIGIN (ram4)
                0x0000000000010000                __ram4_size__ = 0x10000
                0x0000000010010000                __ram4_end__ = (__ram4_start__ + __ram4_size__)
                0x0000000040024000                __ram5_start__ = ORIGIN (ram5)
                0x0000000000001000                __ram5_size__ = 0x1000
                0x0000000040025000                __ram5_end__ = (__ram5_start__ + __ram5_size__)
                0x0000000000000000                __ram6_start__ = ORIGIN (ram6)
                0x0000000000000000                __ram6_size__ = 0x0
                0x0000000000000000                __ram6_end__ = (__ram6_start__ + __ram6_size__)
                0x0000000000000000                __ram7_start__ = ORIGIN (ram7)
                0x0000000000000000                __ram7_size__ = 0x0
                0x0000000000000000                __ram7_end__ = (__ram7_start__ + __ram7_size__)
                0x0000000000000000                . = 0x0
                0x0000000000000000                _text = .

startup         0x0000000008000000      0x200
 *(.vectors)
 .vectors       0x0000000008000000      0x200 /tmp/ccCJ2Je0.ltrans0.ltrans.o
                0x0000000008000000                _vectors

constructors    0x0000000008000200        0x0
                0x0000000008000200                __init_array_start = .
 *(SORT(.init_array.*))
 *(.init_array)
                0x0000000008000200                __init_array_end = .

destructors     0x0000000008000200        0x0
                0x0000000008000200                __fini_array_start = .
 *(.fini_array)
 *(SORT(.fini_array.*))
                0x0000000008000200                __fini_array_end = .

.text           0x0000000008000200     0x7a18
 *(.text)
 .text          0x0000000008000200       0xc4 build/obj/crt0_v7m.o
                0x0000000008000200                Reset_Handler
 *fill*         0x00000000080002c4        0xc 
 .text          0x00000000080002d0       0x40 build/obj/chcoreasm_v7m.o
                0x00000000080002d0                _port_switch
                0x00000000080002e0                _port_thread_start
                0x00000000080002f8                _port_switch_from_isr
                0x000000000800030c                _port_exit_from_isr
 .text          0x0000000008000310      0x134 /usr/lib/gcc/arm-none-eabi/4.8.2/../../../arm-none-eabi/lib/armv7e-m/libg.a(lib_a-memcpy.o)
                0x0000000008000310                memcpy
 *(.text.*)
 *fill*         0x0000000008000444        0xc 
 .text.long_to_string_with_divisor.14618.4336
                0x0000000008000450       0xa0 /tmp/ccCJ2Je0.ltrans0.ltrans.o
 .text.ch_ltoa.14626.4331
                0x00000000080004f0       0x20 /tmp/ccCJ2Je0.ltrans0.ltrans.o
 .text.chvprintf.4323
                0x0000000008000510      0x450 /tmp/ccCJ2Je0.ltrans0.ltrans.o
 .text.chprintf.4310
                0x0000000008000960       0x30 /tmp/ccCJ2Je0.ltrans0.ltrans.o
 .text.port_lock.14689.4302
                0x0000000008000990       0x10 /tmp/ccCJ2Je0.ltrans0.ltrans.o
 .text.port_unlock.14692.4300
                0x00000000080009a0       0x10 /tmp/ccCJ2Je0.ltrans0.ltrans.o
 .text.port_lock_from_isr.14694.4298
                0x00000000080009b0       0x10 /tmp/ccCJ2Je0.ltrans0.ltrans.o
 .text.port_unlock_from_isr.14696.4296
                0x00000000080009c0       0x10 /tmp/ccCJ2Je0.ltrans0.ltrans.o
 .text.chSysLockFromISR.14958.4294
                0x00000000080009d0       0x10 /tmp/ccCJ2Je0.ltrans0.ltrans.o
 .text.chSysUnlockFromISR.14962.4292
                0x00000000080009e0       0x10 /tmp/ccCJ2Je0.ltrans0.ltrans.o
 .text.osalSysLockFromISR.14960.4290
                0x00000000080009f0       0x10 /tmp/ccCJ2Je0.ltrans0.ltrans.o
 .text.osalSysUnlockFromISR.14968.4288
                0x0000000008000a00       0x10 /tmp/ccCJ2Je0.ltrans0.ltrans.o
 .text.get_descriptor.14698.4282
                0x0000000008000a10       0x60 /tmp/ccCJ2Je0.ltrans0.ltrans.o
 .text.usb_event.14964.4278
                0x0000000008000a70       0x90 /tmp/ccCJ2Je0.ltrans0.ltrans.o
 .text.sof_handler.14970.4013
                0x0000000008000b00       0x20 /tmp/ccCJ2Je0.ltrans0.ltrans.o
 .text.main     0x0000000008000b20      0x100 /tmp/ccCJ2Je0.ltrans0.ltrans.o
                0x0000000008000b20                main
 .text.Vector14C
                0x0000000008000c20       0x20 /tmp/ccCJ2Je0.ltrans5.ltrans.o
                0x0000000008000c20                Vector14C
 .text.Vector174
                0x0000000008000c40       0x20 /tmp/ccCJ2Je0.ltrans5.ltrans.o
                0x0000000008000c40                Vector174
 .text.usb_lld_init
                0x0000000008000c60       0xf0 /tmp/ccCJ2Je0.ltrans5.ltrans.o
                0x0000000008000c60                usb_lld_init
 .text.usb_lld_start
                0x0000000008000d50      0x1e0 /tmp/ccCJ2Je0.ltrans5.ltrans.o
                0x0000000008000d50                usb_lld_start
 .text.usb_lld_reset
                0x0000000008000f30      0x130 /tmp/ccCJ2Je0.ltrans5.ltrans.o
                0x0000000008000f30                usb_lld_reset
 .text.usb_lld_set_address
                0x0000000008001060       0x30 /tmp/ccCJ2Je0.ltrans5.ltrans.o
                0x0000000008001060                usb_lld_set_address
 .text.usb_lld_init_endpoint
                0x0000000008001090      0x260 /tmp/ccCJ2Je0.ltrans5.ltrans.o
                0x0000000008001090                usb_lld_init_endpoint
 .text.usb_lld_get_status_out
                0x00000000080012f0       0x40 /tmp/ccCJ2Je0.ltrans5.ltrans.o
                0x00000000080012f0                usb_lld_get_status_out
 .text.usb_lld_get_status_in
                0x0000000008001330       0x40 /tmp/ccCJ2Je0.ltrans5.ltrans.o
                0x0000000008001330                usb_lld_get_status_in
 .text.usb_lld_read_setup
                0x0000000008001370       0x30 /tmp/ccCJ2Je0.ltrans5.ltrans.o
                0x0000000008001370                usb_lld_read_setup
 .text.usb_lld_start_out
                0x00000000080013a0      0x140 /tmp/ccCJ2Je0.ltrans5.ltrans.o
                0x00000000080013a0                usb_lld_start_out
 .text.usb_lld_start_in
                0x00000000080014e0      0x160 /tmp/ccCJ2Je0.ltrans5.ltrans.o
                0x00000000080014e0                usb_lld_start_in
 .text.usb_lld_stall_out
                0x0000000008001640       0x40 /tmp/ccCJ2Je0.ltrans5.ltrans.o
                0x0000000008001640                usb_lld_stall_out
 .text.usb_lld_stall_in
                0x0000000008001680       0x40 /tmp/ccCJ2Je0.ltrans5.ltrans.o
                0x0000000008001680                usb_lld_stall_in
 .text.usb_lld_clear_out
                0x00000000080016c0       0x40 /tmp/ccCJ2Je0.ltrans5.ltrans.o
                0x00000000080016c0                usb_lld_clear_out
 .text.usb_lld_clear_in
                0x0000000008001700       0x40 /tmp/ccCJ2Je0.ltrans5.ltrans.o
                0x0000000008001700                usb_lld_clear_in
 .text.usb_lld_pump.4242
                0x0000000008001740      0x110 /tmp/ccCJ2Je0.ltrans5.ltrans.o
 .text.__early_init
                0x0000000008001850       0x10 /tmp/ccCJ2Je0.ltrans5.ltrans.o
                0x0000000008001850                __early_init
 .text.boardInit
                0x0000000008001860       0x10 /tmp/ccCJ2Je0.ltrans5.ltrans.o
                0x0000000008001860                boardInit
 .text._usb_ep0in
                0x0000000008001870      0x110 /tmp/ccCJ2Je0.ltrans6.ltrans.o
                0x0000000008001870                _usb_ep0in
 .text._usb_ep0out
                0x0000000008001980       0xd0 /tmp/ccCJ2Je0.ltrans6.ltrans.o
                0x0000000008001980                _usb_ep0out
 .text.nvicEnableVector
                0x0000000008001a50       0x60 /tmp/ccCJ2Je0.ltrans6.ltrans.o
                0x0000000008001a50                nvicEnableVector
 .text.hal_lld_backup_domain_init.10299.4453
                0x0000000008001ab0       0x60 /tmp/ccCJ2Je0.ltrans6.ltrans.o
 .text.hal_lld_init
                0x0000000008001b10       0xb0 /tmp/ccCJ2Je0.ltrans6.ltrans.o
                0x0000000008001b10                hal_lld_init
 .text.stm32_clock_init
                0x0000000008001bc0      0x1d0 /tmp/ccCJ2Je0.ltrans6.ltrans.o
                0x0000000008001bc0                stm32_clock_init
 .text.port_lock.10354.4446
                0x0000000008001d90       0x10 /tmp/ccCJ2Je0.ltrans6.ltrans.o
 .text.port_unlock.10357.4444
                0x0000000008001da0       0x10 /tmp/ccCJ2Je0.ltrans6.ltrans.o
 .text.port_lock_from_isr.10359.4442
                0x0000000008001db0       0x10 /tmp/ccCJ2Je0.ltrans6.ltrans.o
 .text.port_unlock_from_isr.10361.4440
                0x0000000008001dc0       0x10 /tmp/ccCJ2Je0.ltrans6.ltrans.o
 .text.chSysLockFromISR.10363.4438
                0x0000000008001dd0       0x10 /tmp/ccCJ2Je0.ltrans6.ltrans.o
 .text.chSysUnlockFromISR.10369.4436
                0x0000000008001de0       0x10 /tmp/ccCJ2Je0.ltrans6.ltrans.o
 .text.osalSysLockFromISR.10365.4434
                0x0000000008001df0       0x10 /tmp/ccCJ2Je0.ltrans6.ltrans.o
 .text.osalSysUnlockFromISR.10371.4432
                0x0000000008001e00       0x10 /tmp/ccCJ2Je0.ltrans6.ltrans.o
 .text.osalOsTimerHandlerI.10367.4430
                0x0000000008001e10       0x10 /tmp/ccCJ2Je0.ltrans6.ltrans.o
 .text.VectorB0
                0x0000000008001e20       0x40 /tmp/ccCJ2Je0.ltrans6.ltrans.o
                0x0000000008001e20                VectorB0
 .text.st_lld_init
                0x0000000008001e60       0x80 /tmp/ccCJ2Je0.ltrans6.ltrans.o
                0x0000000008001e60                st_lld_init
 .text.initgpio.10453.4420
                0x0000000008001ee0       0x50 /tmp/ccCJ2Je0.ltrans6.ltrans.o
 .text._pal_lld_init
                0x0000000008001f30       0xf0 /tmp/ccCJ2Je0.ltrans6.ltrans.o
                0x0000000008001f30                _pal_lld_init
 .text.port_lock.10545.4365
                0x0000000008002020       0x10 /tmp/ccCJ2Je0.ltrans6.ltrans.o
 .text.port_unlock.10548.4363
                0x0000000008002030       0x10 /tmp/ccCJ2Je0.ltrans6.ltrans.o
 .text.port_lock_from_isr.10550.4361
                0x0000000008002040       0x10 /tmp/ccCJ2Je0.ltrans6.ltrans.o
 .text.port_unlock_from_isr.10552.4359
                0x0000000008002050       0x10 /tmp/ccCJ2Je0.ltrans6.ltrans.o
 .text.chSysLock.10668.4357
                0x0000000008002060       0x10 /tmp/ccCJ2Je0.ltrans6.ltrans.o
 .text.chSysUnlock.10664.4355
                0x0000000008002070       0x50 /tmp/ccCJ2Je0.ltrans6.ltrans.o
 .text.chSysLockFromISR.10564.4353
                0x00000000080020c0       0x10 /tmp/ccCJ2Je0.ltrans6.ltrans.o
 .text.chSysUnlockFromISR.10654.4351
                0x00000000080020d0       0x10 /tmp/ccCJ2Je0.ltrans6.ltrans.o
 .text.chThdStartI.10658
                0x00000000080020e0       0x30 /tmp/ccCJ2Je0.ltrans6.ltrans.o
                0x00000000080020e0                chThdStartI.10658
 .text.chRegSetThreadName.10554
                0x0000000008002110       0x20 /tmp/ccCJ2Je0.ltrans6.ltrans.o
                0x0000000008002110                chRegSetThreadName.10554
 .text.osalSysLock.10670
                0x0000000008002130       0x10 /tmp/ccCJ2Je0.ltrans6.ltrans.o
                0x0000000008002130                osalSysLock.10670
 .text.osalSysUnlock.10666
                0x0000000008002140       0x10 /tmp/ccCJ2Je0.ltrans6.ltrans.o
                0x0000000008002140                osalSysUnlock.10666
 .text.osalSysLockFromISR.10566.4339
                0x0000000008002150       0x10 /tmp/ccCJ2Je0.ltrans6.ltrans.o
 .text.osalSysUnlockFromISR.10656.4337
                0x0000000008002160       0x10 /tmp/ccCJ2Je0.ltrans6.ltrans.o
 .text.osalSysPolledDelayX.10558.4334
                0x0000000008002170       0x20 /tmp/ccCJ2Je0.ltrans6.ltrans.o
 .text.osalThreadSuspendS.10661
                0x0000000008002190       0x20 /tmp/ccCJ2Je0.ltrans6.ltrans.o
                0x0000000008002190                osalThreadSuspendS.10661
 .text.osalThreadResumeI.10568.4327
                0x00000000080021b0       0x20 /tmp/ccCJ2Je0.ltrans6.ltrans.o
 .text.otg_core_reset.10672
                0x00000000080021d0       0x40 /tmp/ccCJ2Je0.ltrans6.ltrans.o
                0x00000000080021d0                otg_core_reset.10672
 .text.otg_disable_ep.10843
                0x0000000008002210       0x90 /tmp/ccCJ2Je0.ltrans6.ltrans.o
                0x0000000008002210                otg_disable_ep.10843
 .text.otg_rxfifo_flush.10846
                0x00000000080022a0       0x30 /tmp/ccCJ2Je0.ltrans6.ltrans.o
                0x00000000080022a0                otg_rxfifo_flush.10846
 .text.otg_txfifo_flush.10849
                0x00000000080022d0       0x40 /tmp/ccCJ2Je0.ltrans6.ltrans.o
                0x00000000080022d0                otg_txfifo_flush.10849
 .text.otg_ram_reset.10853
                0x0000000008002310       0x20 /tmp/ccCJ2Je0.ltrans6.ltrans.o
                0x0000000008002310                otg_ram_reset.10853
 .text.otg_ram_alloc.10856
                0x0000000008002330       0x40 /tmp/ccCJ2Je0.ltrans6.ltrans.o
                0x0000000008002330                otg_ram_alloc.10856
 .text.otg_fifo_write_from_buffer.10860.4302
                0x0000000008002370       0x40 /tmp/ccCJ2Je0.ltrans6.ltrans.o
 .text.otg_fifo_read_to_buffer.10865.4296
                0x00000000080023b0       0x50 /tmp/ccCJ2Je0.ltrans6.ltrans.o
 .text.otg_rxfifo_handler.10871
                0x0000000008002400      0x110 /tmp/ccCJ2Je0.ltrans6.ltrans.o
                0x0000000008002400                otg_rxfifo_handler.10871
 .text.otg_txfifo_handler.10874
                0x0000000008002510      0x130 /tmp/ccCJ2Je0.ltrans6.ltrans.o
                0x0000000008002510                otg_txfifo_handler.10874
 .text.otg_epin_handler.10935.4285
                0x0000000008002640      0x150 /tmp/ccCJ2Je0.ltrans6.ltrans.o
 .text.otg_epout_handler.10927.4281
                0x0000000008002790      0x140 /tmp/ccCJ2Je0.ltrans6.ltrans.o
 .text.otg_isoc_in_failed_handler.10881.4278
                0x00000000080028d0      0x130 /tmp/ccCJ2Je0.ltrans6.ltrans.o
 .text.otg_isoc_out_failed_handler.10884.4275
                0x0000000008002a00       0xb0 /tmp/ccCJ2Je0.ltrans6.ltrans.o
 .text.usb_lld_serve_interrupt.10939
                0x0000000008002ab0      0x230 /tmp/ccCJ2Je0.ltrans6.ltrans.o
                0x0000000008002ab0                usb_lld_serve_interrupt.10939
 .text.chSysLock.9374.4525
                0x0000000008002ce0       0x10 /tmp/ccCJ2Je0.ltrans7.ltrans.o
 .text.chSysUnlock.9378.4523
                0x0000000008002cf0       0x50 /tmp/ccCJ2Je0.ltrans7.ltrans.o
 .text.chSysLockFromISR.9388.4521
                0x0000000008002d40       0x10 /tmp/ccCJ2Je0.ltrans7.ltrans.o
 .text.chSysUnlockFromISR.9392.4519
                0x0000000008002d50       0x10 /tmp/ccCJ2Je0.ltrans7.ltrans.o
 .text.chEvtObjectInit.9210.4516
                0x0000000008002d60       0x10 /tmp/ccCJ2Je0.ltrans7.ltrans.o
 .text.osalSysLock.9376.4514
                0x0000000008002d70       0x10 /tmp/ccCJ2Je0.ltrans7.ltrans.o
 .text.osalSysUnlock.9380.4512
                0x0000000008002d80       0x10 /tmp/ccCJ2Je0.ltrans7.ltrans.o
 .text.osalSysLockFromISR.9390.4510
                0x0000000008002d90       0x10 /tmp/ccCJ2Je0.ltrans7.ltrans.o
 .text.osalSysUnlockFromISR.9394.4508
                0x0000000008002da0       0x10 /tmp/ccCJ2Je0.ltrans7.ltrans.o
 .text.osalEventObjectInit.9310.4503
                0x0000000008002db0       0x20 /tmp/ccCJ2Je0.ltrans7.ltrans.o
 .text.osalEventBroadcastFlagsI.9384.4499
                0x0000000008002dd0       0x20 /tmp/ccCJ2Je0.ltrans7.ltrans.o
 .text.write.9313
                0x0000000008002df0       0x40 /tmp/ccCJ2Je0.ltrans7.ltrans.o
                0x0000000008002df0                write.9313
 .text.read.9326
                0x0000000008002e30       0x40 /tmp/ccCJ2Je0.ltrans7.ltrans.o
                0x0000000008002e30                read.9326
 .text.put.9337
                0x0000000008002e70       0x40 /tmp/ccCJ2Je0.ltrans7.ltrans.o
                0x0000000008002e70                put.9337
 .text.get.9346
                0x0000000008002eb0       0x40 /tmp/ccCJ2Je0.ltrans7.ltrans.o
                0x0000000008002eb0                get.9346
 .text.putt.9341
                0x0000000008002ef0       0x40 /tmp/ccCJ2Je0.ltrans7.ltrans.o
                0x0000000008002ef0                putt.9341
 .text.gett.9349
                0x0000000008002f30       0x40 /tmp/ccCJ2Je0.ltrans7.ltrans.o
                0x0000000008002f30                gett.9349
 .text.writet.9319
                0x0000000008002f70       0x40 /tmp/ccCJ2Je0.ltrans7.ltrans.o
                0x0000000008002f70                writet.9319
 .text.readt.9331
                0x0000000008002fb0       0x40 /tmp/ccCJ2Je0.ltrans7.ltrans.o
                0x0000000008002fb0                readt.9331
 .text.ibnotify.9353.4453
                0x0000000008002ff0       0x80 /tmp/ccCJ2Je0.ltrans7.ltrans.o
 .text.obnotify.9371.4456
                0x0000000008003070       0x90 /tmp/ccCJ2Je0.ltrans7.ltrans.o
 .text.sduInit  0x0000000008003100       0x10 /tmp/ccCJ2Je0.ltrans7.ltrans.o
                0x0000000008003100                sduInit
 .text.sduObjectInit
                0x0000000008003110       0x80 /tmp/ccCJ2Je0.ltrans7.ltrans.o
                0x0000000008003110                sduObjectInit
 .text.sduStart
                0x0000000008003190       0xa0 /tmp/ccCJ2Je0.ltrans7.ltrans.o
                0x0000000008003190                sduStart
 .text.sduDisconnectI
                0x0000000008003230       0x30 /tmp/ccCJ2Je0.ltrans7.ltrans.o
                0x0000000008003230                sduDisconnectI
 .text.sduConfigureHookI
                0x0000000008003260       0x70 /tmp/ccCJ2Je0.ltrans7.ltrans.o
                0x0000000008003260                sduConfigureHookI
 .text.sduRequestsHook
                0x00000000080032d0       0x80 /tmp/ccCJ2Je0.ltrans7.ltrans.o
                0x00000000080032d0                sduRequestsHook
 .text.sduSOFHookI
                0x0000000008003350       0xa0 /tmp/ccCJ2Je0.ltrans7.ltrans.o
                0x0000000008003350                sduSOFHookI
 .text.sduDataTransmitted
                0x00000000080033f0       0xe0 /tmp/ccCJ2Je0.ltrans7.ltrans.o
                0x00000000080033f0                sduDataTransmitted
 .text.sduDataReceived
                0x00000000080034d0       0xa0 /tmp/ccCJ2Je0.ltrans7.ltrans.o
                0x00000000080034d0                sduDataReceived
 .text.sduInterruptTransmitted
                0x0000000008003570       0x10 /tmp/ccCJ2Je0.ltrans7.ltrans.o
                0x0000000008003570                sduInterruptTransmitted
 .text.port_lock.9746.4358
                0x0000000008003580       0x10 /tmp/ccCJ2Je0.ltrans7.ltrans.o
 .text.port_unlock.9749.4356
                0x0000000008003590       0x10 /tmp/ccCJ2Je0.ltrans7.ltrans.o
 .text.port_lock_from_isr.9751.4354
                0x00000000080035a0       0x10 /tmp/ccCJ2Je0.ltrans7.ltrans.o
 .text.port_unlock_from_isr.9753.4352
                0x00000000080035b0       0x10 /tmp/ccCJ2Je0.ltrans7.ltrans.o
 .text.chSysLock.9755.4350
                0x00000000080035c0       0x10 /tmp/ccCJ2Je0.ltrans7.ltrans.o
 .text.chSysUnlock.9759.4348
                0x00000000080035d0       0x50 /tmp/ccCJ2Je0.ltrans7.ltrans.o
 .text.chSysLockFromISR.9765.4346
                0x0000000008003620       0x10 /tmp/ccCJ2Je0.ltrans7.ltrans.o
 .text.chSysUnlockFromISR.9769.4344
                0x0000000008003630       0x10 /tmp/ccCJ2Je0.ltrans7.ltrans.o
 .text.osalSysLock.9757.4342
                0x0000000008003640       0x10 /tmp/ccCJ2Je0.ltrans7.ltrans.o
 .text.osalSysUnlock.9761.4340
                0x0000000008003650       0x10 /tmp/ccCJ2Je0.ltrans7.ltrans.o
 .text.osalSysLockFromISR.9767
                0x0000000008003660       0x10 /tmp/ccCJ2Je0.ltrans7.ltrans.o
                0x0000000008003660                osalSysLockFromISR.9767
 .text.osalSysUnlockFromISR.9771
                0x0000000008003670       0x10 /tmp/ccCJ2Je0.ltrans7.ltrans.o
                0x0000000008003670                osalSysUnlockFromISR.9771
 .text.get_hword.9773
                0x0000000008003680       0x30 /tmp/ccCJ2Je0.ltrans7.ltrans.o
                0x0000000008003680                get_hword.9773
 .text.set_address.9780.4328
                0x00000000080036b0       0x40 /tmp/ccCJ2Je0.ltrans7.ltrans.o
 .text.default_handler.10033.4325
                0x00000000080036f0      0x3b0 /tmp/ccCJ2Je0.ltrans7.ltrans.o
 .text.usbInit  0x0000000008003aa0       0x10 /tmp/ccCJ2Je0.ltrans7.ltrans.o
                0x0000000008003aa0                usbInit
 .text.usbObjectInit
                0x0000000008003ab0       0x50 /tmp/ccCJ2Je0.ltrans7.ltrans.o
                0x0000000008003ab0                usbObjectInit
 .text.usbStart
                0x0000000008003b00       0x80 /tmp/ccCJ2Je0.ltrans7.ltrans.o
                0x0000000008003b00                usbStart
 .text.usbInitEndpointI
                0x0000000008003b80       0xb0 /tmp/ccCJ2Je0.ltrans7.ltrans.o
                0x0000000008003b80                usbInitEndpointI
 .text.usbStartReceiveI
                0x0000000008003c30       0xa0 /tmp/ccCJ2Je0.ltrans7.ltrans.o
                0x0000000008003c30                usbStartReceiveI
 .text.usbStartTransmitI
                0x0000000008003cd0       0xa0 /tmp/ccCJ2Je0.ltrans7.ltrans.o
                0x0000000008003cd0                usbStartTransmitI
 .text._usb_reset
                0x0000000008003d70       0x80 /tmp/ccCJ2Je0.ltrans7.ltrans.o
                0x0000000008003d70                _usb_reset
 .text._usb_suspend
                0x0000000008003df0       0x30 /tmp/ccCJ2Je0.ltrans7.ltrans.o
                0x0000000008003df0                _usb_suspend
 .text._usb_wakeup
                0x0000000008003e20       0x30 /tmp/ccCJ2Je0.ltrans7.ltrans.o
                0x0000000008003e20                _usb_wakeup
 .text._usb_ep0setup
                0x0000000008003e50      0x160 /tmp/ccCJ2Je0.ltrans7.ltrans.o
                0x0000000008003e50                _usb_ep0setup
 .text.chSysLock.8114.4446
                0x0000000008003fb0       0x10 /tmp/ccCJ2Je0.ltrans8.ltrans.o
 .text.chSysUnlock.8116.4444
                0x0000000008003fc0       0x50 /tmp/ccCJ2Je0.ltrans8.ltrans.o
 .text._core_init
                0x0000000008004010       0x40 /tmp/ccCJ2Je0.ltrans8.ltrans.o
                0x0000000008004010                _core_init
 .text.chCoreAlloc.4433
                0x0000000008004050       0x20 /tmp/ccCJ2Je0.ltrans8.ltrans.o
 .text.chCoreAllocI.4439
                0x0000000008004070       0x70 /tmp/ccCJ2Je0.ltrans8.ltrans.o
 .text._heap_init
                0x00000000080040e0       0x40 /tmp/ccCJ2Je0.ltrans8.ltrans.o
                0x00000000080040e0                _heap_init
 .text.port_lock.8630.4352
                0x0000000008004120       0x10 /tmp/ccCJ2Je0.ltrans8.ltrans.o
 .text.port_unlock.8633.4350
                0x0000000008004130       0x10 /tmp/ccCJ2Je0.ltrans8.ltrans.o
 .text.port_lock_from_isr.8635.4348
                0x0000000008004140       0x10 /tmp/ccCJ2Je0.ltrans8.ltrans.o
 .text.port_unlock_from_isr.8637.4346
                0x0000000008004150       0x10 /tmp/ccCJ2Je0.ltrans8.ltrans.o
 .text.SVC_Handler
                0x0000000008004160       0x30 /tmp/ccCJ2Je0.ltrans8.ltrans.o
                0x0000000008004160                SVC_Handler
 .text._port_irq_epilogue
                0x0000000008004190       0x70 /tmp/ccCJ2Je0.ltrans8.ltrans.o
                0x0000000008004190                _port_irq_epilogue
 .text.osalInit.8696.4337
                0x0000000008004200       0x10 /tmp/ccCJ2Je0.ltrans8.ltrans.o
 .text.halInit  0x0000000008004210       0x30 /tmp/ccCJ2Je0.ltrans8.ltrans.o
                0x0000000008004210                halInit
 .text.st_lld_start_alarm.8730.4331
                0x0000000008004240       0x20 /tmp/ccCJ2Je0.ltrans8.ltrans.o
 .text.st_lld_stop_alarm.8737.4329
                0x0000000008004260       0x10 /tmp/ccCJ2Je0.ltrans8.ltrans.o
 .text.st_lld_set_alarm.8739.4326
                0x0000000008004270       0x10 /tmp/ccCJ2Je0.ltrans8.ltrans.o
 .text.st_lld_is_alarm_active.8744.4322
                0x0000000008004280       0x20 /tmp/ccCJ2Je0.ltrans8.ltrans.o
 .text.stInit.4320
                0x00000000080042a0       0x10 /tmp/ccCJ2Je0.ltrans8.ltrans.o
 .text.stStartAlarm
                0x00000000080042b0       0x30 /tmp/ccCJ2Je0.ltrans8.ltrans.o
                0x00000000080042b0                stStartAlarm
 .text.stStopAlarm
                0x00000000080042e0       0x10 /tmp/ccCJ2Je0.ltrans8.ltrans.o
                0x00000000080042e0                stStopAlarm
 .text.stSetAlarm
                0x00000000080042f0       0x30 /tmp/ccCJ2Je0.ltrans8.ltrans.o
                0x00000000080042f0                stSetAlarm
 .text.port_lock.8790.4307
                0x0000000008004320       0x10 /tmp/ccCJ2Je0.ltrans8.ltrans.o
 .text.port_unlock.8793.4305
                0x0000000008004330       0x10 /tmp/ccCJ2Je0.ltrans8.ltrans.o
 .text.st_lld_get_counter.8795.4303
                0x0000000008004340       0x10 /tmp/ccCJ2Je0.ltrans8.ltrans.o
 .text.port_timer_get_time.8800.4301
                0x0000000008004350       0x10 /tmp/ccCJ2Je0.ltrans8.ltrans.o
 .text.queue_init.8802.4298
                0x0000000008004360       0x20 /tmp/ccCJ2Je0.ltrans8.ltrans.o
 .text.chSysLock.8907.4296
                0x0000000008004380       0x10 /tmp/ccCJ2Je0.ltrans8.ltrans.o
 .text.chSysUnlock.8911.4294
                0x0000000008004390       0x50 /tmp/ccCJ2Je0.ltrans8.ltrans.o
 .text.chVTGetSystemTimeX.8889.4292
                0x00000000080043e0       0x10 /tmp/ccCJ2Je0.ltrans8.ltrans.o
 .text.chThdQueueObjectInit.8891.4289
                0x00000000080043f0       0x20 /tmp/ccCJ2Je0.ltrans8.ltrans.o
 .text.osalSysLock.8909.4287
                0x0000000008004410       0x10 /tmp/ccCJ2Je0.ltrans8.ltrans.o
 .text.osalSysUnlock.8913.4285
                0x0000000008004420       0x10 /tmp/ccCJ2Je0.ltrans8.ltrans.o
 .text.osalOsGetSystemTimeX.8894.4283
                0x0000000008004430       0x10 /tmp/ccCJ2Je0.ltrans8.ltrans.o
 .text.osalThreadQueueObjectInit.8896.4280
                0x0000000008004440       0x20 /tmp/ccCJ2Je0.ltrans8.ltrans.o
 .text.osalThreadEnqueueTimeoutS.8915.4276
                0x0000000008004460       0x20 /tmp/ccCJ2Je0.ltrans8.ltrans.o
 .text.osalThreadDequeueNextI.8903.4272
                0x0000000008004480       0x20 /tmp/ccCJ2Je0.ltrans8.ltrans.o
 .text.osalThreadDequeueAllI.8899.4268
                0x00000000080044a0       0x20 /tmp/ccCJ2Je0.ltrans8.ltrans.o
 .text.ibqObjectInit
                0x00000000080044c0       0x90 /tmp/ccCJ2Je0.ltrans8.ltrans.o
                0x00000000080044c0                ibqObjectInit
 .text.ibqResetI
                0x0000000008004550       0x40 /tmp/ccCJ2Je0.ltrans8.ltrans.o
                0x0000000008004550                ibqResetI
 .text.ibqGetEmptyBufferI
                0x0000000008004590       0x40 /tmp/ccCJ2Je0.ltrans8.ltrans.o
                0x0000000008004590                ibqGetEmptyBufferI
 .text.ibqPostFullBufferI
                0x00000000080045d0       0xa0 /tmp/ccCJ2Je0.ltrans8.ltrans.o
                0x00000000080045d0                ibqPostFullBufferI
 .text.ibqGetFullBufferTimeoutS.4242
                0x0000000008004670       0x70 /tmp/ccCJ2Je0.ltrans8.ltrans.o
 .text.ibqReleaseEmptyBufferS.4236
                0x00000000080046e0       0x70 /tmp/ccCJ2Je0.ltrans8.ltrans.o
 .text.ibqGetTimeout
                0x0000000008004750       0x60 /tmp/ccCJ2Je0.ltrans8.ltrans.o
                0x0000000008004750                ibqGetTimeout
 .text.ibqReadTimeout
                0x00000000080047b0      0x120 /tmp/ccCJ2Je0.ltrans8.ltrans.o
                0x00000000080047b0                ibqReadTimeout
 .text.obqObjectInit
                0x00000000080048d0       0x90 /tmp/ccCJ2Je0.ltrans8.ltrans.o
                0x00000000080048d0                obqObjectInit
 .text.obqResetI
                0x0000000008004960       0x40 /tmp/ccCJ2Je0.ltrans8.ltrans.o
                0x0000000008004960                obqResetI
 .text.obqGetFullBufferI
                0x00000000080049a0       0x50 /tmp/ccCJ2Je0.ltrans8.ltrans.o
                0x00000000080049a0                obqGetFullBufferI
 .text.obqReleaseEmptyBufferI
                0x00000000080049f0       0x80 /tmp/ccCJ2Je0.ltrans8.ltrans.o
                0x00000000080049f0                obqReleaseEmptyBufferI
 .text.obqGetEmptyBufferTimeoutS.4199
                0x0000000008004a70       0x70 /tmp/ccCJ2Je0.ltrans8.ltrans.o
 .text.obqPostFullBufferS.4191
                0x0000000008004ae0       0x90 /tmp/ccCJ2Je0.ltrans8.ltrans.o
 .text.obqPutTimeout
                0x0000000008004b70       0x70 /tmp/ccCJ2Je0.ltrans8.ltrans.o
                0x0000000008004b70                obqPutTimeout
 .text.obqWriteTimeout
                0x0000000008004be0      0x130 /tmp/ccCJ2Je0.ltrans8.ltrans.o
                0x0000000008004be0                obqWriteTimeout
 .text.obqTryFlushI
                0x0000000008004d10       0xa0 /tmp/ccCJ2Je0.ltrans8.ltrans.o
                0x0000000008004d10                obqTryFlushI
 .text.port_lock.9201
                0x0000000008004db0       0x10 /tmp/ccCJ2Je0.ltrans8.ltrans.o
                0x0000000008004db0                port_lock.9201
 .text.port_unlock.9204
                0x0000000008004dc0       0x10 /tmp/ccCJ2Je0.ltrans8.ltrans.o
                0x0000000008004dc0                port_unlock.9204
 .text.port_lock_from_isr.9206
                0x0000000008004dd0       0x10 /tmp/ccCJ2Je0.ltrans8.ltrans.o
                0x0000000008004dd0                port_lock_from_isr.9206
 .text.port_unlock_from_isr.9208
                0x0000000008004de0       0x10 /tmp/ccCJ2Je0.ltrans8.ltrans.o
                0x0000000008004de0                port_unlock_from_isr.9208
 .text.chEvtBroadcastFlagsI
                0x0000000008004df0       0x70 /tmp/ccCJ2Je0.ltrans9.ltrans.o
                0x0000000008004df0                chEvtBroadcastFlagsI
 .text.chEvtSignalI.4355
                0x0000000008004e60       0x70 /tmp/ccCJ2Je0.ltrans9.ltrans.o
 .text.port_lock.8109
                0x0000000008004ed0       0x10 /tmp/ccCJ2Je0.ltrans9.ltrans.o
                0x0000000008004ed0                port_lock.8109
 .text.port_unlock.8112
                0x0000000008004ee0       0x10 /tmp/ccCJ2Je0.ltrans9.ltrans.o
                0x0000000008004ee0                port_unlock.8112
 .text.queue_init.6678.4214
                0x0000000008004ef0       0x20 /tmp/ccCJ2Je0.ltrans10.ltrans.o
 .text.chMtxObjectInit
                0x0000000008004f10       0x30 /tmp/ccCJ2Je0.ltrans10.ltrans.o
                0x0000000008004f10                chMtxObjectInit
 .text.__core_init
                0x0000000008004f40       0x10 /tmp/ccCJ2Je0.ltrans11.ltrans.o
                0x0000000008004f40                __core_init
 .text.__late_init
                0x0000000008004f50       0x10 /tmp/ccCJ2Je0.ltrans11.ltrans.o
                0x0000000008004f50                __late_init
 .text.__default_exit
                0x0000000008004f60       0x10 /tmp/ccCJ2Je0.ltrans11.ltrans.o
                0x0000000008004f60                __default_exit
 .text.__init_ram_areas
                0x0000000008004f70       0x70 /tmp/ccCJ2Je0.ltrans11.ltrans.o
                0x0000000008004f70                __init_ram_areas
 .text._unhandled_exception.4536
                0x0000000008004fe0       0x10 /tmp/ccCJ2Je0.ltrans11.ltrans.o
                0x0000000008004fe0                Vector58
                0x0000000008004fe0                VectorE8
                0x0000000008004fe0                Vector9C
                0x0000000008004fe0                VectorAC
                0x0000000008004fe0                DebugMon_Handler
                0x0000000008004fe0                Vector1A0
                0x0000000008004fe0                Vector5C
                0x0000000008004fe0                Vector11C
                0x0000000008004fe0                HardFault_Handler
                0x0000000008004fe0                Vector1B8
                0x0000000008004fe0                Vector19C
                0x0000000008004fe0                Vector8C
                0x0000000008004fe0                SysTick_Handler
                0x0000000008004fe0                VectorDC
                0x0000000008004fe0                PendSV_Handler
                0x0000000008004fe0                Vector168
                0x0000000008004fe0                NMI_Handler
                0x0000000008004fe0                Vector110
                0x0000000008004fe0                Vector120
                0x0000000008004fe0                VectorC8
                0x0000000008004fe0                Vector94
                0x0000000008004fe0                VectorA8
                0x0000000008004fe0                VectorB4
                0x0000000008004fe0                Vector74
                0x0000000008004fe0                Vector160
                0x0000000008004fe0                Vector1B0
                0x0000000008004fe0                UsageFault_Handler
                0x0000000008004fe0                VectorEC
                0x0000000008004fe0                Vector40
                0x0000000008004fe0                VectorF8
                0x0000000008004fe0                Vector108
                0x0000000008004fe0                VectorBC
                0x0000000008004fe0                Vector190
                0x0000000008004fe0                Vector150
                0x0000000008004fe0                Vector124
                0x0000000008004fe0                Vector148
                0x0000000008004fe0                Vector188
                0x0000000008004fe0                Vector198
                0x0000000008004fe0                Vector118
                0x0000000008004fe0                Vector64
                0x0000000008004fe0                VectorCC
                0x0000000008004fe0                Vector54
                0x0000000008004fe0                Vector98
                0x0000000008004fe0                VectorD8
                0x0000000008004fe0                Vector138
                0x0000000008004fe0                Vector24
                0x0000000008004fe0                Vector1AC
                0x0000000008004fe0                Vector178
                0x0000000008004fe0                Vector84
                0x0000000008004fe0                Vector1A4
                0x0000000008004fe0                VectorD0
                0x0000000008004fe0                Vector1B4
                0x0000000008004fe0                Vector140
                0x0000000008004fe0                VectorE4
                0x0000000008004fe0                VectorC0
                0x0000000008004fe0                Vector158
                0x0000000008004fe0                Vector130
                0x0000000008004fe0                Vector134
                0x0000000008004fe0                VectorF0
                0x0000000008004fe0                Vector12C
                0x0000000008004fe0                Vector13C
                0x0000000008004fe0                Vector100
                0x0000000008004fe0                VectorE0
                0x0000000008004fe0                VectorF4
                0x0000000008004fe0                MemManage_Handler
                0x0000000008004fe0                Vector6C
                0x0000000008004fe0                VectorA0
                0x0000000008004fe0                VectorC4
                0x0000000008004fe0                Vector7C
                0x0000000008004fe0                Vector180
                0x0000000008004fe0                Vector90
                0x0000000008004fe0                Vector114
                0x0000000008004fe0                Vector164
                0x0000000008004fe0                Vector60
                0x0000000008004fe0                Vector1C
                0x0000000008004fe0                Vector1BC
                0x0000000008004fe0                Vector17C
                0x0000000008004fe0                Vector48
                0x0000000008004fe0                Vector1A8
                0x0000000008004fe0                Vector16C
                0x0000000008004fe0                Vector70
                0x0000000008004fe0                VectorD4
                0x0000000008004fe0                Vector4C
                0x0000000008004fe0                Vector144
                0x0000000008004fe0                Vector80
                0x0000000008004fe0                Vector15C
                0x0000000008004fe0                Vector68
                0x0000000008004fe0                Vector78
                0x0000000008004fe0                Vector170
                0x0000000008004fe0                Vector88
                0x0000000008004fe0                Vector104
                0x0000000008004fe0                Vector184
                0x0000000008004fe0                Vector10C
                0x0000000008004fe0                BusFault_Handler
                0x0000000008004fe0                Vector50
                0x0000000008004fe0                Vector194
                0x0000000008004fe0                Vector154
                0x0000000008004fe0                Vector44
                0x0000000008004fe0                Vector28
                0x0000000008004fe0                VectorB8
                0x0000000008004fe0                VectorFC
                0x0000000008004fe0                Vector34
                0x0000000008004fe0                Vector128
                0x0000000008004fe0                VectorA4
                0x0000000008004fe0                Vector20
                0x0000000008004fe0                Vector18C
 .text.NVIC_SetPriorityGrouping.4201.4533
                0x0000000008004ff0       0x50 /tmp/ccCJ2Je0.ltrans11.ltrans.o
 .text.NVIC_SetPriority.4207.4527
                0x0000000008005040       0x50 /tmp/ccCJ2Je0.ltrans11.ltrans.o
 .text.port_init.4213.4525
                0x0000000008005090       0x60 /tmp/ccCJ2Je0.ltrans11.ltrans.o
 .text.port_lock.4224.4516
                0x00000000080050f0       0x10 /tmp/ccCJ2Je0.ltrans11.ltrans.o
 .text.port_unlock.4226.4514
                0x0000000008005100       0x10 /tmp/ccCJ2Je0.ltrans11.ltrans.o
 .text.port_lock_from_isr.4228.4512
                0x0000000008005110       0x10 /tmp/ccCJ2Je0.ltrans11.ltrans.o
 .text.port_unlock_from_isr.4230.4510
                0x0000000008005120       0x10 /tmp/ccCJ2Je0.ltrans11.ltrans.o
 .text.port_disable.4232.4508
                0x0000000008005130       0x10 /tmp/ccCJ2Je0.ltrans11.ltrans.o
 .text.port_enable.4234.4506
                0x0000000008005140       0x20 /tmp/ccCJ2Je0.ltrans11.ltrans.o
 .text.port_wait_for_interrupt.4236.4504
                0x0000000008005160       0x10 /tmp/ccCJ2Je0.ltrans11.ltrans.o
 .text.port_rt_get_counter_value.4238.4502
                0x0000000008005170       0x10 /tmp/ccCJ2Je0.ltrans11.ltrans.o
 .text.st_lld_get_counter.4241.4500
                0x0000000008005180       0x10 /tmp/ccCJ2Je0.ltrans11.ltrans.o
 .text.port_timer_stop_alarm.4343.4498
                0x0000000008005190       0x10 /tmp/ccCJ2Je0.ltrans11.ltrans.o
 .text.port_timer_set_alarm.4349.4495
                0x00000000080051a0       0x20 /tmp/ccCJ2Je0.ltrans11.ltrans.o
 .text.port_timer_get_time.4244.4493
                0x00000000080051c0       0x10 /tmp/ccCJ2Je0.ltrans11.ltrans.o
 .text.chSysEnable.4341.4491
                0x00000000080051d0       0x10 /tmp/ccCJ2Je0.ltrans11.ltrans.o
 .text.chSysLockFromISR.4347.4485
                0x00000000080051e0       0x10 /tmp/ccCJ2Je0.ltrans11.ltrans.o
 .text.chSysUnlockFromISR.4345.4483
                0x00000000080051f0       0x10 /tmp/ccCJ2Je0.ltrans11.ltrans.o
 .text.chVTGetSystemTimeX.4246.4481
                0x0000000008005200       0x10 /tmp/ccCJ2Je0.ltrans11.ltrans.o
 .text.chVTDoTickI.4359.4479
                0x0000000008005210      0x120 /tmp/ccCJ2Je0.ltrans11.ltrans.o
 .text.chRegSetThreadName.4248.4476
                0x0000000008005330       0x20 /tmp/ccCJ2Je0.ltrans11.ltrans.o
 .text.chRegSetThreadNameX.4252.4472
                0x0000000008005350       0x10 /tmp/ccCJ2Je0.ltrans11.ltrans.o
 .text._idle_thread.4338.4469
                0x0000000008005360       0x10 /tmp/ccCJ2Je0.ltrans11.ltrans.o
 .text.chSysInit
                0x0000000008005370       0xc0 /tmp/ccCJ2Je0.ltrans11.ltrans.o
                0x0000000008005370                chSysInit
 .text.chSysHalt
                0x0000000008005430       0x20 /tmp/ccCJ2Je0.ltrans11.ltrans.o
                0x0000000008005430                chSysHalt
 .text.chSysTimerHandlerI
                0x0000000008005450       0x10 /tmp/ccCJ2Je0.ltrans11.ltrans.o
                0x0000000008005450                chSysTimerHandlerI
 .text.chSysIsCounterWithinX.4448
                0x0000000008005460       0x30 /tmp/ccCJ2Je0.ltrans11.ltrans.o
 .text.chSysPolledDelayX
                0x0000000008005490       0x30 /tmp/ccCJ2Je0.ltrans11.ltrans.o
                0x0000000008005490                chSysPolledDelayX
 .text.port_lock.4605.4443
                0x00000000080054c0       0x10 /tmp/ccCJ2Je0.ltrans11.ltrans.o
 .text.port_unlock.4608.4441
                0x00000000080054d0       0x10 /tmp/ccCJ2Je0.ltrans11.ltrans.o
 .text.port_lock_from_isr.4610.4439
                0x00000000080054e0       0x10 /tmp/ccCJ2Je0.ltrans11.ltrans.o
 .text.port_unlock_from_isr.4612.4437
                0x00000000080054f0       0x10 /tmp/ccCJ2Je0.ltrans11.ltrans.o
 .text.st_lld_get_counter.4614.4435
                0x0000000008005500       0x10 /tmp/ccCJ2Je0.ltrans11.ltrans.o
 .text.port_timer_get_time.4619.4433
                0x0000000008005510       0x10 /tmp/ccCJ2Je0.ltrans11.ltrans.o
 .text.chVTGetSystemTimeX.4621.4431
                0x0000000008005520       0x10 /tmp/ccCJ2Je0.ltrans11.ltrans.o
 .text._dbg_check_enable
                0x0000000008005530       0x30 /tmp/ccCJ2Je0.ltrans11.ltrans.o
                0x0000000008005530                _dbg_check_enable
 .text._dbg_check_lock
                0x0000000008005560       0x40 /tmp/ccCJ2Je0.ltrans11.ltrans.o
                0x0000000008005560                _dbg_check_lock
 .text._dbg_check_unlock
                0x00000000080055a0       0x40 /tmp/ccCJ2Je0.ltrans11.ltrans.o
                0x00000000080055a0                _dbg_check_unlock
 .text._dbg_check_lock_from_isr
                0x00000000080055e0       0x40 /tmp/ccCJ2Je0.ltrans11.ltrans.o
                0x00000000080055e0                _dbg_check_lock_from_isr
 .text._dbg_check_unlock_from_isr
                0x0000000008005620       0x40 /tmp/ccCJ2Je0.ltrans11.ltrans.o
                0x0000000008005620                _dbg_check_unlock_from_isr
 .text._dbg_check_enter_isr
                0x0000000008005660       0x50 /tmp/ccCJ2Je0.ltrans11.ltrans.o
                0x0000000008005660                _dbg_check_enter_isr
 .text._dbg_check_leave_isr
                0x00000000080056b0       0x50 /tmp/ccCJ2Je0.ltrans11.ltrans.o
                0x00000000080056b0                _dbg_check_leave_isr
 .text.chDbgCheckClassI
                0x0000000008005700       0x30 /tmp/ccCJ2Je0.ltrans11.ltrans.o
                0x0000000008005700                chDbgCheckClassI
 .text.chDbgCheckClassS
                0x0000000008005730       0x30 /tmp/ccCJ2Je0.ltrans11.ltrans.o
                0x0000000008005730                chDbgCheckClassS
 .text._dbg_trace_init.4407
                0x0000000008005760       0x20 /tmp/ccCJ2Je0.ltrans11.ltrans.o
 .text._dbg_trace.4403
                0x0000000008005780       0x90 /tmp/ccCJ2Je0.ltrans11.ltrans.o
 .text.st_lld_get_counter.4821.4401
                0x0000000008005810       0x10 /tmp/ccCJ2Je0.ltrans11.ltrans.o
 .text.port_timer_start_alarm.4831.4398
                0x0000000008005820       0x20 /tmp/ccCJ2Je0.ltrans11.ltrans.o
 .text.port_timer_stop_alarm.4837.4396
                0x0000000008005840       0x10 /tmp/ccCJ2Je0.ltrans11.ltrans.o
 .text.port_timer_set_alarm.4834.4393
                0x0000000008005850       0x20 /tmp/ccCJ2Je0.ltrans11.ltrans.o
 .text.port_timer_get_time.4827.4391
                0x0000000008005870       0x10 /tmp/ccCJ2Je0.ltrans11.ltrans.o
 .text.chVTGetSystemTimeX.4829.4389
                0x0000000008005880       0x10 /tmp/ccCJ2Je0.ltrans11.ltrans.o
 .text._vt_init.4387
                0x0000000008005890       0x40 /tmp/ccCJ2Je0.ltrans11.ltrans.o
 .text.chVTDoSetI
                0x00000000080058d0      0x150 /tmp/ccCJ2Je0.ltrans11.ltrans.o
                0x00000000080058d0                chVTDoSetI
 .text.chVTDoResetI
                0x0000000008005a20      0x140 /tmp/ccCJ2Je0.ltrans11.ltrans.o
                0x0000000008005a20                chVTDoResetI
 .text.port_lock.5026.4375
                0x0000000008005b60       0x10 /tmp/ccCJ2Je0.ltrans11.ltrans.o
 .text.port_unlock.5029.4373
                0x0000000008005b70       0x10 /tmp/ccCJ2Je0.ltrans11.ltrans.o
 .text.port_lock_from_isr.5031.4371
                0x0000000008005b80       0x10 /tmp/ccCJ2Je0.ltrans11.ltrans.o
 .text.port_unlock_from_isr.5033.4369
                0x0000000008005b90       0x10 /tmp/ccCJ2Je0.ltrans11.ltrans.o
 .text.queue_init.5035.4366
                0x0000000008005ba0       0x20 /tmp/ccCJ2Je0.ltrans11.ltrans.o
 .text.queue_fifo_remove.5124.4363
                0x0000000008005bc0       0x30 /tmp/ccCJ2Je0.ltrans11.ltrans.o
 .text.queue_dequeue.5127.4360
                0x0000000008005bf0       0x20 /tmp/ccCJ2Je0.ltrans11.ltrans.o
 .text.chSchIsRescRequiredI.5147.4358
                0x0000000008005c10       0x30 /tmp/ccCJ2Je0.ltrans11.ltrans.o
 .text.chSysLockFromISR.5149.4356
                0x0000000008005c40       0x10 /tmp/ccCJ2Je0.ltrans11.ltrans.o
 .text.chSysUnlockFromISR.5151.4354
                0x0000000008005c50       0x10 /tmp/ccCJ2Je0.ltrans11.ltrans.o
 .text.chVTIsArmedI.5134.4343
                0x0000000008005c60       0x20 /tmp/ccCJ2Je0.ltrans11.ltrans.o
 .text.chSemFastSignalI.5130.4338
                0x0000000008005c80       0x20 /tmp/ccCJ2Je0.ltrans11.ltrans.o
 .text._scheduler_init.4336
                0x0000000008005ca0       0x40 /tmp/ccCJ2Je0.ltrans11.ltrans.o
 .text.chSchReadyI
                0x0000000008005ce0       0x90 /tmp/ccCJ2Je0.ltrans11.ltrans.o
                0x0000000008005ce0                chSchReadyI
 .text.chSchGoSleepS
                0x0000000008005d70       0xa0 /tmp/ccCJ2Je0.ltrans11.ltrans.o
                0x0000000008005d70                chSchGoSleepS
 .text.wakeup.5158.4327
                0x0000000008005e10       0x80 /tmp/ccCJ2Je0.ltrans11.ltrans.o
 .text.chSchGoSleepTimeoutS
                0x0000000008005e90       0x80 /tmp/ccCJ2Je0.ltrans11.ltrans.o
                0x0000000008005e90                chSchGoSleepTimeoutS
 .text.chSchWakeupS
                0x0000000008005f10       0xd0 /tmp/ccCJ2Je0.ltrans11.ltrans.o
                0x0000000008005f10                chSchWakeupS
 .text.chSchRescheduleS
                0x0000000008005fe0       0x20 /tmp/ccCJ2Je0.ltrans11.ltrans.o
                0x0000000008005fe0                chSchRescheduleS
 .text.chSchIsPreemptionRequired
                0x0000000008006000       0x40 /tmp/ccCJ2Je0.ltrans11.ltrans.o
                0x0000000008006000                chSchIsPreemptionRequired
 .text.chSchDoRescheduleAhead.4311
                0x0000000008006040       0xd0 /tmp/ccCJ2Je0.ltrans11.ltrans.o
 .text.chSchDoReschedule
                0x0000000008006110       0x10 /tmp/ccCJ2Je0.ltrans11.ltrans.o
                0x0000000008006110                chSchDoReschedule
 .text.port_lock.5268.4306
                0x0000000008006120       0x10 /tmp/ccCJ2Je0.ltrans11.ltrans.o
 .text.port_unlock.5271.4304
                0x0000000008006130       0x10 /tmp/ccCJ2Je0.ltrans11.ltrans.o
 .text.list_init.5280.4297
                0x0000000008006140       0x10 /tmp/ccCJ2Je0.ltrans11.ltrans.o
 .text.list_notempty.5367.4294
                0x0000000008006150       0x20 /tmp/ccCJ2Je0.ltrans11.ltrans.o
 .text.queue_init.5371.4291
                0x0000000008006170       0x20 /tmp/ccCJ2Je0.ltrans11.ltrans.o
 .text.queue_notempty.5374.4287
                0x0000000008006190       0x20 /tmp/ccCJ2Je0.ltrans11.ltrans.o
 .text.list_remove.5381.4280
                0x00000000080061b0       0x20 /tmp/ccCJ2Je0.ltrans11.ltrans.o
 .text.queue_insert.5384.4276
                0x00000000080061d0       0x30 /tmp/ccCJ2Je0.ltrans11.ltrans.o
 .text.queue_fifo_remove.5388.4273
                0x0000000008006200       0x30 /tmp/ccCJ2Je0.ltrans11.ltrans.o
 .text.chSysLock.5400.4267
                0x0000000008006230       0x10 /tmp/ccCJ2Je0.ltrans11.ltrans.o
 .text.chSysUnlock.5402.4265
                0x0000000008006240       0x50 /tmp/ccCJ2Je0.ltrans11.ltrans.o
 .text.chThdGetSelfX.5398.4255
                0x0000000008006290       0x10 /tmp/ccCJ2Je0.ltrans11.ltrans.o
 .text.chThdSleepS.5411.4249
                0x00000000080062a0       0x30 /tmp/ccCJ2Je0.ltrans11.ltrans.o
 .text.chThdDoDequeueNextI.5407.4245
                0x00000000080062d0       0x60 /tmp/ccCJ2Je0.ltrans11.ltrans.o
 .text._thread_init.4241
                0x0000000008006330       0xa0 /tmp/ccCJ2Je0.ltrans11.ltrans.o
 .text._thread_memfill
                0x00000000080063d0       0x30 /tmp/ccCJ2Je0.ltrans11.ltrans.o
                0x00000000080063d0                _thread_memfill
 .text.chThdCreateI
                0x0000000008006400       0x80 /tmp/ccCJ2Je0.ltrans11.ltrans.o
                0x0000000008006400                chThdCreateI
 .text.chThdCreateStatic
                0x0000000008006480       0x60 /tmp/ccCJ2Je0.ltrans11.ltrans.o
                0x0000000008006480                chThdCreateStatic
 .text.chThdSleep
                0x00000000080064e0       0x20 /tmp/ccCJ2Je0.ltrans11.ltrans.o
                0x00000000080064e0                chThdSleep
 .text.chThdExit
                0x0000000008006500       0x20 /tmp/ccCJ2Je0.ltrans11.ltrans.o
                0x0000000008006500                chThdExit
 .text.chThdExitS
                0x0000000008006520       0x80 /tmp/ccCJ2Je0.ltrans11.ltrans.o
                0x0000000008006520                chThdExitS
 .text.chThdSuspendS
                0x00000000080065a0       0x50 /tmp/ccCJ2Je0.ltrans11.ltrans.o
                0x00000000080065a0                chThdSuspendS
 .text.chThdResumeI
                0x00000000080065f0       0x50 /tmp/ccCJ2Je0.ltrans11.ltrans.o
                0x00000000080065f0                chThdResumeI
 .text.chThdEnqueueTimeoutS
                0x0000000008006640       0x40 /tmp/ccCJ2Je0.ltrans11.ltrans.o
                0x0000000008006640                chThdEnqueueTimeoutS
 .text.chThdDequeueNextI
                0x0000000008006680       0x30 /tmp/ccCJ2Je0.ltrans11.ltrans.o
                0x0000000008006680                chThdDequeueNextI
 .text.chThdDequeueAllI
                0x00000000080066b0       0x30 /tmp/ccCJ2Je0.ltrans11.ltrans.o
                0x00000000080066b0                chThdDequeueAllI
 .text.port_rt_get_counter_value.5636.4154
                0x00000000080066e0       0x10 /tmp/ccCJ2Je0.ltrans11.ltrans.o
 .text.tm_stop.5642.4149
                0x00000000080066f0       0x70 /tmp/ccCJ2Je0.ltrans11.ltrans.o
 .text._tm_init.4147
                0x0000000008006760       0x40 /tmp/ccCJ2Je0.ltrans11.ltrans.o
 .text.chTMObjectInit.4144
                0x00000000080067a0       0x30 /tmp/ccCJ2Je0.ltrans11.ltrans.o
 .text.chTMStartMeasurementX.4141
                0x00000000080067d0       0x20 /tmp/ccCJ2Je0.ltrans11.ltrans.o
 .text.chTMStopMeasurementX.4138
                0x00000000080067f0       0x30 /tmp/ccCJ2Je0.ltrans11.ltrans.o
 .text.chTMChainMeasurementToX.4133
                0x0000000008006820       0x30 /tmp/ccCJ2Je0.ltrans11.ltrans.o
 .text.port_lock.5830.4131
                0x0000000008006850       0x10 /tmp/ccCJ2Je0.ltrans11.ltrans.o
 .text.port_unlock.5833.4129
                0x0000000008006860       0x10 /tmp/ccCJ2Je0.ltrans11.ltrans.o
 .text.port_lock_from_isr.5835.4127
                0x0000000008006870       0x10 /tmp/ccCJ2Je0.ltrans11.ltrans.o
 .text.port_unlock_from_isr.5837.4125
                0x0000000008006880       0x10 /tmp/ccCJ2Je0.ltrans11.ltrans.o
 .text._stats_init.4123
                0x0000000008006890       0x40 /tmp/ccCJ2Je0.ltrans11.ltrans.o
 .text._stats_increase_irq
                0x00000000080068d0       0x30 /tmp/ccCJ2Je0.ltrans11.ltrans.o
                0x00000000080068d0                _stats_increase_irq
 .text._stats_ctxswc.4028
                0x0000000008006900       0x40 /tmp/ccCJ2Je0.ltrans11.ltrans.o
 .text._stats_start_measure_crit_thd
                0x0000000008006940       0x10 /tmp/ccCJ2Je0.ltrans11.ltrans.o
                0x0000000008006940                _stats_start_measure_crit_thd
 .text._stats_stop_measure_crit_thd
                0x0000000008006950       0x10 /tmp/ccCJ2Je0.ltrans11.ltrans.o
                0x0000000008006950                _stats_stop_measure_crit_thd
 .text._stats_start_measure_crit_isr
                0x0000000008006960       0x10 /tmp/ccCJ2Je0.ltrans11.ltrans.o
                0x0000000008006960                _stats_start_measure_crit_isr
 .text._stats_stop_measure_crit_isr
                0x0000000008006970       0x10 /tmp/ccCJ2Je0.ltrans11.ltrans.o
                0x0000000008006970                _stats_stop_measure_crit_isr
 .text.memset   0x0000000008006980       0x94 /usr/lib/gcc/arm-none-eabi/4.8.2/../../../arm-none-eabi/lib/armv7e-m/libg.a(lib_a-memset.o)
                0x0000000008006980                memset
 *(.rodata)
 *fill*         0x0000000008006a14        0xc 
 .rodata        0x0000000008006a20      0x7f8 /tmp/ccCJ2Je0.ltrans0.ltrans.o
 *fill*         0x0000000008007218        0x8 
 .rodata        0x0000000008007220      0x214 /tmp/ccCJ2Je0.ltrans5.ltrans.o
 *fill*         0x0000000008007434        0xc 
 .rodata        0x0000000008007440       0x70 /tmp/ccCJ2Je0.ltrans11.ltrans.o
 *(.rodata.*)
 .rodata.ram_areas.4021
                0x00000000080074b0       0x80 /tmp/ccCJ2Je0.ltrans0.ltrans.o
                0x00000000080074b0                ram_areas.4021
 .rodata.__func__.6004.4488
                0x0000000008007530        0xc /tmp/ccCJ2Je0.ltrans0.ltrans.o
                0x0000000008007530                __func__.6004.4488
 *fill*         0x000000000800753c        0x4 
 .rodata.__func__.6621.4997
                0x0000000008007540        0xc /tmp/ccCJ2Je0.ltrans0.ltrans.o
                0x0000000008007540                __func__.6621.4997
 *fill*         0x000000000800754c        0x4 
 .rodata.__func__.6629.4998
                0x0000000008007550       0x10 /tmp/ccCJ2Je0.ltrans0.ltrans.o
                0x0000000008007550                __func__.6629.4998
 .rodata.__func__.6618.5244
                0x0000000008007560        0xc /tmp/ccCJ2Je0.ltrans0.ltrans.o
                0x0000000008007560                __func__.6618.5244
 *fill*         0x000000000800756c        0x4 
 .rodata.__func__.6646.5245
                0x0000000008007570       0x10 /tmp/ccCJ2Je0.ltrans0.ltrans.o
                0x0000000008007570                __func__.6646.5245
 .rodata.__func__.6630.5582
                0x0000000008007580       0x10 /tmp/ccCJ2Je0.ltrans0.ltrans.o
                0x0000000008007580                __func__.6630.5582
 .rodata.__func__.5915.5578
                0x0000000008007590        0xc /tmp/ccCJ2Je0.ltrans0.ltrans.o
                0x0000000008007590                __func__.5915.5578
 *fill*         0x000000000800759c        0x4 
 .rodata.__func__.6089.5581
                0x00000000080075a0        0xc /tmp/ccCJ2Je0.ltrans0.ltrans.o
                0x00000000080075a0                __func__.6089.5581
 *fill*         0x00000000080075ac        0x4 
 .rodata.__func__.6674.5584
                0x00000000080075b0        0xc /tmp/ccCJ2Je0.ltrans0.ltrans.o
                0x00000000080075b0                __func__.6674.5584
 *fill*         0x00000000080075bc        0x4 
 .rodata.__func__.6684.5586
                0x00000000080075c0       0x10 /tmp/ccCJ2Je0.ltrans0.ltrans.o
                0x00000000080075c0                __func__.6684.5586
 .rodata.__func__.6696.5588
                0x00000000080075d0       0x10 /tmp/ccCJ2Je0.ltrans0.ltrans.o
                0x00000000080075d0                __func__.6696.5588
 .rodata.__func__.6101.5580
                0x00000000080075e0       0x14 /tmp/ccCJ2Je0.ltrans0.ltrans.o
                0x00000000080075e0                __func__.6101.5580
 *fill*         0x00000000080075f4        0xc 
 .rodata.ch_debug
                0x0000000008007600       0x18 /tmp/ccCJ2Je0.ltrans0.ltrans.o
                0x0000000008007600                ch_debug
 *fill*         0x0000000008007618        0x8 
 .rodata.__func__.6613.6880
                0x0000000008007620       0x10 /tmp/ccCJ2Je0.ltrans0.ltrans.o
                0x0000000008007620                __func__.6613.6880
 .rodata.__func__.6638.7378
                0x0000000008007630       0x18 /tmp/ccCJ2Je0.ltrans0.ltrans.o
                0x0000000008007630                __func__.6638.7378
 *fill*         0x0000000008007648        0x8 
 .rodata.__func__.6655.7377
                0x0000000008007650       0x10 /tmp/ccCJ2Je0.ltrans0.ltrans.o
                0x0000000008007650                __func__.6655.7377
 .rodata.__func__.5915.8280
                0x0000000008007660        0xc /tmp/ccCJ2Je0.ltrans0.ltrans.o
                0x0000000008007660                __func__.5915.8280
 *fill*         0x000000000800766c        0x4 
 .rodata.__func__.7427.8762
                0x0000000008007670       0x10 /tmp/ccCJ2Je0.ltrans0.ltrans.o
                0x0000000008007670                __func__.7427.8762
 .rodata.__func__.7434.8763
                0x0000000008007680        0xc /tmp/ccCJ2Je0.ltrans0.ltrans.o
                0x0000000008007680                __func__.7434.8763
 *fill*         0x000000000800768c        0x4 
 .rodata.__func__.7761.9101
                0x0000000008007690       0x10 /tmp/ccCJ2Je0.ltrans0.ltrans.o
                0x0000000008007690                __func__.7761.9101
 .rodata.__func__.7772.9102
                0x00000000080076a0       0x14 /tmp/ccCJ2Je0.ltrans0.ltrans.o
                0x00000000080076a0                __func__.7772.9102
 *fill*         0x00000000080076b4        0xc 
 .rodata.__func__.6247.9100
                0x00000000080076c0        0xc /tmp/ccCJ2Je0.ltrans0.ltrans.o
                0x00000000080076c0                __func__.6247.9100
 *fill*         0x00000000080076cc        0x4 
 .rodata.__func__.7786.9103
                0x00000000080076d0       0x1c /tmp/ccCJ2Je0.ltrans0.ltrans.o
                0x00000000080076d0                __func__.7786.9103
 *fill*         0x00000000080076ec        0x4 
 .rodata.__func__.7793.9104
                0x00000000080076f0       0x18 /tmp/ccCJ2Je0.ltrans0.ltrans.o
                0x00000000080076f0                __func__.7793.9104
 *fill*         0x0000000008007708        0x8 
 .rodata.__func__.7819.9105
                0x0000000008007710       0x10 /tmp/ccCJ2Je0.ltrans0.ltrans.o
                0x0000000008007710                __func__.7819.9105
 .rodata.__func__.7830.9106
                0x0000000008007720       0x18 /tmp/ccCJ2Je0.ltrans0.ltrans.o
                0x0000000008007720                __func__.7830.9106
 *fill*         0x0000000008007738        0x8 
 .rodata.__func__.7844.9107
                0x0000000008007740       0x1c /tmp/ccCJ2Je0.ltrans0.ltrans.o
                0x0000000008007740                __func__.7844.9107
 *fill*         0x000000000800775c        0x4 
 .rodata.__func__.7853.9108
                0x0000000008007760       0x14 /tmp/ccCJ2Je0.ltrans0.ltrans.o
                0x0000000008007760                __func__.7853.9108
 *fill*         0x0000000008007774        0xc 
 .rodata.vmt.9713
                0x0000000008007780       0x20 /tmp/ccCJ2Je0.ltrans0.ltrans.o
                0x0000000008007780                vmt.9713
 .rodata.__func__.7483.9714
                0x00000000080077a0        0xc /tmp/ccCJ2Je0.ltrans0.ltrans.o
                0x00000000080077a0                __func__.7483.9714
 *fill*         0x00000000080077ac        0x4 
 .rodata.__func__.5915.9712
                0x00000000080077b0        0xc /tmp/ccCJ2Je0.ltrans0.ltrans.o
                0x00000000080077b0                __func__.5915.9712
 *fill*         0x00000000080077bc        0x4 
 .rodata.__func__.7496.9716
                0x00000000080077c0       0x14 /tmp/ccCJ2Je0.ltrans0.ltrans.o
                0x00000000080077c0                __func__.7496.9716
 *fill*         0x00000000080077d4        0xc 
 .rodata.__func__.7509.9724
                0x00000000080077e0        0xc /tmp/ccCJ2Je0.ltrans0.ltrans.o
                0x00000000080077e0                __func__.7509.9724
 *fill*         0x00000000080077ec        0x4 
 .rodata.zero_status.10187
                0x00000000080077f0        0x4 /tmp/ccCJ2Je0.ltrans0.ltrans.o
                0x00000000080077f0                zero_status.10187
 *fill*         0x00000000080077f4        0xc 
 .rodata.active_status.10189
                0x0000000008007800        0x4 /tmp/ccCJ2Je0.ltrans0.ltrans.o
                0x0000000008007800                active_status.10189
 *fill*         0x0000000008007804        0xc 
 .rodata.halted_status.10188
                0x0000000008007810        0x4 /tmp/ccCJ2Je0.ltrans0.ltrans.o
                0x0000000008007810                halted_status.10188
 *fill*         0x0000000008007814        0xc 
 .rodata.__func__.7808.10190
                0x0000000008007820        0xc /tmp/ccCJ2Je0.ltrans0.ltrans.o
                0x0000000008007820                __func__.7808.10190
 *fill*         0x000000000800782c        0x4 
 .rodata.__func__.6247.10186
                0x0000000008007830        0xc /tmp/ccCJ2Je0.ltrans0.ltrans.o
                0x0000000008007830                __func__.6247.10186
 *fill*         0x000000000800783c        0x4 
 .rodata.__func__.7825.10192
                0x0000000008007840       0x14 /tmp/ccCJ2Je0.ltrans0.ltrans.o
                0x0000000008007840                __func__.7825.10192
 *fill*         0x0000000008007854        0xc 
 .rodata.__func__.7841.10194
                0x0000000008007860       0x14 /tmp/ccCJ2Je0.ltrans0.ltrans.o
                0x0000000008007860                __func__.7841.10194
 *fill*         0x0000000008007874        0xc 
 .rodata.__func__.7849.10195
                0x0000000008007880       0x14 /tmp/ccCJ2Je0.ltrans0.ltrans.o
                0x0000000008007880                __func__.7849.10195
 *fill*         0x0000000008007894        0xc 
 .rodata.__func__.7889.10198
                0x00000000080078a0        0xc /tmp/ccCJ2Je0.ltrans0.ltrans.o
                0x00000000080078a0                __func__.7889.10198
 *fill*         0x00000000080078ac        0x4 
 .rodata.__func__.7903.10199
                0x00000000080078b0        0xc /tmp/ccCJ2Je0.ltrans0.ltrans.o
                0x00000000080078b0                __func__.7903.10199
 *fill*         0x00000000080078bc        0x4 
 .rodata.ep0config.11060
                0x00000000080078c0       0x24 /tmp/ccCJ2Je0.ltrans0.ltrans.o
                0x00000000080078c0                ep0config.11060
 *fill*         0x00000000080078e4        0xc 
 .rodata.fsparams.11057
                0x00000000080078f0        0xc /tmp/ccCJ2Je0.ltrans0.ltrans.o
                0x00000000080078f0                fsparams.11057
 *fill*         0x00000000080078fc        0x4 
 .rodata.hsparams.11059
                0x0000000008007900        0xc /tmp/ccCJ2Je0.ltrans0.ltrans.o
                0x0000000008007900                hsparams.11059
 *fill*         0x000000000800790c        0x4 
 .rodata.__func__.7804.11054
                0x0000000008007910       0x10 /tmp/ccCJ2Je0.ltrans0.ltrans.o
                0x0000000008007910                __func__.7804.11054
 .rodata.__func__.7810.11055
                0x0000000008007920       0x1c /tmp/ccCJ2Je0.ltrans0.ltrans.o
                0x0000000008007920                __func__.7810.11055
 *fill*         0x000000000800793c        0x4 
 .rodata.__func__.6417.11052
                0x0000000008007940        0xc /tmp/ccCJ2Je0.ltrans0.ltrans.o
                0x0000000008007940                __func__.6417.11052
 *fill*         0x000000000800794c        0x4 
 .rodata.__func__.6247.11053
                0x0000000008007950        0xc /tmp/ccCJ2Je0.ltrans0.ltrans.o
                0x0000000008007950                __func__.6247.11053
 *fill*         0x000000000800795c        0x4 
 .rodata.pal_default_config
                0x0000000008007960       0xfc /tmp/ccCJ2Je0.ltrans0.ltrans.o
                0x0000000008007960                pal_default_config
 *fill*         0x0000000008007a5c        0x4 
 .rodata.vcom_device_descriptor_data.15042.5075
                0x0000000008007a60       0x14 /tmp/ccCJ2Je0.ltrans0.ltrans.o
 *fill*         0x0000000008007a74        0xc 
 .rodata.vcom_device_descriptor.15041.5074
                0x0000000008007a80        0x8 /tmp/ccCJ2Je0.ltrans0.ltrans.o
 *fill*         0x0000000008007a88        0x8 
 .rodata.vcom_configuration_descriptor_data.15044.5077
                0x0000000008007a90       0x44 /tmp/ccCJ2Je0.ltrans0.ltrans.o
 *fill*         0x0000000008007ad4        0xc 
 .rodata.vcom_configuration_descriptor.15043.5076
                0x0000000008007ae0        0x8 /tmp/ccCJ2Je0.ltrans0.ltrans.o
 *fill*         0x0000000008007ae8        0x8 
 .rodata.vcom_string0.15046.5079
                0x0000000008007af0        0x4 /tmp/ccCJ2Je0.ltrans0.ltrans.o
 *fill*         0x0000000008007af4        0xc 
 .rodata.vcom_string1.15047.5080
                0x0000000008007b00       0x28 /tmp/ccCJ2Je0.ltrans0.ltrans.o
 *fill*         0x0000000008007b28        0x8 
 .rodata.vcom_string2.15048.5081
                0x0000000008007b30       0x38 /tmp/ccCJ2Je0.ltrans0.ltrans.o
 *fill*         0x0000000008007b68        0x8 
 .rodata.vcom_string3.15049.5082
                0x0000000008007b70        0x8 /tmp/ccCJ2Je0.ltrans0.ltrans.o
 *fill*         0x0000000008007b78        0x8 
 .rodata.vcom_strings.15045.5078
                0x0000000008007b80       0x20 /tmp/ccCJ2Je0.ltrans0.ltrans.o
 .rodata.ep1config.15050.5069
                0x0000000008007ba0       0x24 /tmp/ccCJ2Je0.ltrans0.ltrans.o
 *fill*         0x0000000008007bc4        0xc 
 .rodata.ep2config.15053.5072
                0x0000000008007bd0       0x24 /tmp/ccCJ2Je0.ltrans0.ltrans.o
 *fill*         0x0000000008007bf4        0xc 
 .rodata.usbcfg.5068
                0x0000000008007c00       0x10 /tmp/ccCJ2Je0.ltrans0.ltrans.o
 .rodata.serusbcfg.5066
                0x0000000008007c10        0x8 /tmp/ccCJ2Je0.ltrans0.ltrans.o
 *(.glue_7t)
 .glue_7t       0x0000000000000000        0x0 linker stubs
 *(.glue_7)
 .glue_7        0x0000000000000000        0x0 linker stubs
 *(.gcc*)

.vfp11_veneer   0x0000000008007c18        0x0
 .vfp11_veneer  0x0000000000000000        0x0 linker stubs

.v4_bx          0x0000000008007c18        0x0
 .v4_bx         0x0000000000000000        0x0 linker stubs

.iplt           0x0000000008007c18        0x0
 .iplt          0x0000000000000000        0x0 build/obj/crt0_v7m.o

.rel.dyn        0x0000000008007c18        0x0
 .rel.iplt      0x0000000000000000        0x0 build/obj/crt0_v7m.o

.ARM.extab
 *(.ARM.extab* .gnu.linkonce.armextab.*)

.ARM.exidx      0x0000000008007c18        0x0
                0x0000000008007c18                __exidx_start = .
 *(.ARM.exidx* .gnu.linkonce.armexidx.*)
                0x0000000008007c18                __exidx_end = .

.eh_frame_hdr
 *(.eh_frame_hdr)

.eh_frame
 *(.eh_frame)

.textalign      0x0000000008007c18        0x0
                0x0000000008007c18                . = ALIGN (0x8)
                0x0000000008007c18                . = ALIGN (0x4)
                0x0000000008007c18                PROVIDE (_etext, .)

.mstack         0x0000000020000000      0x400
                0x0000000020000000                . = ALIGN (0x8)
                0x0000000020000000                __main_stack_base__ = .
                0x0000000020000400                . = (. + __main_stack_size__)
 *fill*         0x0000000020000000      0x400 
                0x0000000020000400                . = ALIGN (0x8)
                0x0000000020000400                __main_stack_end__ = .

.pstack         0x0000000020000400      0x400
                0x0000000020000400                __process_stack_base__ = .
                0x0000000020000400                __main_thread_stack_base__ = .
                0x0000000020000800                . = (. + __process_stack_size__)
 *fill*         0x0000000020000400      0x400 
                0x0000000020000800                . = ALIGN (0x8)
                0x0000000020000800                __process_stack_end__ = .
                0x0000000020000800                __main_thread_stack_end__ = .

.data           0x0000000020000800        0x8 load address 0x0000000008007c18
                0x0000000020000800                . = ALIGN (0x4)
                0x0000000008007c18                PROVIDE (_textdata, LOADADDR (.data))
                0x0000000020000800                PROVIDE (_data, .)
                0x0000000008007c18                _textdata_start = LOADADDR (.data)
                0x0000000020000800                _data_start = .
 *(.data)
 *(.data.*)
 .data.linecoding.9717
                0x0000000020000800        0x8 /tmp/ccCJ2Je0.ltrans0.ltrans.o
                0x0000000020000800                linecoding.9717
 *(.ramtext)
                0x0000000020000808                . = ALIGN (0x4)
                0x0000000020000808                PROVIDE (_edata, .)
                0x0000000020000808                _data_end = .

.igot.plt       0x0000000020000808        0x0 load address 0x0000000008007c20
 .igot.plt      0x0000000000000000        0x0 build/obj/crt0_v7m.o

.bss            0x0000000020000808      0xea0 load address 0x0000000008007c20
                0x0000000020000808                . = ALIGN (0x4)
                0x0000000020000808                _bss_start = .
 *(.bss)
 *(.bss.*)
 .bss.ch        0x0000000020000808      0x5d8 /tmp/ccCJ2Je0.ltrans0.ltrans.o
                0x0000000020000808                ch
 .bss.nextmem.8282
                0x0000000020000de0        0x4 /tmp/ccCJ2Je0.ltrans0.ltrans.o
                0x0000000020000de0                nextmem.8282
 .bss.endmem.8284
                0x0000000020000de4        0x4 /tmp/ccCJ2Je0.ltrans0.ltrans.o
                0x0000000020000de4                endmem.8284
 .bss.default_heap.8417
                0x0000000020000de8       0x20 /tmp/ccCJ2Je0.ltrans0.ltrans.o
                0x0000000020000de8                default_heap.8417
 .bss.USBD1     0x0000000020000e08      0x1e8 /tmp/ccCJ2Je0.ltrans0.ltrans.o
                0x0000000020000e08                USBD1
 .bss.USBD2     0x0000000020000ff0      0x1e8 /tmp/ccCJ2Je0.ltrans0.ltrans.o
                0x0000000020000ff0                USBD2
 .bss.ep0_state.11061
                0x00000000200011d8       0x10 /tmp/ccCJ2Je0.ltrans0.ltrans.o
                0x00000000200011d8                ep0_state.11061
 .bss.ep0setup_buffer.11065
                0x00000000200011e8        0x8 /tmp/ccCJ2Je0.ltrans0.ltrans.o
                0x00000000200011e8                ep0setup_buffer.11065
 .bss.SDU1.5065
                0x00000000200011f0      0x488 /tmp/ccCJ2Je0.ltrans0.ltrans.o
 .bss.ep1instate.15051.5070
                0x0000000020001678       0x10 /tmp/ccCJ2Je0.ltrans0.ltrans.o
 .bss.ep1outstate.15052.5071
                0x0000000020001688       0x10 /tmp/ccCJ2Je0.ltrans0.ltrans.o
 .bss.ep2instate.15054.5073
                0x0000000020001698       0x10 /tmp/ccCJ2Je0.ltrans0.ltrans.o
 *(COMMON)
                0x00000000200016a8                . = ALIGN (0x4)
                0x00000000200016a8                _bss_end = .
                0x00000000200016a8                PROVIDE (end, .)

.ram0_init      0x00000000200016a8        0x0 load address 0x0000000008007c20
                0x00000000200016a8                . = ALIGN (0x4)
                0x0000000008007c20                __ram0_init_text__ = LOADADDR (.ram0_init)
                0x00000000200016a8                __ram0_init__ = .
 *(.ram0_init)
 *(.ram0_init.*)
                0x00000000200016a8                . = ALIGN (0x4)

.ram0           0x00000000200016a8        0x0 load address 0x0000000008007c20
                0x00000000200016a8                . = ALIGN (0x4)
                0x00000000200016a8                __ram0_clear__ = .
 *(.ram0_clear)
 *(.ram0_clear.*)
                0x00000000200016a8                . = ALIGN (0x4)
                0x00000000200016a8                __ram0_noinit__ = .
 *(.ram0)
 *(.ram0.*)
                0x00000000200016a8                . = ALIGN (0x4)
                0x00000000200016a8                __ram0_free__ = .

.ram1_init      0x0000000020000000        0x0 load address 0x0000000008007c20
                0x0000000020000000                . = ALIGN (0x4)
                0x0000000008007c20                __ram1_init_text__ = LOADADDR (.ram1_init)
                0x0000000020000000                __ram1_init__ = .
 *(.ram1_init)
 *(.ram1_init.*)
                0x0000000020000000                . = ALIGN (0x4)

.ram1           0x0000000020000000        0x0 load address 0x0000000008007c20
                0x0000000020000000                . = ALIGN (0x4)
                0x0000000020000000                __ram1_clear__ = .
 *(.ram1_clear)
 *(.ram1_clear.*)
                0x0000000020000000                . = ALIGN (0x4)
                0x0000000020000000                __ram1_noinit__ = .
 *(.ram1)
 *(.ram1.*)
                0x0000000020000000                . = ALIGN (0x4)
                0x0000000020000000                __ram1_free__ = .

.ram2_init      0x000000002001c000        0x0 load address 0x0000000008007c20
                0x000000002001c000                . = ALIGN (0x4)
                0x0000000008007c20                __ram2_init_text__ = LOADADDR (.ram2_init)
                0x000000002001c000                __ram2_init__ = .
 *(.ram2_init)
 *(.ram2_init.*)
                0x000000002001c000                . = ALIGN (0x4)

.ram2           0x000000002001c000        0x0 load address 0x0000000008007c20
                0x000000002001c000                . = ALIGN (0x4)
                0x000000002001c000                __ram2_clear__ = .
 *(.ram2_clear)
 *(.ram2_clear.*)
                0x000000002001c000                . = ALIGN (0x4)
                0x000000002001c000                __ram2_noinit__ = .
 *(.ram2)
 *(.ram2.*)
                0x000000002001c000                . = ALIGN (0x4)
                0x000000002001c000                __ram2_free__ = .

.ram3_init      0x0000000000000000        0x0 load address 0x0000000008007c20
                0x0000000000000000                . = ALIGN (0x4)
                0x0000000008007c20                __ram3_init_text__ = LOADADDR (.ram3_init)
                0x0000000000000000                __ram3_init__ = .
 *(.ram3_init)
 *(.ram3_init.*)
                0x0000000000000000                . = ALIGN (0x4)

.ram3           0x0000000000000000        0x0 load address 0x0000000008007c20
                0x0000000000000000                . = ALIGN (0x4)
                0x0000000000000000                __ram3_clear__ = .
 *(.ram3_clear)
 *(.ram3_clear.*)
                0x0000000000000000                . = ALIGN (0x4)
                0x0000000000000000                __ram3_noinit__ = .
 *(.ram3)
 *(.ram3.*)
                0x0000000000000000                . = ALIGN (0x4)
                0x0000000000000000                __ram3_free__ = .

.ram4_init      0x0000000010000000        0x0 load address 0x0000000008007c20
                0x0000000010000000                . = ALIGN (0x4)
                0x0000000008007c20                __ram4_init_text__ = LOADADDR (.ram4_init)
                0x0000000010000000                __ram4_init__ = .
 *(.ram4_init)
 *(.ram4_init.*)
                0x0000000010000000                . = ALIGN (0x4)

.ram4           0x0000000010000000        0x0 load address 0x0000000008007c20
                0x0000000010000000                . = ALIGN (0x4)
                0x0000000010000000                __ram4_clear__ = .
 *(.ram4_clear)
 *(.ram4_clear.*)
                0x0000000010000000                . = ALIGN (0x4)
                0x0000000010000000                __ram4_noinit__ = .
 *(.ram4)
 *(.ram4.*)
                0x0000000010000000                . = ALIGN (0x4)
                0x0000000010000000                __ram4_free__ = .

.ram5_init      0x0000000040024000        0x0 load address 0x0000000008007c20
                0x0000000040024000                . = ALIGN (0x4)
                0x0000000008007c20                __ram5_init_text__ = LOADADDR (.ram5_init)
                0x0000000040024000                __ram5_init__ = .
 *(.ram5_init)
 *(.ram5_init.*)
                0x0000000040024000                . = ALIGN (0x4)

.ram5           0x0000000040024000        0x0 load address 0x0000000008007c20
                0x0000000040024000                . = ALIGN (0x4)
                0x0000000040024000                __ram5_clear__ = .
 *(.ram5_clear)
 *(.ram5_clear.*)
                0x0000000040024000                . = ALIGN (0x4)
                0x0000000040024000                __ram5_noinit__ = .
 *(.ram5)
 *(.ram5.*)
                0x0000000040024000                . = ALIGN (0x4)
                0x0000000040024000                __ram5_free__ = .

.ram6_init      0x0000000000000000        0x0 load address 0x0000000008007c20
                0x0000000000000000                . = ALIGN (0x4)
                0x0000000008007c20                __ram6_init_text__ = LOADADDR (.ram6_init)
                0x0000000000000000                __ram6_init__ = .
 *(.ram6_init)
 *(.ram6_init.*)
                0x0000000000000000                . = ALIGN (0x4)

.ram6           0x0000000000000000        0x0 load address 0x0000000008007c20
                0x0000000000000000                . = ALIGN (0x4)
                0x0000000000000000                __ram6_clear__ = .
 *(.ram6_clear)
 *(.ram6_clear.*)
                0x0000000000000000                . = ALIGN (0x4)
                0x0000000000000000                __ram6_noinit__ = .
 *(.ram6)
 *(.ram6.*)
                0x0000000000000000                . = ALIGN (0x4)
                0x0000000000000000                __ram6_free__ = .

.ram7_init      0x0000000000000000        0x0 load address 0x0000000008007c20
                0x0000000000000000                . = ALIGN (0x4)
                0x0000000008007c20                __ram7_init_text__ = LOADADDR (.ram7_init)
                0x0000000000000000                __ram7_init__ = .
 *(.ram7_init)
 *(.ram7_init.*)
                0x0000000000000000                . = ALIGN (0x4)

.ram7           0x0000000000000000        0x0 load address 0x0000000008007c20
                0x0000000000000000                . = ALIGN (0x4)
                0x0000000000000000                __ram7_clear__ = .
 *(.ram7_clear)
 *(.ram7_clear.*)
                0x0000000000000000                . = ALIGN (0x4)
                0x0000000000000000                __ram7_noinit__ = .
 *(.ram7)
 *(.ram7.*)
                0x0000000000000000                . = ALIGN (0x4)
                0x0000000000000000                __ram7_free__ = .

.heap           0x00000000200016a8    0x1e958
                0x00000000200016a8                . = ALIGN (0x8)
                0x00000000200016a8                __heap_base__ = .
                0x0000000020020000                . = (ORIGIN (HEAP_RAM) + 0x20000)
 *fill*         0x00000000200016a8    0x1e958 
                0x0000000020020000                __heap_end__ = .
                0x0000000000000400                __process_stack_size__ = 0x400
                0x0000000000000400                __main_stack_size__ = 0x400
START GROUP
LOAD /usr/lib/gcc/arm-none-eabi/4.8.2/armv7e-m/libgcc.a
LOAD /usr/lib/gcc/arm-none-eabi/4.8.2/../../../arm-none-eabi/lib/armv7e-m/libg.a
LOAD /usr/lib/gcc/arm-none-eabi/4.8.2/../../../arm-none-eabi/lib/armv7e-m/libc.a
END GROUP
OUTPUT(build/ch.elf elf32-littlearm)

.ARM.attributes
                0x0000000000000000       0x2f
 .ARM.attributes
                0x0000000000000000       0x21 build/obj/crt0_v7m.o
 .ARM.attributes
                0x0000000000000021       0x21 build/obj/chcoreasm_v7m.o
 .ARM.attributes
                0x0000000000000042       0x31 /tmp/ccCJ2Je0.ltrans0.ltrans.o
 .ARM.attributes
                0x0000000000000073       0x31 /tmp/ccCJ2Je0.ltrans5.ltrans.o
 .ARM.attributes
                0x00000000000000a4       0x31 /tmp/ccCJ2Je0.ltrans6.ltrans.o
 .ARM.attributes
                0x00000000000000d5       0x31 /tmp/ccCJ2Je0.ltrans7.ltrans.o
 .ARM.attributes
                0x0000000000000106       0x31 /tmp/ccCJ2Je0.ltrans8.ltrans.o
 .ARM.attributes
                0x0000000000000137       0x31 /tmp/ccCJ2Je0.ltrans9.ltrans.o
 .ARM.attributes
                0x0000000000000168       0x31 /tmp/ccCJ2Je0.ltrans10.ltrans.o
 .ARM.attributes
                0x0000000000000199       0x31 /tmp/ccCJ2Je0.ltrans11.ltrans.o
 .ARM.attributes
                0x00000000000001ca       0x1c /usr/lib/gcc/arm-none-eabi/4.8.2/../../../arm-none-eabi/lib/armv7e-m/libg.a(lib_a-memcpy.o)
 .ARM.attributes
                0x00000000000001e6       0x2e /usr/lib/gcc/arm-none-eabi/4.8.2/../../../arm-none-eabi/lib/armv7e-m/libg.a(lib_a-memset.o)

.comment        0x0000000000000000       0x1f
 .comment       0x0000000000000000       0x1f /tmp/ccCJ2Je0.ltrans0.ltrans.o
                                         0x20 (size before relaxing)
 .comment       0x0000000000000000       0x20 /tmp/ccCJ2Je0.ltrans5.ltrans.o
 .comment       0x0000000000000000       0x20 /tmp/ccCJ2Je0.ltrans6.ltrans.o
 .comment       0x0000000000000000       0x20 /tmp/ccCJ2Je0.ltrans7.ltrans.o
 .comment       0x0000000000000000       0x20 /tmp/ccCJ2Je0.ltrans8.ltrans.o
 .comment       0x0000000000000000       0x20 /tmp/ccCJ2Je0.ltrans9.ltrans.o
 .comment       0x0000000000000000       0x20 /tmp/ccCJ2Je0.ltrans10.ltrans.o
 .comment       0x0000000000000000       0x20 /tmp/ccCJ2Je0.ltrans11.ltrans.o
 .comment       0x0000000000000000       0x20 /usr/lib/gcc/arm-none-eabi/4.8.2/../../../arm-none-eabi/lib/armv7e-m/libg.a(lib_a-memset.o)

.debug_info     0x0000000000000000    0x11977
 .debug_info    0x0000000000000000     0x4e95 /tmp/ccCJ2Je0.ltrans0.ltrans.o
 .debug_info    0x0000000000004e95     0x1c90 /tmp/ccCJ2Je0.ltrans5.ltrans.o
 .debug_info    0x0000000000006b25     0x1c45 /tmp/ccCJ2Je0.ltrans6.ltrans.o
 .debug_info    0x000000000000876a     0x1fd9 /tmp/ccCJ2Je0.ltrans7.ltrans.o
 .debug_info    0x000000000000a743     0x1c45 /tmp/ccCJ2Je0.ltrans8.ltrans.o
 .debug_info    0x000000000000c388     0x187a /tmp/ccCJ2Je0.ltrans9.ltrans.o
 .debug_info    0x000000000000dc02     0x1762 /tmp/ccCJ2Je0.ltrans10.ltrans.o
 .debug_info    0x000000000000f364     0x2449 /tmp/ccCJ2Je0.ltrans11.ltrans.o
 .debug_info    0x00000000000117ad       0xb3 /usr/lib/gcc/arm-none-eabi/4.8.2/../../../arm-none-eabi/lib/armv7e-m/libg.a(lib_a-memcpy.o)
 .debug_info    0x0000000000011860      0x117 /usr/lib/gcc/arm-none-eabi/4.8.2/../../../arm-none-eabi/lib/armv7e-m/libg.a(lib_a-memset.o)

.debug_abbrev   0x0000000000000000     0x2283
 .debug_abbrev  0x0000000000000000      0x58f /tmp/ccCJ2Je0.ltrans0.ltrans.o
 .debug_abbrev  0x000000000000058f      0x515 /tmp/ccCJ2Je0.ltrans5.ltrans.o
 .debug_abbrev  0x0000000000000aa4      0x40e /tmp/ccCJ2Je0.ltrans6.ltrans.o
 .debug_abbrev  0x0000000000000eb2      0x407 /tmp/ccCJ2Je0.ltrans7.ltrans.o
 .debug_abbrev  0x00000000000012b9      0x447 /tmp/ccCJ2Je0.ltrans8.ltrans.o
 .debug_abbrev  0x0000000000001700      0x2eb /tmp/ccCJ2Je0.ltrans9.ltrans.o
 .debug_abbrev  0x00000000000019eb      0x348 /tmp/ccCJ2Je0.ltrans10.ltrans.o
 .debug_abbrev  0x0000000000001d33      0x49d /tmp/ccCJ2Je0.ltrans11.ltrans.o
 .debug_abbrev  0x00000000000021d0       0x14 /usr/lib/gcc/arm-none-eabi/4.8.2/../../../arm-none-eabi/lib/armv7e-m/libg.a(lib_a-memcpy.o)
 .debug_abbrev  0x00000000000021e4       0x9f /usr/lib/gcc/arm-none-eabi/4.8.2/../../../arm-none-eabi/lib/armv7e-m/libg.a(lib_a-memset.o)

.debug_aranges  0x0000000000000000     0x1470
 .debug_aranges
                0x0000000000000000      0x1d0 /tmp/ccCJ2Je0.ltrans0.ltrans.o
 .debug_aranges
                0x00000000000001d0      0x220 /tmp/ccCJ2Je0.ltrans5.ltrans.o
 .debug_aranges
                0x00000000000003f0      0x1d0 /tmp/ccCJ2Je0.ltrans6.ltrans.o
 .debug_aranges
                0x00000000000005c0      0x210 /tmp/ccCJ2Je0.ltrans7.ltrans.o
 .debug_aranges
                0x00000000000007d0      0x2c0 /tmp/ccCJ2Je0.ltrans8.ltrans.o
 .debug_aranges
                0x0000000000000a90      0x238 /tmp/ccCJ2Je0.ltrans9.ltrans.o
 .debug_aranges
                0x0000000000000cc8      0x258 /tmp/ccCJ2Je0.ltrans10.ltrans.o
 .debug_aranges
                0x0000000000000f20      0x510 /tmp/ccCJ2Je0.ltrans11.ltrans.o
 .debug_aranges
                0x0000000000001430       0x20 /usr/lib/gcc/arm-none-eabi/4.8.2/../../../arm-none-eabi/lib/armv7e-m/libg.a(lib_a-memcpy.o)
 .debug_aranges
                0x0000000000001450       0x20 /usr/lib/gcc/arm-none-eabi/4.8.2/../../../arm-none-eabi/lib/armv7e-m/libg.a(lib_a-memset.o)

.debug_ranges   0x0000000000000000     0x13c0
 .debug_ranges  0x0000000000000000      0x1c0 /tmp/ccCJ2Je0.ltrans0.ltrans.o
 .debug_ranges  0x00000000000001c0      0x210 /tmp/ccCJ2Je0.ltrans5.ltrans.o
 .debug_ranges  0x00000000000003d0      0x1c0 /tmp/ccCJ2Je0.ltrans6.ltrans.o
 .debug_ranges  0x0000000000000590      0x200 /tmp/ccCJ2Je0.ltrans7.ltrans.o
 .debug_ranges  0x0000000000000790      0x2b0 /tmp/ccCJ2Je0.ltrans8.ltrans.o
 .debug_ranges  0x0000000000000a40      0x228 /tmp/ccCJ2Je0.ltrans9.ltrans.o
 .debug_ranges  0x0000000000000c68      0x248 /tmp/ccCJ2Je0.ltrans10.ltrans.o
 .debug_ranges  0x0000000000000eb0      0x500 /tmp/ccCJ2Je0.ltrans11.ltrans.o
 .debug_ranges  0x00000000000013b0       0x10 /usr/lib/gcc/arm-none-eabi/4.8.2/../../../arm-none-eabi/lib/armv7e-m/libg.a(lib_a-memset.o)

.debug_line     0x0000000000000000     0x5d79
 .debug_line    0x0000000000000000      0xdc4 /tmp/ccCJ2Je0.ltrans0.ltrans.o
 .debug_line    0x0000000000000dc4      0x9b5 /tmp/ccCJ2Je0.ltrans5.ltrans.o
 .debug_line    0x0000000000001779      0x9a5 /tmp/ccCJ2Je0.ltrans6.ltrans.o
 .debug_line    0x000000000000211e      0x923 /tmp/ccCJ2Je0.ltrans7.ltrans.o
 .debug_line    0x0000000000002a41      0xc24 /tmp/ccCJ2Je0.ltrans8.ltrans.o
 .debug_line    0x0000000000003665      0x950 /tmp/ccCJ2Je0.ltrans9.ltrans.o
 .debug_line    0x0000000000003fb5      0x9cc /tmp/ccCJ2Je0.ltrans10.ltrans.o
 .debug_line    0x0000000000004981     0x1241 /tmp/ccCJ2Je0.ltrans11.ltrans.o
 .debug_line    0x0000000000005bc2       0xb8 /usr/lib/gcc/arm-none-eabi/4.8.2/../../../arm-none-eabi/lib/armv7e-m/libg.a(lib_a-memcpy.o)
 .debug_line    0x0000000000005c7a       0xff /usr/lib/gcc/arm-none-eabi/4.8.2/../../../arm-none-eabi/lib/armv7e-m/libg.a(lib_a-memset.o)

.debug_str      0x0000000000000000     0x48d4
 .debug_str     0x0000000000000000     0x2b83 /tmp/ccCJ2Je0.ltrans0.ltrans.o
                                       0x2d10 (size before relaxing)
 .debug_str     0x0000000000002b83      0x3f0 /tmp/ccCJ2Je0.ltrans5.ltrans.o
                                        0xf6d (size before relaxing)
 .debug_str     0x0000000000002f73      0x371 /tmp/ccCJ2Je0.ltrans6.ltrans.o
                                       0x1073 (size before relaxing)
 .debug_str     0x00000000000032e4      0x1d8 /tmp/ccCJ2Je0.ltrans7.ltrans.o
                                       0x1072 (size before relaxing)
 .debug_str     0x00000000000034bc      0x398 /tmp/ccCJ2Je0.ltrans8.ltrans.o
                                        0xd2e (size before relaxing)
 .debug_str     0x0000000000003854      0x233 /tmp/ccCJ2Je0.ltrans9.ltrans.o
                                        0xa8d (size before relaxing)
 .debug_str     0x0000000000003a87      0x144 /tmp/ccCJ2Je0.ltrans10.ltrans.o
                                        0x9fd (size before relaxing)
 .debug_str     0x0000000000003bcb      0xbde /tmp/ccCJ2Je0.ltrans11.ltrans.o
                                       0x1474 (size before relaxing)
 .debug_str     0x00000000000047a9      0x12b /usr/lib/gcc/arm-none-eabi/4.8.2/../../../arm-none-eabi/lib/armv7e-m/libg.a(lib_a-memset.o)
                                        0x1b3 (size before relaxing)

.debug_frame    0x0000000000000000     0x383c
 .debug_frame   0x0000000000000000      0x51c /tmp/ccCJ2Je0.ltrans0.ltrans.o
 .debug_frame   0x000000000000051c      0x5d4 /tmp/ccCJ2Je0.ltrans5.ltrans.o
 .debug_frame   0x0000000000000af0      0x4f8 /tmp/ccCJ2Je0.ltrans6.ltrans.o
 .debug_frame   0x0000000000000fe8      0x5dc /tmp/ccCJ2Je0.ltrans7.ltrans.o
 .debug_frame   0x00000000000015c4      0x7ac /tmp/ccCJ2Je0.ltrans8.ltrans.o
 .debug_frame   0x0000000000001d70      0x640 /tmp/ccCJ2Je0.ltrans9.ltrans.o
 .debug_frame   0x00000000000023b0      0x664 /tmp/ccCJ2Je0.ltrans10.ltrans.o
 .debug_frame   0x0000000000002a14      0xdfc /tmp/ccCJ2Je0.ltrans11.ltrans.o
 .debug_frame   0x0000000000003810       0x2c /usr/lib/gcc/arm-none-eabi/4.8.2/../../../arm-none-eabi/lib/armv7e-m/libg.a(lib_a-memset.o)

.debug_loc      0x0000000000000000      0x18b
 .debug_loc     0x0000000000000000      0x18b /usr/lib/gcc/arm-none-eabi/4.8.2/../../../arm-none-eabi/lib/armv7e-m/libg.a(lib_a-memset.o)

Cross Reference Table

Symbol                                            File
BusFault_Handler                                  /tmp/ccCJ2Je0.ltrans11.ltrans.o
                                                  build/obj/vectors.o (symbol from plugin)
                                                  /tmp/ccCJ2Je0.ltrans0.ltrans.o
DebugMon_Handler                                  /tmp/ccCJ2Je0.ltrans11.ltrans.o
                                                  build/obj/vectors.o (symbol from plugin)
                                                  /tmp/ccCJ2Je0.ltrans0.ltrans.o
HardFault_Handler                                 /tmp/ccCJ2Je0.ltrans11.ltrans.o
                                                  build/obj/vectors.o (symbol from plugin)
                                                  /tmp/ccCJ2Je0.ltrans0.ltrans.o
MemManage_Handler                                 /tmp/ccCJ2Je0.ltrans11.ltrans.o
                                                  build/obj/vectors.o (symbol from plugin)
                                                  /tmp/ccCJ2Je0.ltrans0.ltrans.o
NMI_Handler                                       /tmp/ccCJ2Je0.ltrans11.ltrans.o
                                                  build/obj/vectors.o (symbol from plugin)
                                                  /tmp/ccCJ2Je0.ltrans0.ltrans.o