Archive member included because of file (symbol)

/usr/lib/gcc/arm-none-eabi/4.8.2/../../../arm-none-eabi/lib/armv7e-m/libg.a(lib_a-memcpy.o)
                              /tmp/ccFEEOUj.ltrans0.ltrans.o (memcpy)
/usr/lib/gcc/arm-none-eabi/4.8.2/../../../arm-none-eabi/lib/armv7e-m/libg.a(lib_a-memset.o)
                              /tmp/ccFEEOUj.ltrans7.ltrans.o (memset)
/usr/lib/gcc/arm-none-eabi/4.8.2/../../../arm-none-eabi/lib/armv7e-m/libg.a(lib_a-strcmp.o)
                              /tmp/ccFEEOUj.ltrans1.ltrans.o (strcmp)
/usr/lib/gcc/arm-none-eabi/4.8.2/../../../arm-none-eabi/lib/armv7e-m/libg.a(lib_a-strpbrk.o)
                              /tmp/ccFEEOUj.ltrans1.ltrans.o (strpbrk)
/usr/lib/gcc/arm-none-eabi/4.8.2/../../../arm-none-eabi/lib/armv7e-m/libg.a(lib_a-strspn.o)
                              /tmp/ccFEEOUj.ltrans1.ltrans.o (strspn)

Discarded input sections

 .data          0x0000000000000000        0x0 build/obj/crt0_v7m.o
 .bss           0x0000000000000000        0x0 build/obj/crt0_v7m.o
 .data          0x0000000000000000        0x0 build/obj/chcoreasm_v7m.o
 .bss           0x0000000000000000        0x0 build/obj/chcoreasm_v7m.o
 .text          0x0000000000000000        0x0 build/obj/crt1.o (symbol from plugin)
 .text          0x0000000000000000        0x0 /tmp/ccFEEOUj.ltrans0.ltrans.o
 .data          0x0000000000000000        0x0 /tmp/ccFEEOUj.ltrans0.ltrans.o
 .bss           0x0000000000000000        0x0 /tmp/ccFEEOUj.ltrans0.ltrans.o
 .text.shellCreateStatic.4420
                0x0000000000000000       0x30 /tmp/ccFEEOUj.ltrans0.ltrans.o
 .text.writes.14583
                0x0000000000000000       0x60 /tmp/ccFEEOUj.ltrans0.ltrans.o
 .text.reads.14589
                0x0000000000000000       0x60 /tmp/ccFEEOUj.ltrans0.ltrans.o
 .text.put.14570
                0x0000000000000000       0x50 /tmp/ccFEEOUj.ltrans0.ltrans.o
 .text.get.14580
                0x0000000000000000       0x40 /tmp/ccFEEOUj.ltrans0.ltrans.o
 .text.msObjectInit.4378
                0x0000000000000000       0x40 /tmp/ccFEEOUj.ltrans0.ltrans.o
 .text.chsnprintf.4349
                0x0000000000000000       0x60 /tmp/ccFEEOUj.ltrans0.ltrans.o
 .text          0x0000000000000000        0x0 /tmp/ccFEEOUj.ltrans1.ltrans.o
 .data          0x0000000000000000        0x0 /tmp/ccFEEOUj.ltrans1.ltrans.o
 .bss           0x0000000000000000        0x0 /tmp/ccFEEOUj.ltrans1.ltrans.o
 .text          0x0000000000000000        0x0 /tmp/ccFEEOUj.ltrans2.ltrans.o
 .data          0x0000000000000000        0x0 /tmp/ccFEEOUj.ltrans2.ltrans.o
 .bss           0x0000000000000000        0x0 /tmp/ccFEEOUj.ltrans2.ltrans.o
 .text          0x0000000000000000        0x0 /tmp/ccFEEOUj.ltrans3.ltrans.o
 .data          0x0000000000000000        0x0 /tmp/ccFEEOUj.ltrans3.ltrans.o
 .bss           0x0000000000000000        0x0 /tmp/ccFEEOUj.ltrans3.ltrans.o
 .text          0x0000000000000000        0x0 /tmp/ccFEEOUj.ltrans4.ltrans.o
 .data          0x0000000000000000        0x0 /tmp/ccFEEOUj.ltrans4.ltrans.o
 .bss           0x0000000000000000        0x0 /tmp/ccFEEOUj.ltrans4.ltrans.o
 .text          0x0000000000000000        0x0 /tmp/ccFEEOUj.ltrans5.ltrans.o
 .data          0x0000000000000000        0x0 /tmp/ccFEEOUj.ltrans5.ltrans.o
 .bss           0x0000000000000000        0x0 /tmp/ccFEEOUj.ltrans5.ltrans.o
 .text          0x0000000000000000        0x0 /tmp/ccFEEOUj.ltrans6.ltrans.o
 .data          0x0000000000000000        0x0 /tmp/ccFEEOUj.ltrans6.ltrans.o
 .bss           0x0000000000000000        0x0 /tmp/ccFEEOUj.ltrans6.ltrans.o
 .text.usb_lld_stop
                0x0000000000000000       0xa0 /tmp/ccFEEOUj.ltrans6.ltrans.o
 .text.usb_lld_disable_endpoints
                0x0000000000000000       0x20 /tmp/ccFEEOUj.ltrans6.ltrans.o
 .text          0x0000000000000000        0x0 /tmp/ccFEEOUj.ltrans7.ltrans.o
 .data          0x0000000000000000        0x0 /tmp/ccFEEOUj.ltrans7.ltrans.o
 .bss           0x0000000000000000        0x0 /tmp/ccFEEOUj.ltrans7.ltrans.o
 .text.usbDisableEndpointsI.4503
                0x0000000000000000       0x80 /tmp/ccFEEOUj.ltrans7.ltrans.o
 .text.usbStallReceiveI.4487
                0x0000000000000000       0x60 /tmp/ccFEEOUj.ltrans7.ltrans.o
 .text.usbStallTransmitI.4483
                0x0000000000000000       0x60 /tmp/ccFEEOUj.ltrans7.ltrans.o
 .text.nvicDisableVector
                0x0000000000000000       0x40 /tmp/ccFEEOUj.ltrans7.ltrans.o
 .text.nvicSetSystemHandlerPriority.4450
                0x0000000000000000       0x40 /tmp/ccFEEOUj.ltrans7.ltrans.o
 .text.nvicClearPending.4446
                0x0000000000000000       0x30 /tmp/ccFEEOUj.ltrans7.ltrans.o
 .text._pal_lld_setgroupmode
                0x0000000000000000      0x170 /tmp/ccFEEOUj.ltrans7.ltrans.o
 .text          0x0000000000000000        0x0 /tmp/ccFEEOUj.ltrans8.ltrans.o
 .data          0x0000000000000000        0x0 /tmp/ccFEEOUj.ltrans8.ltrans.o
 .bss           0x0000000000000000        0x0 /tmp/ccFEEOUj.ltrans8.ltrans.o
[...]
Memory Configuration

Name             Origin             Length             Attributes
flash            0x0000000008000000 0x0000000000100000
ram0             0x0000000020000000 0x0000000000020000
ram1             0x0000000020000000 0x000000000001c000
ram2             0x000000002001c000 0x0000000000004000
ram3             0x0000000000000000 0x0000000000000000
ram4             0x0000000010000000 0x0000000000010000
ram5             0x0000000040024000 0x0000000000001000
ram6             0x0000000000000000 0x0000000000000000
ram7             0x0000000000000000 0x0000000000000000
*default*        0x0000000000000000 0xffffffffffffffff

Linker script and memory map

LOAD build/obj/crt0_v7m.o
LOAD build/obj/chcoreasm_v7m.o
LOAD build/obj/crt1.o
LOAD /tmp/ccFEEOUj.ltrans0.ltrans.o
LOAD /tmp/ccFEEOUj.ltrans1.ltrans.o
LOAD /tmp/ccFEEOUj.ltrans2.ltrans.o
LOAD /tmp/ccFEEOUj.ltrans3.ltrans.o
LOAD /tmp/ccFEEOUj.ltrans4.ltrans.o
LOAD /tmp/ccFEEOUj.ltrans5.ltrans.o
LOAD /tmp/ccFEEOUj.ltrans6.ltrans.o
LOAD /tmp/ccFEEOUj.ltrans7.ltrans.o
LOAD /tmp/ccFEEOUj.ltrans8.ltrans.o
LOAD /tmp/ccFEEOUj.ltrans9.ltrans.o
LOAD /tmp/ccFEEOUj.ltrans10.ltrans.o
LOAD /tmp/ccFEEOUj.ltrans11.ltrans.o
LOAD /tmp/ccFEEOUj.ltrans12.ltrans.o
LOAD build/obj/vectors.o
LOAD build/obj/chsys.o
LOAD build/obj/chdebug.o
LOAD build/obj/chvt.o
LOAD build/obj/chschd.o
LOAD build/obj/chthreads.o
LOAD build/obj/chtm.o
LOAD build/obj/chstats.o
LOAD build/obj/chdynamic.o
LOAD build/obj/chregistry.o
LOAD build/obj/chsem.o
LOAD build/obj/chmtx.o
LOAD build/obj/chcond.o
LOAD build/obj/chevents.o
LOAD build/obj/chmsg.o
LOAD build/obj/chmboxes.o
LOAD build/obj/chqueues.o
LOAD build/obj/chmemcore.o
LOAD build/obj/chheap.o
LOAD build/obj/chmempools.o
LOAD build/obj/chcore.o
LOAD build/obj/chcore_v7m.o
LOAD build/obj/osal.o
LOAD build/obj/hal.o
LOAD build/obj/st.o
LOAD build/obj/hal_buffers.o
LOAD build/obj/hal_queues.o
LOAD build/obj/hal_mmcsd.o
LOAD build/obj/pal.o
LOAD build/obj/serial_usb.o
LOAD build/obj/usb.o
LOAD build/obj/nvic.o
LOAD build/obj/hal_lld.o
LOAD build/obj/stm32_dma.o
LOAD build/obj/st_lld.o
LOAD build/obj/pal_lld.o
LOAD build/obj/usb_lld.o
LOAD build/obj/board.o
LOAD build/obj/test.o
LOAD build/obj/testthd.o
LOAD build/obj/testsem.o
LOAD build/obj/testmtx.o
LOAD build/obj/testmsg.o
LOAD build/obj/testmbox.o
LOAD build/obj/testevt.o
LOAD build/obj/testheap.o
LOAD build/obj/testpools.o
LOAD build/obj/testdyn.o
LOAD build/obj/testqueues.o
LOAD build/obj/testsys.o
LOAD build/obj/testbmk.o
LOAD build/obj/shell.o
LOAD build/obj/memstreams.o
LOAD build/obj/chprintf.o
LOAD build/obj/usbcfg.o
LOAD build/obj/main.o
                0x0000000020000000                __ram0_start__ = ORIGIN (ram0)
                0x0000000000020000                __ram0_size__ = 0x20000
                0x0000000020020000                __ram0_end__ = (__ram0_start__ + __ram0_size__)
                0x0000000020000000                __ram1_start__ = ORIGIN (ram1)
                0x000000000001c000                __ram1_size__ = 0x1c000
                0x000000002001c000                __ram1_end__ = (__ram1_start__ + __ram1_size__)
                0x000000002001c000                __ram2_start__ = ORIGIN (ram2)
                0x0000000000004000                __ram2_size__ = 0x4000
                0x0000000020020000                __ram2_end__ = (__ram2_start__ + __ram2_size__)
                0x0000000000000000                __ram3_start__ = ORIGIN (ram3)
                0x0000000000000000                __ram3_size__ = 0x0
                0x0000000000000000                __ram3_end__ = (__ram3_start__ + __ram3_size__)
                0x0000000010000000                __ram4_start__ = ORIGIN (ram4)
                0x0000000000010000                __ram4_size__ = 0x10000
                0x0000000010010000                __ram4_end__ = (__ram4_start__ + __ram4_size__)
                0x0000000040024000                __ram5_start__ = ORIGIN (ram5)
                0x0000000000001000                __ram5_size__ = 0x1000
                0x0000000040025000                __ram5_end__ = (__ram5_start__ + __ram5_size__)
                0x0000000000000000                __ram6_start__ = ORIGIN (ram6)
                0x0000000000000000                __ram6_size__ = 0x0
                0x0000000000000000                __ram6_end__ = (__ram6_start__ + __ram6_size__)
                0x0000000000000000                __ram7_start__ = ORIGIN (ram7)
                0x0000000000000000                __ram7_size__ = 0x0
                0x0000000000000000                __ram7_end__ = (__ram7_start__ + __ram7_size__)
                0x0000000000000000                . = 0x0
                0x0000000000000000                _text = .

startup         0x0000000008000000      0x200
 *(.vectors)
 .vectors       0x0000000008000000      0x200 /tmp/ccFEEOUj.ltrans12.ltrans.o
                0x0000000008000000                _vectors

constructors    0x0000000008000200        0x0
                0x0000000008000200                __init_array_start = .
 *(SORT(.init_array.*))
 *(.init_array)
                0x0000000008000200                __init_array_end = .

destructors     0x0000000008000200        0x0
                0x0000000008000200                __fini_array_start = .
 *(.fini_array)
 *(SORT(.fini_array.*))
                0x0000000008000200                __fini_array_end = .

.text           0x0000000008000200    0x12438
 *(.text)
 .text          0x0000000008000200       0xc4 build/obj/crt0_v7m.o
                0x0000000008000200                Reset_Handler
 *fill*         0x00000000080002c4        0xc 
 .text          0x00000000080002d0       0x40 build/obj/chcoreasm_v7m.o
                0x00000000080002d0                _port_switch
                0x00000000080002e0                _port_thread_start
                0x00000000080002f8                _port_switch_from_isr
                0x000000000800030c                _port_exit_from_isr
 .text          0x0000000008000310      0x134 /usr/lib/gcc/arm-none-eabi/4.8.2/../../../arm-none-eabi/lib/armv7e-m/libg.a(lib_a-memcpy.o)
                0x0000000008000310                memcpy
 *fill*         0x0000000008000444        0xc 
 .text          0x0000000008000450      0x21c /usr/lib/gcc/arm-none-eabi/4.8.2/../../../arm-none-eabi/lib/armv7e-m/libg.a(lib_a-strcmp.o)
                0x0000000008000450                strcmp
 *(.text.*)
 *fill*         0x000000000800066c        0x4 
 .text.shellInit.4446
                0x0000000008000670       0x10 /tmp/ccFEEOUj.ltrans0.ltrans.o
 .text.shellExit
                0x0000000008000680       0x30 /tmp/ccFEEOUj.ltrans0.ltrans.o
                0x0000000008000680                shellExit
 .text.shellCreate.4438
                0x00000000080006b0       0x30 /tmp/ccFEEOUj.ltrans0.ltrans.o
 .text.shellGetLine
                0x00000000080006e0      0x100 /tmp/ccFEEOUj.ltrans0.ltrans.o
                0x00000000080006e0                shellGetLine
 .text.long_to_string_with_divisor.14618.4372
                0x00000000080007e0       0xa0 /tmp/ccFEEOUj.ltrans0.ltrans.o
 .text.ch_ltoa.14626.4367
                0x0000000008000880       0x20 /tmp/ccFEEOUj.ltrans0.ltrans.o
 .text.chvprintf.4359
                0x00000000080008a0      0x450 /tmp/ccFEEOUj.ltrans0.ltrans.o
 .text.chprintf
                0x0000000008000cf0       0x30 /tmp/ccFEEOUj.ltrans0.ltrans.o
                0x0000000008000cf0                chprintf
 .text.port_lock.14689.4347
                0x0000000008000d20       0x10 /tmp/ccFEEOUj.ltrans0.ltrans.o
 .text.port_unlock.14692.4345
                0x0000000008000d30       0x10 /tmp/ccFEEOUj.ltrans0.ltrans.o
 .text.port_lock_from_isr.14694.4343
                0x0000000008000d40       0x10 /tmp/ccFEEOUj.ltrans0.ltrans.o
 .text.port_unlock_from_isr.14696.4341
                0x0000000008000d50       0x10 /tmp/ccFEEOUj.ltrans0.ltrans.o
 .text.chSysLockFromISR.14958.4339
                0x0000000008000d60       0x10 /tmp/ccFEEOUj.ltrans0.ltrans.o
 .text.chSysUnlockFromISR.14962.4337
                0x0000000008000d70       0x10 /tmp/ccFEEOUj.ltrans0.ltrans.o
 .text.osalSysLockFromISR.14960.4335
                0x0000000008000d80       0x10 /tmp/ccFEEOUj.ltrans0.ltrans.o
 .text.osalSysUnlockFromISR.14968.4333
                0x0000000008000d90       0x10 /tmp/ccFEEOUj.ltrans0.ltrans.o
 .text.get_descriptor.14698
                0x0000000008000da0       0x60 /tmp/ccFEEOUj.ltrans0.ltrans.o
                0x0000000008000da0                get_descriptor.14698
 .text.usb_event.14964
                0x0000000008000e00       0x90 /tmp/ccFEEOUj.ltrans0.ltrans.o
                0x0000000008000e00                usb_event.14964
 .text.sof_handler.14970
                0x0000000008000e90       0x20 /tmp/ccFEEOUj.ltrans0.ltrans.o
                0x0000000008000e90                sof_handler.14970
 .text.chThdGetSelfX.15075.4149
                0x0000000008000eb0       0x10 /tmp/ccFEEOUj.ltrans0.ltrans.o
 .text.chThdGetPriorityX.15164.4147
                0x0000000008000ec0       0x10 /tmp/ccFEEOUj.ltrans0.ltrans.o
 .text.chThdTerminatedX.15166.4062
                0x0000000008000ed0       0x20 /tmp/ccFEEOUj.ltrans0.ltrans.o
 .text.chRegSetThreadName.15170.4058
                0x0000000008000ef0       0x20 /tmp/ccFEEOUj.ltrans0.ltrans.o
 .text.cmd_mem.15187
                0x0000000008000f10       0x70 /tmp/ccFEEOUj.ltrans0.ltrans.o
                0x0000000008000f10                cmd_mem.15187
 .text.cmd_threads.15192
                0x0000000008000f80       0x90 /tmp/ccFEEOUj.ltrans0.ltrans.o
                0x0000000008000f80                cmd_threads.15192
 .text.cmd_test.15197
                0x0000000008001010       0x70 /tmp/ccFEEOUj.ltrans0.ltrans.o
                0x0000000008001010                cmd_test.15197
 .text.cmd_write.15173
                0x0000000008001080       0x70 /tmp/ccFEEOUj.ltrans0.ltrans.o
                0x0000000008001080                cmd_write.15173
 .text.Thread1.15203.4013
                0x00000000080010f0       0x90 /tmp/ccFEEOUj.ltrans0.ltrans.o
 .text.main     0x0000000008001180      0x110 /tmp/ccFEEOUj.ltrans0.ltrans.o
                0x0000000008001180                main
 .text.chVTIsArmed.13745.4309
                0x0000000008001290       0x30 /tmp/ccFEEOUj.ltrans1.ltrans.o
 .text.chVTResetI.13730.4306
                0x00000000080012c0       0x20 /tmp/ccFEEOUj.ltrans1.ltrans.o
 .text.chVTSetI.13733.4300
                0x00000000080012e0       0x30 /tmp/ccFEEOUj.ltrans1.ltrans.o
 .text.chVTSet.13739.4286
                0x0000000008001310       0x30 /tmp/ccFEEOUj.ltrans1.ltrans.o
 .text.vtcb.13716.4283
                0x0000000008001340       0x30 /tmp/ccFEEOUj.ltrans1.ltrans.o
 .text.sys1_execute.13748
                0x0000000008001370       0x90 /tmp/ccFEEOUj.ltrans1.ltrans.o
                0x0000000008001370                sys1_execute.13748
 .text.sys2_execute.13756
                0x0000000008001400       0x20 /tmp/ccFEEOUj.ltrans1.ltrans.o
                0x0000000008001400                sys2_execute.13756
 .text.sys3_execute.13758
                0x0000000008001420      0x100 /tmp/ccFEEOUj.ltrans1.ltrans.o
                0x0000000008001420                sys3_execute.13758
 .text.port_lock.13940.4274
                0x0000000008001520       0x10 /tmp/ccFEEOUj.ltrans1.ltrans.o
 .text.port_unlock.13943.4272
                0x0000000008001530       0x10 /tmp/ccFEEOUj.ltrans1.ltrans.o
 .text.chSysLock.14054.4270
                0x0000000008001540       0x10 /tmp/ccFEEOUj.ltrans1.ltrans.o
 .text.chSysUnlock.14056.4268
                0x0000000008001550       0x50 /tmp/ccFEEOUj.ltrans1.ltrans.o
 .text.chThdGetSelfX.13945.4266
                0x00000000080015a0       0x10 /tmp/ccFEEOUj.ltrans1.ltrans.o
 .text.chThdGetPriorityX.14033.4264
                0x00000000080015b0       0x10 /tmp/ccFEEOUj.ltrans1.ltrans.o
 .text.chThdShouldTerminateX.14035.4262
                0x00000000080015c0       0x20 /tmp/ccFEEOUj.ltrans1.ltrans.o
 .text.chMsgGet.14038.4259
                0x00000000080015e0       0x10 /tmp/ccFEEOUj.ltrans1.ltrans.o
 .text.chIQGet.14079.4243
                0x00000000080015f0       0x20 /tmp/ccFEEOUj.ltrans1.ltrans.o
 .text.thread1.14044.4221
                0x0000000008001610       0x20 /tmp/ccFEEOUj.ltrans1.ltrans.o
 .text.thread2.14047.4233
                0x0000000008001630       0x30 /tmp/ccFEEOUj.ltrans1.ltrans.o
 .text.msg_loop_test.14105.4240
                0x0000000008001660       0x50 /tmp/ccFEEOUj.ltrans1.ltrans.o
 .text.bmk1_execute.14108
                0x00000000080016b0       0x90 /tmp/ccFEEOUj.ltrans1.ltrans.o
                0x00000000080016b0                bmk1_execute.14108
 .text.bmk2_execute.14110
                0x0000000008001740       0x90 /tmp/ccFEEOUj.ltrans1.ltrans.o
                0x0000000008001740                bmk2_execute.14110
 .text.bmk3_execute.14112
                0x00000000080017d0      0x160 /tmp/ccFEEOUj.ltrans1.ltrans.o
                0x00000000080017d0                bmk3_execute.14112
 .text.thread4.14058.4228
                0x0000000008001930       0x30 /tmp/ccFEEOUj.ltrans1.ltrans.o
 .text.bmk4_execute.14061
                0x0000000008001960       0xe0 /tmp/ccFEEOUj.ltrans1.ltrans.o
                0x0000000008001960                bmk4_execute.14061
 .text.bmk5_execute.14063
                0x0000000008001a40       0x90 /tmp/ccFEEOUj.ltrans1.ltrans.o
                0x0000000008001a40                bmk5_execute.14063
 .text.bmk6_execute.14050
                0x0000000008001ad0       0x80 /tmp/ccFEEOUj.ltrans1.ltrans.o
                0x0000000008001ad0                bmk6_execute.14050
 .text.thread3.14065.4214
                0x0000000008001b50       0x30 /tmp/ccFEEOUj.ltrans1.ltrans.o
 .text.bmk7_setup.14068
                0x0000000008001b80       0x20 /tmp/ccFEEOUj.ltrans1.ltrans.o
                0x0000000008001b80                bmk7_setup.14068
 .text.bmk7_execute.14072
                0x0000000008001ba0      0x1a0 /tmp/ccFEEOUj.ltrans1.ltrans.o
                0x0000000008001ba0                bmk7_execute.14072
 .text.thread8.14074.4209
                0x0000000008001d40       0x40 /tmp/ccFEEOUj.ltrans1.ltrans.o
 .text.bmk8_execute.14077
                0x0000000008001d80      0x150 /tmp/ccFEEOUj.ltrans1.ltrans.o
                0x0000000008001d80                bmk8_execute.14077
 .text.bmk9_execute.14095
                0x0000000008001ed0       0xf0 /tmp/ccFEEOUj.ltrans1.ltrans.o
                0x0000000008001ed0                bmk9_execute.14095
 .text.tmo.14041.4202
                0x0000000008001fc0       0x10 /tmp/ccFEEOUj.ltrans1.ltrans.o
 .text.bmk10_execute.14097
                0x0000000008001fd0       0xb0 /tmp/ccFEEOUj.ltrans1.ltrans.o
                0x0000000008001fd0                bmk10_execute.14097
 .text.bmk11_setup.14070
                0x0000000008002080       0x20 /tmp/ccFEEOUj.ltrans1.ltrans.o
                0x0000000008002080                bmk11_setup.14070
 .text.bmk11_execute.14099
                0x00000000080020a0       0xc0 /tmp/ccFEEOUj.ltrans1.ltrans.o
                0x00000000080020a0                bmk11_execute.14099
 .text.bmk12_setup.14101
                0x0000000008002160       0x10 /tmp/ccFEEOUj.ltrans1.ltrans.o
                0x0000000008002160                bmk12_setup.14101
 .text.bmk12_execute.14103
                0x0000000008002170       0xc0 /tmp/ccFEEOUj.ltrans1.ltrans.o
                0x0000000008002170                bmk12_execute.14103
 .text.bmk13_execute.14052
                0x0000000008002230      0x140 /tmp/ccFEEOUj.ltrans1.ltrans.o
                0x0000000008002230                bmk13_execute.14052
 .text.port_lock.14247.4187
                0x0000000008002370       0x10 /tmp/ccFEEOUj.ltrans1.ltrans.o
 .text.port_unlock.14250.4185
                0x0000000008002380       0x10 /tmp/ccFEEOUj.ltrans1.ltrans.o
 .text.st_lld_get_counter.14252.4183
                0x0000000008002390       0x10 /tmp/ccFEEOUj.ltrans1.ltrans.o
 .text.port_timer_get_time.14257.4181
                0x00000000080023a0       0x10 /tmp/ccFEEOUj.ltrans1.ltrans.o
 .text.chSysLock.14362
                0x00000000080023b0       0x10 /tmp/ccFEEOUj.ltrans1.ltrans.o
                0x00000000080023b0                chSysLock.14362
 .text.chSysUnlock.14364.4177
                0x00000000080023c0       0x50 /tmp/ccFEEOUj.ltrans1.ltrans.o
 .text.chVTGetSystemTimeX.14259.4175
                0x0000000008002410       0x10 /tmp/ccFEEOUj.ltrans1.ltrans.o
 .text.chVTGetSystemTime.14366.4172
                0x0000000008002420       0x20 /tmp/ccFEEOUj.ltrans1.ltrans.o
 .text.chRegSetThreadName.14261.4169
                0x0000000008002440       0x20 /tmp/ccFEEOUj.ltrans1.ltrans.o
 .text.chEvtObjectInit.14265
                0x0000000008002460       0x10 /tmp/ccFEEOUj.ltrans1.ltrans.o
                0x0000000008002460                chEvtObjectInit.14265
 .text.chEvtBroadcastI.14368
                0x0000000008002470       0x20 /tmp/ccFEEOUj.ltrans1.ltrans.o
                0x0000000008002470                chEvtBroadcastI.14368
 .text._strtok.14371.4065
                0x0000000008002490       0x70 /tmp/ccFEEOUj.ltrans1.ltrans.o
 .text.usage.14376.4061
                0x0000000008002500       0x20 /tmp/ccFEEOUj.ltrans1.ltrans.o
 .text.list_commands.14399.4057
                0x0000000008002520       0x40 /tmp/ccFEEOUj.ltrans1.ltrans.o
 .text.cmd_info.14389
                0x0000000008002560       0xf0 /tmp/ccFEEOUj.ltrans1.ltrans.o
                0x0000000008002560                cmd_info.14389
 .text.cmd_systime.14394
                0x0000000008002650       0x40 /tmp/ccFEEOUj.ltrans1.ltrans.o
                0x0000000008002650                cmd_systime.14394
 .text.cmdexec.14408.4014
                0x0000000008002690       0x50 /tmp/ccFEEOUj.ltrans1.ltrans.o
 .text.shell_thread.14430
                0x00000000080026e0      0x1d0 /tmp/ccFEEOUj.ltrans1.ltrans.o
                0x00000000080026e0                shell_thread.14430
 .text.pools1_setup.13131
                0x00000000080028b0       0x20 /tmp/ccFEEOUj.ltrans2.ltrans.o
                0x00000000080028b0                pools1_setup.13131
 .text.pools1_execute.13133
                0x00000000080028d0      0x150 /tmp/ccFEEOUj.ltrans2.ltrans.o
                0x00000000080028d0                pools1_execute.13133
 .text.chThdGetSelfX.13161.4246
                0x0000000008002a20       0x10 /tmp/ccFEEOUj.ltrans2.ltrans.o
 .text.chThdGetPriorityX.13250.4244
                0x0000000008002a30       0x10 /tmp/ccFEEOUj.ltrans2.ltrans.o
 .text.thread.13252.4228
                0x0000000008002a40       0x20 /tmp/ccFEEOUj.ltrans2.ltrans.o
 .text.dyn1_setup.13255
                0x0000000008002a60       0x20 /tmp/ccFEEOUj.ltrans2.ltrans.o
                0x0000000008002a60                dyn1_setup.13255
 .text.dyn1_execute.13259
                0x0000000008002a80      0x1a0 /tmp/ccFEEOUj.ltrans2.ltrans.o
                0x0000000008002a80                dyn1_execute.13259
 .text.dyn2_setup.13261
                0x0000000008002c20       0x20 /tmp/ccFEEOUj.ltrans2.ltrans.o
                0x0000000008002c20                dyn2_setup.13261
 .text.dyn2_execute.13263
                0x0000000008002c40      0x200 /tmp/ccFEEOUj.ltrans2.ltrans.o
                0x0000000008002c40                dyn2_execute.13263
 .text.regfind.13265.4233
                0x0000000008002e40       0x50 /tmp/ccFEEOUj.ltrans2.ltrans.o
 .text.dyn3_setup.13257
                0x0000000008002e90       0x20 /tmp/ccFEEOUj.ltrans2.ltrans.o
                0x0000000008002e90                dyn3_setup.13257
 .text.dyn3_execute.13269
                0x0000000008002eb0      0x1a0 /tmp/ccFEEOUj.ltrans2.ltrans.o
                0x0000000008002eb0                dyn3_execute.13269
 .text.port_lock.13401.4223
                0x0000000008003050       0x10 /tmp/ccFEEOUj.ltrans2.ltrans.o
 .text.port_unlock.13404.4221
                0x0000000008003060       0x10 /tmp/ccFEEOUj.ltrans2.ltrans.o
 .text.chSysLock.13540.4219
                0x0000000008003070       0x10 /tmp/ccFEEOUj.ltrans2.ltrans.o
 .text.chSysUnlock.13542.4217
                0x0000000008003080       0x50 /tmp/ccFEEOUj.ltrans2.ltrans.o
 .text.chThdGetSelfX.13406.4215
                0x00000000080030d0       0x10 /tmp/ccFEEOUj.ltrans2.ltrans.o
 .text.chThdGetPriorityX.13494.4213
                0x00000000080030e0       0x10 /tmp/ccFEEOUj.ltrans2.ltrans.o
 .text.chIQGetFullI.13527.4210
                0x00000000080030f0       0x20 /tmp/ccFEEOUj.ltrans2.ltrans.o
 .text.chIQIsEmptyI.13524.4207
                0x0000000008003110       0x20 /tmp/ccFEEOUj.ltrans2.ltrans.o
 .text.chIQIsFullI.13520.4204
                0x0000000008003130       0x40 /tmp/ccFEEOUj.ltrans2.ltrans.o
 .text.chIQGet.13516.4200
                0x0000000008003170       0x20 /tmp/ccFEEOUj.ltrans2.ltrans.o
 .text.chOQGetFullI.13534.4197
                0x0000000008003190       0x30 /tmp/ccFEEOUj.ltrans2.ltrans.o
 .text.chOQIsEmptyI.13530.4194
                0x00000000080031c0       0x40 /tmp/ccFEEOUj.ltrans2.ltrans.o
 .text.chOQIsFullI.13537.4191
                0x0000000008003200       0x20 /tmp/ccFEEOUj.ltrans2.ltrans.o
 .text.chOQPut.13551.4186
                0x0000000008003220       0x30 /tmp/ccFEEOUj.ltrans2.ltrans.o
 .text.notify.13496
                0x0000000008003250       0x10 /tmp/ccFEEOUj.ltrans2.ltrans.o
                0x0000000008003250                notify.13496
 .text.queues1_setup.13511
                0x0000000008003260       0x30 /tmp/ccFEEOUj.ltrans2.ltrans.o
                0x0000000008003260                queues1_setup.13511
 .text.thread1.13513.4181
                0x0000000008003290       0x20 /tmp/ccFEEOUj.ltrans2.ltrans.o
 .text.queues1_execute.13544
                0x00000000080032b0      0x380 /tmp/ccFEEOUj.ltrans2.ltrans.o
                0x00000000080032b0                queues1_execute.13544
 .text.queues2_setup.13546
                0x0000000008003630       0x30 /tmp/ccFEEOUj.ltrans2.ltrans.o
                0x0000000008003630                queues2_setup.13546
 .text.thread2.13548.4072
                0x0000000008003660       0x20 /tmp/ccFEEOUj.ltrans2.ltrans.o
 .text.queues2_execute.13555
                0x0000000008003680      0x310 /tmp/ccFEEOUj.ltrans2.ltrans.o
                0x0000000008003680                queues2_execute.13555
 .text.port_get_irq_status.13676.4067
                0x0000000008003990       0x20 /tmp/ccFEEOUj.ltrans2.ltrans.o
 .text.port_irq_enabled.13682.4063
                0x00000000080039b0       0x20 /tmp/ccFEEOUj.ltrans2.ltrans.o
 .text.port_lock.13686.4061
                0x00000000080039d0       0x10 /tmp/ccFEEOUj.ltrans2.ltrans.o
 .text.port_unlock.13688.4059
                0x00000000080039e0       0x10 /tmp/ccFEEOUj.ltrans2.ltrans.o
 .text.port_lock_from_isr.13690.4057
                0x00000000080039f0       0x10 /tmp/ccFEEOUj.ltrans2.ltrans.o
 .text.port_unlock_from_isr.13692.4055
                0x0000000008003a00       0x10 /tmp/ccFEEOUj.ltrans2.ltrans.o
 .text.port_disable.13694.4053
                0x0000000008003a10       0x10 /tmp/ccFEEOUj.ltrans2.ltrans.o
 .text.port_suspend.13696.4051
                0x0000000008003a20       0x20 /tmp/ccFEEOUj.ltrans2.ltrans.o
 .text.port_enable.13698.4049
                0x0000000008003a40       0x20 /tmp/ccFEEOUj.ltrans2.ltrans.o
 .text.chSysDisable.13750
                0x0000000008003a60       0x10 /tmp/ccFEEOUj.ltrans2.ltrans.o
                0x0000000008003a60                chSysDisable.13750
 .text.chSysSuspend.13752
                0x0000000008003a70       0x10 /tmp/ccFEEOUj.ltrans2.ltrans.o
                0x0000000008003a70                chSysSuspend.13752
 .text.chSysEnable.13754
                0x0000000008003a80       0x10 /tmp/ccFEEOUj.ltrans2.ltrans.o
                0x0000000008003a80                chSysEnable.13754
 .text.chSysLock.13723
                0x0000000008003a90       0x10 /tmp/ccFEEOUj.ltrans2.ltrans.o
                0x0000000008003a90                chSysLock.13723
 .text.chSysUnlock.13719
                0x0000000008003aa0       0x50 /tmp/ccFEEOUj.ltrans2.ltrans.o
                0x0000000008003aa0                chSysUnlock.13719
 .text.chSysLockFromISR.13712
                0x0000000008003af0       0x10 /tmp/ccFEEOUj.ltrans2.ltrans.o
                0x0000000008003af0                chSysLockFromISR.13712
 .text.chSysUnlockFromISR.13714
                0x0000000008003b00       0x10 /tmp/ccFEEOUj.ltrans2.ltrans.o
                0x0000000008003b00                chSysUnlockFromISR.13714
 .text.chSysUnconditionalLock.13725
                0x0000000008003b10       0x20 /tmp/ccFEEOUj.ltrans2.ltrans.o
                0x0000000008003b10                chSysUnconditionalLock.13725
 .text.chSysUnconditionalUnlock.13721
                0x0000000008003b30       0x20 /tmp/ccFEEOUj.ltrans2.ltrans.o
                0x0000000008003b30                chSysUnconditionalUnlock.13721
 .text.chVTObjectInit.13700
                0x0000000008003b50       0x10 /tmp/ccFEEOUj.ltrans2.ltrans.o
                0x0000000008003b50                chVTObjectInit.13700
 .text.chVTIsArmedI.13727
                0x0000000008003b60       0x20 /tmp/ccFEEOUj.ltrans2.ltrans.o
                0x0000000008003b60                chVTIsArmedI.13727
 .text.port_lock.12694.4184
                0x0000000008003b80       0x10 /tmp/ccFEEOUj.ltrans3.ltrans.o
 .text.port_unlock.12697.4182
                0x0000000008003b90       0x10 /tmp/ccFEEOUj.ltrans3.ltrans.o
 .text.st_lld_get_counter.12699.4180
                0x0000000008003ba0       0x10 /tmp/ccFEEOUj.ltrans3.ltrans.o
 .text.port_timer_get_time.12704.4178
                0x0000000008003bb0       0x10 /tmp/ccFEEOUj.ltrans3.ltrans.o
 .text.chSysLock.12846.4176
                0x0000000008003bc0       0x10 /tmp/ccFEEOUj.ltrans3.ltrans.o
 .text.chSysUnlock.12848.4174
                0x0000000008003bd0       0x50 /tmp/ccFEEOUj.ltrans3.ltrans.o
 .text.chVTGetSystemTimeX.12706.4172
                0x0000000008003c20       0x10 /tmp/ccFEEOUj.ltrans3.ltrans.o
 .text.chVTGetSystemTime.12850.4169
                0x0000000008003c30       0x20 /tmp/ccFEEOUj.ltrans3.ltrans.o
 .text.chThdGetSelfX.12708.4167
                0x0000000008003c50       0x10 /tmp/ccFEEOUj.ltrans3.ltrans.o
 .text.chThdGetPriorityX.12794.4165
                0x0000000008003c60       0x10 /tmp/ccFEEOUj.ltrans3.ltrans.o
 .text.chEvtObjectInit.12796.4162
                0x0000000008003c70       0x10 /tmp/ccFEEOUj.ltrans3.ltrans.o
 .text.chEvtRegisterMask.12830.4157
                0x0000000008003c80       0x20 /tmp/ccFEEOUj.ltrans3.ltrans.o
 .text.chEvtIsListeningI.12810.4153
                0x0000000008003ca0       0x20 /tmp/ccFEEOUj.ltrans3.ltrans.o
 .text.chEvtBroadcast.12840.4053
                0x0000000008003cc0       0x20 /tmp/ccFEEOUj.ltrans3.ltrans.o
 .text.evt1_setup.12814
                0x0000000008003ce0       0x10 /tmp/ccFEEOUj.ltrans3.ltrans.o
                0x0000000008003ce0                evt1_setup.12814
 .text.h1.12820
                0x0000000008003cf0       0x20 /tmp/ccFEEOUj.ltrans3.ltrans.o
                0x0000000008003cf0                h1.12820
 .text.h2.12824
                0x0000000008003d10       0x20 /tmp/ccFEEOUj.ltrans3.ltrans.o
                0x0000000008003d10                h2.12824
 .text.h3.12827
                0x0000000008003d30       0x20 /tmp/ccFEEOUj.ltrans3.ltrans.o
                0x0000000008003d30                h3.12827
 .text.evt1_execute.12835
                0x0000000008003d50       0xf0 /tmp/ccFEEOUj.ltrans3.ltrans.o
                0x0000000008003d50                evt1_execute.12835
 .text.evt2_setup.12816
                0x0000000008003e40       0x10 /tmp/ccFEEOUj.ltrans3.ltrans.o
                0x0000000008003e40                evt2_setup.12816
 .text.thread1.12837.4028
                0x0000000008003e50       0x20 /tmp/ccFEEOUj.ltrans3.ltrans.o
 .text.thread2.12843.4031
                0x0000000008003e70       0x30 /tmp/ccFEEOUj.ltrans3.ltrans.o
 .text.evt2_execute.12852
                0x0000000008003ea0      0x3b0 /tmp/ccFEEOUj.ltrans3.ltrans.o
                0x0000000008003ea0                evt2_execute.12852
 .text.evt3_setup.12818
                0x0000000008004250       0x10 /tmp/ccFEEOUj.ltrans3.ltrans.o
                0x0000000008004250                evt3_setup.12818
 .text.evt3_execute.12854
                0x0000000008004260       0xf0 /tmp/ccFEEOUj.ltrans3.ltrans.o
                0x0000000008004260                evt3_execute.12854
 .text.heap1_setup.12993
                0x0000000008004350       0x20 /tmp/ccFEEOUj.ltrans3.ltrans.o
                0x0000000008004350                heap1_setup.12993
 .text.heap1_execute.12996
                0x0000000008004370      0x370 /tmp/ccFEEOUj.ltrans3.ltrans.o
                0x0000000008004370                heap1_execute.12996
 .text.null_provider.13126
                0x00000000080046e0       0x10 /tmp/ccFEEOUj.ltrans3.ltrans.o
                0x00000000080046e0                null_provider.13126
 .text.thread4a.12144.4174
                0x00000000080046f0       0x30 /tmp/ccFEEOUj.ltrans4.ltrans.o
 .text.thread4b.12147.4177
                0x0000000008004720       0x30 /tmp/ccFEEOUj.ltrans4.ltrans.o
 .text.mtx4_execute.12154
                0x0000000008004750      0x350 /tmp/ccFEEOUj.ltrans4.ltrans.o
                0x0000000008004750                mtx4_execute.12154
 .text.mtx5_setup.12134
                0x0000000008004aa0       0x10 /tmp/ccFEEOUj.ltrans4.ltrans.o
                0x0000000008004aa0                mtx5_setup.12134
 .text.mtx5_execute.12156
                0x0000000008004ab0      0x130 /tmp/ccFEEOUj.ltrans4.ltrans.o
                0x0000000008004ab0                mtx5_execute.12156
 .text.mtx6_setup.12158
                0x0000000008004be0       0x20 /tmp/ccFEEOUj.ltrans4.ltrans.o
                0x0000000008004be0                mtx6_setup.12158
 .text.thread10.12164.4152
                0x0000000008004c00       0x40 /tmp/ccFEEOUj.ltrans4.ltrans.o
 .text.mtx6_execute.12167
                0x0000000008004c40      0x180 /tmp/ccFEEOUj.ltrans4.ltrans.o
                0x0000000008004c40                mtx6_execute.12167
 .text.mtx7_setup.12160
                0x0000000008004dc0       0x20 /tmp/ccFEEOUj.ltrans4.ltrans.o
                0x0000000008004dc0                mtx7_setup.12160
 .text.mtx7_execute.12169
                0x0000000008004de0      0x140 /tmp/ccFEEOUj.ltrans4.ltrans.o
                0x0000000008004de0                mtx7_execute.12169
 .text.mtx8_setup.12162
                0x0000000008004f20       0x30 /tmp/ccFEEOUj.ltrans4.ltrans.o
                0x0000000008004f20                mtx8_setup.12162
 .text.thread11.12171.4149
                0x0000000008004f50       0x60 /tmp/ccFEEOUj.ltrans4.ltrans.o
 .text.thread12.12139.4155
                0x0000000008004fb0       0x30 /tmp/ccFEEOUj.ltrans4.ltrans.o
 .text.mtx8_execute.12174
                0x0000000008004fe0       0xe0 /tmp/ccFEEOUj.ltrans4.ltrans.o
                0x0000000008004fe0                mtx8_execute.12174
 .text.chThdGetSelfX.12294.4144
                0x00000000080050c0       0x10 /tmp/ccFEEOUj.ltrans4.ltrans.o
 .text.chThdGetPriorityX.12383.4142
                0x00000000080050d0       0x10 /tmp/ccFEEOUj.ltrans4.ltrans.o
 .text.chMsgGet.12385.4139
                0x00000000080050e0       0x10 /tmp/ccFEEOUj.ltrans4.ltrans.o
 .text.thread.12388.4136
                0x00000000080050f0       0x30 /tmp/ccFEEOUj.ltrans4.ltrans.o
 .text.msg1_execute.12391
                0x0000000008005120       0xb0 /tmp/ccFEEOUj.ltrans4.ltrans.o
                0x0000000008005120                msg1_execute.12391
 .text.port_lock.12474.4131
                0x00000000080051d0       0x10 /tmp/ccFEEOUj.ltrans4.ltrans.o
 .text.port_unlock.12477.4129
                0x00000000080051e0       0x10 /tmp/ccFEEOUj.ltrans4.ltrans.o
 .text.chSysLock.12585.4127
                0x00000000080051f0       0x10 /tmp/ccFEEOUj.ltrans4.ltrans.o
 .text.chSysUnlock.12587.4125
                0x0000000008005200       0x50 /tmp/ccFEEOUj.ltrans4.ltrans.o
 .text.chSemGetCounterI.12481.4122
                0x0000000008005250       0x20 /tmp/ccFEEOUj.ltrans4.ltrans.o
 .text.chMBGetFreeCountI.12571.4119
                0x0000000008005270       0x20 /tmp/ccFEEOUj.ltrans4.ltrans.o
 .text.chMBGetUsedCountI.12582.4015
                0x0000000008005290       0x20 /tmp/ccFEEOUj.ltrans4.ltrans.o
 .text.mbox1_setup.12479
                0x00000000080052b0       0x20 /tmp/ccFEEOUj.ltrans4.ltrans.o
                0x00000000080052b0                mbox1_setup.12479
 .text.mbox1_execute.12589
                0x00000000080052d0      0x960 /tmp/ccFEEOUj.ltrans4.ltrans.o
                0x00000000080052d0                mbox1_execute.12589
 .text.TestThread
                0x0000000008005c30      0x280 /tmp/ccFEEOUj.ltrans5.ltrans.o
                0x0000000008005c30                TestThread
 .text.port_lock.11485.4237
                0x0000000008005eb0       0x10 /tmp/ccFEEOUj.ltrans5.ltrans.o
 .text.port_unlock.11488.4235
                0x0000000008005ec0       0x10 /tmp/ccFEEOUj.ltrans5.ltrans.o
 .text.st_lld_get_counter.11490.4233
                0x0000000008005ed0       0x10 /tmp/ccFEEOUj.ltrans5.ltrans.o
 .text.port_timer_get_time.11495.4231
                0x0000000008005ee0       0x10 /tmp/ccFEEOUj.ltrans5.ltrans.o
 .text.chSysLock.11592.4229
                0x0000000008005ef0       0x10 /tmp/ccFEEOUj.ltrans5.ltrans.o
 .text.chSysUnlock.11594.4227
                0x0000000008005f00       0x50 /tmp/ccFEEOUj.ltrans5.ltrans.o
 .text.chVTGetSystemTimeX.11497.4225
                0x0000000008005f50       0x10 /tmp/ccFEEOUj.ltrans5.ltrans.o
 .text.chVTGetSystemTime.11598.4223
                0x0000000008005f60       0x20 /tmp/ccFEEOUj.ltrans5.ltrans.o
 .text.chThdGetSelfX.11499.4221
                0x0000000008005f80       0x10 /tmp/ccFEEOUj.ltrans5.ltrans.o
 .text.chThdGetPriorityX.11585.4219
                0x0000000008005f90       0x10 /tmp/ccFEEOUj.ltrans5.ltrans.o
 .text.thread.11587.4214
                0x0000000008005fa0       0x20 /tmp/ccFEEOUj.ltrans5.ltrans.o
 .text.thd1_execute.11590
                0x0000000008005fc0      0x140 /tmp/ccFEEOUj.ltrans5.ltrans.o
                0x0000000008005fc0                thd1_execute.11590
 .text.thd2_execute.11596
                0x0000000008006100      0x160 /tmp/ccFEEOUj.ltrans5.ltrans.o
                0x0000000008006100                thd2_execute.11596
 .text.thd3_execute.11600
                0x0000000008006260      0x1e0 /tmp/ccFEEOUj.ltrans5.ltrans.o
                0x0000000008006260                thd3_execute.11600
 .text.thd4_execute.11602
                0x0000000008006440       0xb0 /tmp/ccFEEOUj.ltrans5.ltrans.o
                0x0000000008006440                thd4_execute.11602
 .text.port_lock.11730.4205
                0x00000000080064f0       0x10 /tmp/ccFEEOUj.ltrans5.ltrans.o
 .text.port_unlock.11733.4203
                0x0000000008006500       0x10 /tmp/ccFEEOUj.ltrans5.ltrans.o
 .text.st_lld_get_counter.11735.4201
                0x0000000008006510       0x10 /tmp/ccFEEOUj.ltrans5.ltrans.o
 .text.port_timer_get_time.11740.4199
                0x0000000008006520       0x10 /tmp/ccFEEOUj.ltrans5.ltrans.o
 .text.queue_isempty.11742.4196
                0x0000000008006530       0x20 /tmp/ccFEEOUj.ltrans5.ltrans.o
 .text.chSysLock.11859.4194
                0x0000000008006550       0x10 /tmp/ccFEEOUj.ltrans5.ltrans.o
 .text.chSysUnlock.11867.4192
                0x0000000008006560       0x50 /tmp/ccFEEOUj.ltrans5.ltrans.o
 .text.chVTGetSystemTimeX.11830.4190
                0x00000000080065b0       0x10 /tmp/ccFEEOUj.ltrans5.ltrans.o
 .text.chVTGetSystemTime.11871.4187
                0x00000000080065c0       0x20 /tmp/ccFEEOUj.ltrans5.ltrans.o
 .text.chThdGetSelfX.11832.4185
                0x00000000080065e0       0x10 /tmp/ccFEEOUj.ltrans5.ltrans.o
 .text.chThdGetPriorityX.11834.4183
                0x00000000080065f0       0x10 /tmp/ccFEEOUj.ltrans5.ltrans.o
 .text.chSemGetCounterI.11861.4180
                0x0000000008006600       0x20 /tmp/ccFEEOUj.ltrans5.ltrans.o
 .text.chBSemObjectInit.11842.4176
                0x0000000008006620       0x30 /tmp/ccFEEOUj.ltrans5.ltrans.o
 .text.chBSemWait.11850.4173
                0x0000000008006650       0x20 /tmp/ccFEEOUj.ltrans5.ltrans.o
 .text.chBSemReset.11889.4169
                0x0000000008006670       0x30 /tmp/ccFEEOUj.ltrans5.ltrans.o
 .text.chBSemSignalI.11876.4166
                0x00000000080066a0       0x20 /tmp/ccFEEOUj.ltrans5.ltrans.o
 .text.chBSemSignal.11879.4163
                0x00000000080066c0       0x20 /tmp/ccFEEOUj.ltrans5.ltrans.o
 .text.chBSemGetStateI.11864.4154
                0x00000000080066e0       0x20 /tmp/ccFEEOUj.ltrans5.ltrans.o
 .text.sem1_setup.11836
                0x0000000008006700       0x20 /tmp/ccFEEOUj.ltrans5.ltrans.o
                0x0000000008006700                sem1_setup.11836
 .text.thread1.11853.4149
                0x0000000008006720       0x30 /tmp/ccFEEOUj.ltrans5.ltrans.o
 .text.sem1_execute.11869
                0x0000000008006750      0x210 /tmp/ccFEEOUj.ltrans5.ltrans.o
                0x0000000008006750                sem1_execute.11869
 .text.sem2_setup.11838
                0x0000000008006960       0x20 /tmp/ccFEEOUj.ltrans5.ltrans.o
                0x0000000008006960                sem2_setup.11838
 .text.thread2.11873.4142
                0x0000000008006980       0x30 /tmp/ccFEEOUj.ltrans5.ltrans.o
 .text.sem2_execute.11885
                0x00000000080069b0      0x1e0 /tmp/ccFEEOUj.ltrans5.ltrans.o
                0x00000000080069b0                sem2_execute.11885
 .text.sem3_setup.11840
                0x0000000008006b90       0x20 /tmp/ccFEEOUj.ltrans5.ltrans.o
                0x0000000008006b90                sem3_setup.11840
 .text.thread3.11856.4135
                0x0000000008006bb0       0x30 /tmp/ccFEEOUj.ltrans5.ltrans.o
 .text.sem3_execute.11887
                0x0000000008006be0       0xe0 /tmp/ccFEEOUj.ltrans5.ltrans.o
                0x0000000008006be0                sem3_execute.11887
 .text.thread4.11882.4130
                0x0000000008006cc0       0x20 /tmp/ccFEEOUj.ltrans5.ltrans.o
 .text.sem4_execute.11893
                0x0000000008006ce0      0x1b0 /tmp/ccFEEOUj.ltrans5.ltrans.o
                0x0000000008006ce0                sem4_execute.11893
 .text.port_lock.12031.4125
                0x0000000008006e90       0x10 /tmp/ccFEEOUj.ltrans5.ltrans.o
 .text.port_unlock.12034.4123
                0x0000000008006ea0       0x10 /tmp/ccFEEOUj.ltrans5.ltrans.o
 .text.queue_isempty.12036
                0x0000000008006eb0       0x20 /tmp/ccFEEOUj.ltrans5.ltrans.o
                0x0000000008006eb0                queue_isempty.12036
 .text.chSysLock.12150
                0x0000000008006ed0       0x10 /tmp/ccFEEOUj.ltrans5.ltrans.o
                0x0000000008006ed0                chSysLock.12150
 .text.chSysUnlock.12152
                0x0000000008006ee0       0x50 /tmp/ccFEEOUj.ltrans5.ltrans.o
                0x0000000008006ee0                chSysUnlock.12152
 .text.chThdGetSelfX.12126.4027
                0x0000000008006f30       0x10 /tmp/ccFEEOUj.ltrans5.ltrans.o
 .text.chThdGetPriorityX.12128
                0x0000000008006f40       0x10 /tmp/ccFEEOUj.ltrans5.ltrans.o
                0x0000000008006f40                chThdGetPriorityX.12128
 .text.mtx1_setup.12130
                0x0000000008006f50       0x10 /tmp/ccFEEOUj.ltrans5.ltrans.o
                0x0000000008006f50                mtx1_setup.12130
 .text.thread1.12136.4015
                0x0000000008006f60       0x30 /tmp/ccFEEOUj.ltrans5.ltrans.o
 .text.mtx1_execute.12142
                0x0000000008006f90      0x170 /tmp/ccFEEOUj.ltrans5.ltrans.o
                0x0000000008006f90                mtx1_execute.12142
 .text.mtx4_setup.12132
                0x0000000008007100       0x20 /tmp/ccFEEOUj.ltrans5.ltrans.o
                0x0000000008007100                mtx4_setup.12132
 .text.otg_isoc_in_failed_handler.10881.4459
                0x0000000008007120      0x130 /tmp/ccFEEOUj.ltrans6.ltrans.o
 .text.otg_isoc_out_failed_handler.10884.4456
                0x0000000008007250       0xb0 /tmp/ccFEEOUj.ltrans6.ltrans.o
 .text.usb_lld_serve_interrupt.10939.4453
                0x0000000008007300      0x230 /tmp/ccFEEOUj.ltrans6.ltrans.o
 .text.Vector14C
                0x0000000008007530       0x20 /tmp/ccFEEOUj.ltrans6.ltrans.o
                0x0000000008007530                Vector14C
 .text.Vector174
                0x0000000008007550       0x20 /tmp/ccFEEOUj.ltrans6.ltrans.o
                0x0000000008007550                Vector174
 .text.usb_lld_init
                0x0000000008007570       0xf0 /tmp/ccFEEOUj.ltrans6.ltrans.o
                0x0000000008007570                usb_lld_init
 .text.usb_lld_start
                0x0000000008007660      0x1e0 /tmp/ccFEEOUj.ltrans6.ltrans.o
                0x0000000008007660                usb_lld_start
 .text.usb_lld_reset
                0x0000000008007840      0x130 /tmp/ccFEEOUj.ltrans6.ltrans.o
                0x0000000008007840                usb_lld_reset
 .text.usb_lld_set_address
                0x0000000008007970       0x30 /tmp/ccFEEOUj.ltrans6.ltrans.o
                0x0000000008007970                usb_lld_set_address
 .text.usb_lld_init_endpoint
                0x00000000080079a0      0x260 /tmp/ccFEEOUj.ltrans6.ltrans.o
                0x00000000080079a0                usb_lld_init_endpoint
 .text.usb_lld_get_status_out
                0x0000000008007c00       0x40 /tmp/ccFEEOUj.ltrans6.ltrans.o
                0x0000000008007c00                usb_lld_get_status_out
 .text.usb_lld_get_status_in
                0x0000000008007c40       0x40 /tmp/ccFEEOUj.ltrans6.ltrans.o
                0x0000000008007c40                usb_lld_get_status_in
 .text.usb_lld_read_setup
                0x0000000008007c80       0x30 /tmp/ccFEEOUj.ltrans6.ltrans.o
                0x0000000008007c80                usb_lld_read_setup
 .text.usb_lld_start_out
                0x0000000008007cb0      0x140 /tmp/ccFEEOUj.ltrans6.ltrans.o
                0x0000000008007cb0                usb_lld_start_out
 .text.usb_lld_start_in
                0x0000000008007df0      0x160 /tmp/ccFEEOUj.ltrans6.ltrans.o
                0x0000000008007df0                usb_lld_start_in
 .text.usb_lld_stall_out
                0x0000000008007f50       0x40 /tmp/ccFEEOUj.ltrans6.ltrans.o
                0x0000000008007f50                usb_lld_stall_out
 .text.usb_lld_stall_in
                0x0000000008007f90       0x40 /tmp/ccFEEOUj.ltrans6.ltrans.o
                0x0000000008007f90                usb_lld_stall_in
 .text.usb_lld_clear_out
                0x0000000008007fd0       0x40 /tmp/ccFEEOUj.ltrans6.ltrans.o
                0x0000000008007fd0                usb_lld_clear_out
 .text.usb_lld_clear_in
                0x0000000008008010       0x40 /tmp/ccFEEOUj.ltrans6.ltrans.o
                0x0000000008008010                usb_lld_clear_in
 .text.usb_lld_pump.4130
                0x0000000008008050      0x110 /tmp/ccFEEOUj.ltrans6.ltrans.o
 .text.__early_init
                0x0000000008008160       0x10 /tmp/ccFEEOUj.ltrans6.ltrans.o
                0x0000000008008160                __early_init
 .text.boardInit
                0x0000000008008170       0x10 /tmp/ccFEEOUj.ltrans6.ltrans.o
                0x0000000008008170                boardInit
 .text.port_lock.11147.4123
                0x0000000008008180       0x10 /tmp/ccFEEOUj.ltrans6.ltrans.o
 .text.port_unlock.11150.4121
                0x0000000008008190       0x10 /tmp/ccFEEOUj.ltrans6.ltrans.o
 .text.st_lld_get_counter.11152.4119
                0x00000000080081a0       0x10 /tmp/ccFEEOUj.ltrans6.ltrans.o
 .text.port_timer_get_time.11157.4117
                0x00000000080081b0       0x10 /tmp/ccFEEOUj.ltrans6.ltrans.o
 .text.chSysLock.11170.4115
                0x00000000080081c0       0x10 /tmp/ccFEEOUj.ltrans6.ltrans.o
 .text.chSysUnlock.11172.4113
                0x00000000080081d0       0x50 /tmp/ccFEEOUj.ltrans6.ltrans.o
 .text.chVTGetSystemTimeX.11159.4111
                0x0000000008008220       0x10 /tmp/ccFEEOUj.ltrans6.ltrans.o
 .text.chVTGetSystemTime.11174.4109
                0x0000000008008230       0x20 /tmp/ccFEEOUj.ltrans6.ltrans.o
 .text.chVTIsTimeWithinX.11161.4104
                0x0000000008008250       0x30 /tmp/ccFEEOUj.ltrans6.ltrans.o
 .text.chVTIsSystemTimeWithin.11176.4100
                0x0000000008008280       0x30 /tmp/ccFEEOUj.ltrans6.ltrans.o
 .text.chVTIsArmedI.11180.4097
                0x00000000080082b0       0x20 /tmp/ccFEEOUj.ltrans6.ltrans.o
 .text.chVTResetI.11191.4094
                0x00000000080082d0       0x20 /tmp/ccFEEOUj.ltrans6.ltrans.o
 .text.chVTSetI.11194.4088
                0x00000000080082f0       0x30 /tmp/ccFEEOUj.ltrans6.ltrans.o
 .text.chVTSet.11200.4074
                0x0000000008008320       0x30 /tmp/ccFEEOUj.ltrans6.ltrans.o
 .text.test_printn
                0x0000000008008350       0xb0 /tmp/ccFEEOUj.ltrans6.ltrans.o
                0x0000000008008350                test_printn
 .text.test_print
                0x0000000008008400       0x40 /tmp/ccFEEOUj.ltrans6.ltrans.o
                0x0000000008008400                test_print
 .text.test_println
                0x0000000008008440       0x40 /tmp/ccFEEOUj.ltrans6.ltrans.o
                0x0000000008008440                test_println
 .text.clear_tokens.11216.4063
                0x0000000008008480       0x20 /tmp/ccFEEOUj.ltrans6.ltrans.o
 .text.print_tokens.11218
                0x00000000080084a0       0x50 /tmp/ccFEEOUj.ltrans6.ltrans.o
                0x00000000080084a0                print_tokens.11218
 .text.test_emit_token
                0x00000000080084f0       0x40 /tmp/ccFEEOUj.ltrans6.ltrans.o
                0x00000000080084f0                test_emit_token
 .text._test_fail.4055
                0x0000000008008530       0x30 /tmp/ccFEEOUj.ltrans6.ltrans.o
 .text._test_assert
                0x0000000008008560       0x30 /tmp/ccFEEOUj.ltrans6.ltrans.o
                0x0000000008008560                _test_assert
 .text._test_assert_sequence
                0x0000000008008590       0x70 /tmp/ccFEEOUj.ltrans6.ltrans.o
                0x0000000008008590                _test_assert_sequence
 .text._test_assert_time_window
                0x0000000008008600       0x30 /tmp/ccFEEOUj.ltrans6.ltrans.o
                0x0000000008008600                _test_assert_time_window
 .text.test_terminate_threads
                0x0000000008008630       0x50 /tmp/ccFEEOUj.ltrans6.ltrans.o
                0x0000000008008630                test_terminate_threads
 .text.test_wait_threads
                0x0000000008008680       0x60 /tmp/ccFEEOUj.ltrans6.ltrans.o
                0x0000000008008680                test_wait_threads
 .text.test_wait_tick
                0x00000000080086e0       0x20 /tmp/ccFEEOUj.ltrans6.ltrans.o
                0x00000000080086e0                test_wait_tick
 .text.tmr.11167.4027
                0x0000000008008700       0x20 /tmp/ccFEEOUj.ltrans6.ltrans.o
 .text.test_start_timer
                0x0000000008008720       0x50 /tmp/ccFEEOUj.ltrans6.ltrans.o
                0x0000000008008720                test_start_timer
 .text.execute_test.11248
                0x0000000008008770       0x70 /tmp/ccFEEOUj.ltrans6.ltrans.o
                0x0000000008008770                execute_test.11248
 .text.print_line.11256
                0x00000000080087e0       0x60 /tmp/ccFEEOUj.ltrans6.ltrans.o
                0x00000000080087e0                print_line.11256
 .text.usbInitEndpointI
                0x0000000008008840       0xb0 /tmp/ccFEEOUj.ltrans7.ltrans.o
                0x0000000008008840                usbInitEndpointI
 .text.usbStartReceiveI
                0x00000000080088f0       0xa0 /tmp/ccFEEOUj.ltrans7.ltrans.o
                0x00000000080088f0                usbStartReceiveI
 .text.usbStartTransmitI
                0x0000000008008990       0xa0 /tmp/ccFEEOUj.ltrans7.ltrans.o
                0x0000000008008990                usbStartTransmitI
 .text._usb_reset
                0x0000000008008a30       0x80 /tmp/ccFEEOUj.ltrans7.ltrans.o
                0x0000000008008a30                _usb_reset
 .text._usb_suspend
                0x0000000008008ab0       0x30 /tmp/ccFEEOUj.ltrans7.ltrans.o
                0x0000000008008ab0                _usb_suspend
 .text._usb_wakeup
                0x0000000008008ae0       0x30 /tmp/ccFEEOUj.ltrans7.ltrans.o
                0x0000000008008ae0                _usb_wakeup
 .text._usb_ep0setup
                0x0000000008008b10      0x160 /tmp/ccFEEOUj.ltrans7.ltrans.o
                0x0000000008008b10                _usb_ep0setup
 .text._usb_ep0in
                0x0000000008008c70      0x110 /tmp/ccFEEOUj.ltrans7.ltrans.o
                0x0000000008008c70                _usb_ep0in
 .text._usb_ep0out
                0x0000000008008d80       0xd0 /tmp/ccFEEOUj.ltrans7.ltrans.o
                0x0000000008008d80                _usb_ep0out
 .text.nvicEnableVector
                0x0000000008008e50       0x60 /tmp/ccFEEOUj.ltrans7.ltrans.o
                0x0000000008008e50                nvicEnableVector
 .text.hal_lld_backup_domain_init.10299.4444
                0x0000000008008eb0       0x60 /tmp/ccFEEOUj.ltrans7.ltrans.o
 .text.hal_lld_init
                0x0000000008008f10       0xb0 /tmp/ccFEEOUj.ltrans7.ltrans.o
                0x0000000008008f10                hal_lld_init
 .text.stm32_clock_init
                0x0000000008008fc0      0x1d0 /tmp/ccFEEOUj.ltrans7.ltrans.o
                0x0000000008008fc0                stm32_clock_init
 .text.port_lock.10354.4437
                0x0000000008009190       0x10 /tmp/ccFEEOUj.ltrans7.ltrans.o
 .text.port_unlock.10357.4435
                0x00000000080091a0       0x10 /tmp/ccFEEOUj.ltrans7.ltrans.o
 .text.port_lock_from_isr.10359.4433
                0x00000000080091b0       0x10 /tmp/ccFEEOUj.ltrans7.ltrans.o
 .text.port_unlock_from_isr.10361.4431
                0x00000000080091c0       0x10 /tmp/ccFEEOUj.ltrans7.ltrans.o
 .text.chSysLockFromISR.10363.4429
                0x00000000080091d0       0x10 /tmp/ccFEEOUj.ltrans7.ltrans.o
 .text.chSysUnlockFromISR.10369.4427
                0x00000000080091e0       0x10 /tmp/ccFEEOUj.ltrans7.ltrans.o
 .text.osalSysLockFromISR.10365.4425
                0x00000000080091f0       0x10 /tmp/ccFEEOUj.ltrans7.ltrans.o
 .text.osalSysUnlockFromISR.10371.4423
                0x0000000008009200       0x10 /tmp/ccFEEOUj.ltrans7.ltrans.o
 .text.osalOsTimerHandlerI.10367.4421
                0x0000000008009210       0x10 /tmp/ccFEEOUj.ltrans7.ltrans.o
 .text.VectorB0
                0x0000000008009220       0x40 /tmp/ccFEEOUj.ltrans7.ltrans.o
                0x0000000008009220                VectorB0
 .text.st_lld_init
                0x0000000008009260       0x80 /tmp/ccFEEOUj.ltrans7.ltrans.o
                0x0000000008009260                st_lld_init
 .text.initgpio.10453.4411
                0x00000000080092e0       0x50 /tmp/ccFEEOUj.ltrans7.ltrans.o
 .text._pal_lld_init
                0x0000000008009330       0xf0 /tmp/ccFEEOUj.ltrans7.ltrans.o
                0x0000000008009330                _pal_lld_init
 .text.port_lock.10545.4356
                0x0000000008009420       0x10 /tmp/ccFEEOUj.ltrans7.ltrans.o
 .text.port_unlock.10548.4354
                0x0000000008009430       0x10 /tmp/ccFEEOUj.ltrans7.ltrans.o
 .text.port_lock_from_isr.10550.4352
                0x0000000008009440       0x10 /tmp/ccFEEOUj.ltrans7.ltrans.o
 .text.port_unlock_from_isr.10552.4350
                0x0000000008009450       0x10 /tmp/ccFEEOUj.ltrans7.ltrans.o
 .text.chSysLock.10668.4348
                0x0000000008009460       0x10 /tmp/ccFEEOUj.ltrans7.ltrans.o
 .text.chSysUnlock.10664.4346
                0x0000000008009470       0x50 /tmp/ccFEEOUj.ltrans7.ltrans.o
 .text.chSysLockFromISR.10564.4344
                0x00000000080094c0       0x10 /tmp/ccFEEOUj.ltrans7.ltrans.o
 .text.chSysUnlockFromISR.10654.4342
                0x00000000080094d0       0x10 /tmp/ccFEEOUj.ltrans7.ltrans.o
 .text.chThdStartI.10658
                0x00000000080094e0       0x30 /tmp/ccFEEOUj.ltrans7.ltrans.o
                0x00000000080094e0                chThdStartI.10658
 .text.chRegSetThreadName.10554
                0x0000000008009510       0x20 /tmp/ccFEEOUj.ltrans7.ltrans.o
                0x0000000008009510                chRegSetThreadName.10554
 .text.osalSysLock.10670
                0x0000000008009530       0x10 /tmp/ccFEEOUj.ltrans7.ltrans.o
                0x0000000008009530                osalSysLock.10670
 .text.osalSysUnlock.10666
                0x0000000008009540       0x10 /tmp/ccFEEOUj.ltrans7.ltrans.o
                0x0000000008009540                osalSysUnlock.10666
 .text.osalSysLockFromISR.10566
                0x0000000008009550       0x10 /tmp/ccFEEOUj.ltrans7.ltrans.o
                0x0000000008009550                osalSysLockFromISR.10566
 .text.osalSysUnlockFromISR.10656
                0x0000000008009560       0x10 /tmp/ccFEEOUj.ltrans7.ltrans.o
                0x0000000008009560                osalSysUnlockFromISR.10656
 .text.osalSysPolledDelayX.10558.4325
                0x0000000008009570       0x20 /tmp/ccFEEOUj.ltrans7.ltrans.o
 .text.osalThreadSuspendS.10661
                0x0000000008009590       0x20 /tmp/ccFEEOUj.ltrans7.ltrans.o
                0x0000000008009590                osalThreadSuspendS.10661
 .text.osalThreadResumeI.10568
                0x00000000080095b0       0x20 /tmp/ccFEEOUj.ltrans7.ltrans.o
                0x00000000080095b0                osalThreadResumeI.10568
 .text.otg_core_reset.10672
                0x00000000080095d0       0x40 /tmp/ccFEEOUj.ltrans7.ltrans.o
                0x00000000080095d0                otg_core_reset.10672
 .text.otg_disable_ep.10843
                0x0000000008009610       0x90 /tmp/ccFEEOUj.ltrans7.ltrans.o
                0x0000000008009610                otg_disable_ep.10843
 .text.otg_rxfifo_flush.10846
                0x00000000080096a0       0x30 /tmp/ccFEEOUj.ltrans7.ltrans.o
                0x00000000080096a0                otg_rxfifo_flush.10846
 .text.otg_txfifo_flush.10849
                0x00000000080096d0       0x40 /tmp/ccFEEOUj.ltrans7.ltrans.o
                0x00000000080096d0                otg_txfifo_flush.10849
 .text.otg_ram_reset.10853
                0x0000000008009710       0x20 /tmp/ccFEEOUj.ltrans7.ltrans.o
                0x0000000008009710                otg_ram_reset.10853
 .text.otg_ram_alloc.10856
                0x0000000008009730       0x40 /tmp/ccFEEOUj.ltrans7.ltrans.o
                0x0000000008009730                otg_ram_alloc.10856
 .text.otg_fifo_write_from_buffer.10860.4293
                0x0000000008009770       0x40 /tmp/ccFEEOUj.ltrans7.ltrans.o
 .text.otg_fifo_read_to_buffer.10865.4287
                0x00000000080097b0       0x50 /tmp/ccFEEOUj.ltrans7.ltrans.o
 .text.otg_rxfifo_handler.10871
                0x0000000008009800      0x110 /tmp/ccFEEOUj.ltrans7.ltrans.o
                0x0000000008009800                otg_rxfifo_handler.10871
 .text.otg_txfifo_handler.10874
                0x0000000008009910      0x130 /tmp/ccFEEOUj.ltrans7.ltrans.o
                0x0000000008009910                otg_txfifo_handler.10874
 .text.otg_epin_handler.10935
                0x0000000008009a40      0x150 /tmp/ccFEEOUj.ltrans7.ltrans.o
                0x0000000008009a40                otg_epin_handler.10935
 .text.otg_epout_handler.10927
                0x0000000008009b90      0x140 /tmp/ccFEEOUj.ltrans7.ltrans.o
                0x0000000008009b90                otg_epout_handler.10927
 .text.obqPostFullBufferS
                0x0000000008009cd0       0x90 /tmp/ccFEEOUj.ltrans8.ltrans.o
                0x0000000008009cd0                obqPostFullBufferS
 .text.obqPutTimeout.4546
                0x0000000008009d60       0x70 /tmp/ccFEEOUj.ltrans8.ltrans.o
 .text.obqWriteTimeout.4540
                0x0000000008009dd0      0x130 /tmp/ccFEEOUj.ltrans8.ltrans.o
 .text.obqTryFlushI.4537
                0x0000000008009f00       0xa0 /tmp/ccFEEOUj.ltrans8.ltrans.o
 .text.port_lock.9201.4492
                0x0000000008009fa0       0x10 /tmp/ccFEEOUj.ltrans8.ltrans.o
 .text.port_unlock.9204.4490
                0x0000000008009fb0       0x10 /tmp/ccFEEOUj.ltrans8.ltrans.o
 .text.port_lock_from_isr.9206.4488
                0x0000000008009fc0       0x10 /tmp/ccFEEOUj.ltrans8.ltrans.o
 .text.port_unlock_from_isr.9208.4486
                0x0000000008009fd0       0x10 /tmp/ccFEEOUj.ltrans8.ltrans.o
 .text.chSysLock.9374.4484
                0x0000000008009fe0       0x10 /tmp/ccFEEOUj.ltrans8.ltrans.o
 .text.chSysUnlock.9378.4482
                0x0000000008009ff0       0x50 /tmp/ccFEEOUj.ltrans8.ltrans.o
 .text.chSysLockFromISR.9388.4480
                0x000000000800a040       0x10 /tmp/ccFEEOUj.ltrans8.ltrans.o
 .text.chSysUnlockFromISR.9392.4478
                0x000000000800a050       0x10 /tmp/ccFEEOUj.ltrans8.ltrans.o
 .text.chEvtObjectInit.9210.4475
                0x000000000800a060       0x10 /tmp/ccFEEOUj.ltrans8.ltrans.o
 .text.osalSysLock.9376.4473
                0x000000000800a070       0x10 /tmp/ccFEEOUj.ltrans8.ltrans.o
 .text.osalSysUnlock.9380.4471
                0x000000000800a080       0x10 /tmp/ccFEEOUj.ltrans8.ltrans.o
 .text.osalSysLockFromISR.9390.4469
                0x000000000800a090       0x10 /tmp/ccFEEOUj.ltrans8.ltrans.o
 .text.osalSysUnlockFromISR.9394.4467
                0x000000000800a0a0       0x10 /tmp/ccFEEOUj.ltrans8.ltrans.o
 .text.osalEventObjectInit.9310.4462
                0x000000000800a0b0       0x20 /tmp/ccFEEOUj.ltrans8.ltrans.o
 .text.osalEventBroadcastFlagsI.9384.4458
                0x000000000800a0d0       0x20 /tmp/ccFEEOUj.ltrans8.ltrans.o
 .text.write.9313
                0x000000000800a0f0       0x40 /tmp/ccFEEOUj.ltrans8.ltrans.o
                0x000000000800a0f0                write.9313
 .text.read.9326
                0x000000000800a130       0x40 /tmp/ccFEEOUj.ltrans8.ltrans.o
                0x000000000800a130                read.9326
 .text.put.9337
                0x000000000800a170       0x40 /tmp/ccFEEOUj.ltrans8.ltrans.o
                0x000000000800a170                put.9337
 .text.get.9346
                0x000000000800a1b0       0x40 /tmp/ccFEEOUj.ltrans8.ltrans.o
                0x000000000800a1b0                get.9346
 .text.putt.9341
                0x000000000800a1f0       0x40 /tmp/ccFEEOUj.ltrans8.ltrans.o
                0x000000000800a1f0                putt.9341
 .text.gett.9349
                0x000000000800a230       0x40 /tmp/ccFEEOUj.ltrans8.ltrans.o
                0x000000000800a230                gett.9349
 .text.writet.9319
                0x000000000800a270       0x40 /tmp/ccFEEOUj.ltrans8.ltrans.o
                0x000000000800a270                writet.9319
 .text.readt.9331
                0x000000000800a2b0       0x40 /tmp/ccFEEOUj.ltrans8.ltrans.o
                0x000000000800a2b0                readt.9331
 .text.ibnotify.9353.4412
                0x000000000800a2f0       0x80 /tmp/ccFEEOUj.ltrans8.ltrans.o
 .text.obnotify.9371.4415
                0x000000000800a370       0x90 /tmp/ccFEEOUj.ltrans8.ltrans.o
 .text.sduInit  0x000000000800a400       0x10 /tmp/ccFEEOUj.ltrans8.ltrans.o
                0x000000000800a400                sduInit
 .text.sduObjectInit
                0x000000000800a410       0x80 /tmp/ccFEEOUj.ltrans8.ltrans.o
                0x000000000800a410                sduObjectInit
 .text.sduStart
                0x000000000800a490       0xa0 /tmp/ccFEEOUj.ltrans8.ltrans.o
                0x000000000800a490                sduStart
 .text.sduDisconnectI
                0x000000000800a530       0x30 /tmp/ccFEEOUj.ltrans8.ltrans.o
                0x000000000800a530                sduDisconnectI
 .text.sduConfigureHookI
                0x000000000800a560       0x70 /tmp/ccFEEOUj.ltrans8.ltrans.o
                0x000000000800a560                sduConfigureHookI
 .text.sduRequestsHook
                0x000000000800a5d0       0x80 /tmp/ccFEEOUj.ltrans8.ltrans.o
                0x000000000800a5d0                sduRequestsHook
 .text.sduSOFHookI
                0x000000000800a650       0xa0 /tmp/ccFEEOUj.ltrans8.ltrans.o
                0x000000000800a650                sduSOFHookI
 .text.sduDataTransmitted
                0x000000000800a6f0       0xe0 /tmp/ccFEEOUj.ltrans8.ltrans.o
                0x000000000800a6f0                sduDataTransmitted
 .text.sduDataReceived
                0x000000000800a7d0       0xa0 /tmp/ccFEEOUj.ltrans8.ltrans.o
                0x000000000800a7d0                sduDataReceived
 .text.sduInterruptTransmitted
                0x000000000800a870       0x10 /tmp/ccFEEOUj.ltrans8.ltrans.o
                0x000000000800a870                sduInterruptTransmitted
 .text.port_lock.9746.4317
                0x000000000800a880       0x10 /tmp/ccFEEOUj.ltrans8.ltrans.o
 .text.port_unlock.9749.4315
                0x000000000800a890       0x10 /tmp/ccFEEOUj.ltrans8.ltrans.o
 .text.port_lock_from_isr.9751.4313
                0x000000000800a8a0       0x10 /tmp/ccFEEOUj.ltrans8.ltrans.o
 .text.port_unlock_from_isr.9753.4311
                0x000000000800a8b0       0x10 /tmp/ccFEEOUj.ltrans8.ltrans.o
 .text.chSysLock.9755.4309
                0x000000000800a8c0       0x10 /tmp/ccFEEOUj.ltrans8.ltrans.o
 .text.chSysUnlock.9759.4307
                0x000000000800a8d0       0x50 /tmp/ccFEEOUj.ltrans8.ltrans.o
 .text.chSysLockFromISR.9765.4305
                0x000000000800a920       0x10 /tmp/ccFEEOUj.ltrans8.ltrans.o
 .text.chSysUnlockFromISR.9769.4303
                0x000000000800a930       0x10 /tmp/ccFEEOUj.ltrans8.ltrans.o
 .text.osalSysLock.9757.4301
                0x000000000800a940       0x10 /tmp/ccFEEOUj.ltrans8.ltrans.o
 .text.osalSysUnlock.9761.4299
                0x000000000800a950       0x10 /tmp/ccFEEOUj.ltrans8.ltrans.o
 .text.osalSysLockFromISR.9767
                0x000000000800a960       0x10 /tmp/ccFEEOUj.ltrans8.ltrans.o
                0x000000000800a960                osalSysLockFromISR.9767
 .text.osalSysUnlockFromISR.9771
                0x000000000800a970       0x10 /tmp/ccFEEOUj.ltrans8.ltrans.o
                0x000000000800a970                osalSysUnlockFromISR.9771
 .text.get_hword.9773
                0x000000000800a980       0x30 /tmp/ccFEEOUj.ltrans8.ltrans.o
                0x000000000800a980                get_hword.9773
 .text.set_address.9780.4287
                0x000000000800a9b0       0x40 /tmp/ccFEEOUj.ltrans8.ltrans.o
 .text.default_handler.10033
                0x000000000800a9f0      0x3b0 /tmp/ccFEEOUj.ltrans8.ltrans.o
                0x000000000800a9f0                default_handler.10033
 .text.usbInit  0x000000000800ada0       0x10 /tmp/ccFEEOUj.ltrans8.ltrans.o
                0x000000000800ada0                usbInit
 .text.usbObjectInit
                0x000000000800adb0       0x50 /tmp/ccFEEOUj.ltrans8.ltrans.o
                0x000000000800adb0                usbObjectInit
 .text.usbStart
                0x000000000800ae00       0x80 /tmp/ccFEEOUj.ltrans8.ltrans.o
                0x000000000800ae00                usbStart
 .text.chIQObjectInit
                0x000000000800ae80       0x50 /tmp/ccFEEOUj.ltrans9.ltrans.o
                0x000000000800ae80                chIQObjectInit
 .text.chIQResetI
                0x000000000800aed0       0x40 /tmp/ccFEEOUj.ltrans9.ltrans.o
                0x000000000800aed0                chIQResetI
 .text.chIQPutI
                0x000000000800af10       0x70 /tmp/ccFEEOUj.ltrans9.ltrans.o
                0x000000000800af10                chIQPutI
 .text.chIQGetTimeout
                0x000000000800af80       0x90 /tmp/ccFEEOUj.ltrans9.ltrans.o
                0x000000000800af80                chIQGetTimeout
 .text.chIQReadTimeout
                0x000000000800b010       0xc0 /tmp/ccFEEOUj.ltrans9.ltrans.o
                0x000000000800b010                chIQReadTimeout
 .text.chOQObjectInit
                0x000000000800b0d0       0x50 /tmp/ccFEEOUj.ltrans9.ltrans.o
                0x000000000800b0d0                chOQObjectInit
 .text.chOQResetI
                0x000000000800b120       0x40 /tmp/ccFEEOUj.ltrans9.ltrans.o
                0x000000000800b120                chOQResetI
 .text.chOQPutTimeout
                0x000000000800b160       0x90 /tmp/ccFEEOUj.ltrans9.ltrans.o
                0x000000000800b160                chOQPutTimeout
 .text.chOQGetI
                0x000000000800b1f0       0x60 /tmp/ccFEEOUj.ltrans9.ltrans.o
                0x000000000800b1f0                chOQGetI
 .text.chOQWriteTimeout
                0x000000000800b250       0xc0 /tmp/ccFEEOUj.ltrans9.ltrans.o
                0x000000000800b250                chOQWriteTimeout
 .text.port_lock.8109.4376
                0x000000000800b310       0x10 /tmp/ccFEEOUj.ltrans9.ltrans.o
 .text.port_unlock.8112.4374
                0x000000000800b320       0x10 /tmp/ccFEEOUj.ltrans9.ltrans.o
 .text.chSysLock.8114.4372
                0x000000000800b330       0x10 /tmp/ccFEEOUj.ltrans9.ltrans.o
 .text.chSysUnlock.8116.4370
                0x000000000800b340       0x50 /tmp/ccFEEOUj.ltrans9.ltrans.o
 .text._core_init
                0x000000000800b390       0x40 /tmp/ccFEEOUj.ltrans9.ltrans.o
                0x000000000800b390                _core_init
 .text.chCoreAlloc.4359
                0x000000000800b3d0       0x20 /tmp/ccFEEOUj.ltrans9.ltrans.o
 .text.chCoreAllocI.4365
                0x000000000800b3f0       0x70 /tmp/ccFEEOUj.ltrans9.ltrans.o
 .text.chCoreGetStatusX
                0x000000000800b460       0x20 /tmp/ccFEEOUj.ltrans9.ltrans.o
                0x000000000800b460                chCoreGetStatusX
 .text._heap_init
                0x000000000800b480       0x40 /tmp/ccFEEOUj.ltrans9.ltrans.o
                0x000000000800b480                _heap_init
 .text.chHeapObjectInit
                0x000000000800b4c0       0x60 /tmp/ccFEEOUj.ltrans9.ltrans.o
                0x000000000800b4c0                chHeapObjectInit
 .text.chHeapAlloc
                0x000000000800b520       0xf0 /tmp/ccFEEOUj.ltrans9.ltrans.o
                0x000000000800b520                chHeapAlloc
 .text.chHeapFree
                0x000000000800b610      0x100 /tmp/ccFEEOUj.ltrans9.ltrans.o
                0x000000000800b610                chHeapFree
 .text.chHeapStatus
                0x000000000800b710       0x80 /tmp/ccFEEOUj.ltrans9.ltrans.o
                0x000000000800b710                chHeapStatus
 .text.port_lock.8423.4324
                0x000000000800b790       0x10 /tmp/ccFEEOUj.ltrans9.ltrans.o
 .text.port_unlock.8426.4322
                0x000000000800b7a0       0x10 /tmp/ccFEEOUj.ltrans9.ltrans.o
 .text.chSysLock.8428.4320
                0x000000000800b7b0       0x10 /tmp/ccFEEOUj.ltrans9.ltrans.o
 .text.chSysUnlock.8430.4318
                0x000000000800b7c0       0x50 /tmp/ccFEEOUj.ltrans9.ltrans.o
 .text.chPoolAdd.8460.4314
                0x000000000800b810       0x20 /tmp/ccFEEOUj.ltrans9.ltrans.o
 .text.chPoolObjectInit
                0x000000000800b830       0x40 /tmp/ccFEEOUj.ltrans9.ltrans.o
                0x000000000800b830                chPoolObjectInit
 .text.chPoolLoadArray
                0x000000000800b870       0x50 /tmp/ccFEEOUj.ltrans9.ltrans.o
                0x000000000800b870                chPoolLoadArray
 .text.chPoolAllocI.4301
                0x000000000800b8c0       0x60 /tmp/ccFEEOUj.ltrans9.ltrans.o
 .text.chPoolAlloc
                0x000000000800b920       0x20 /tmp/ccFEEOUj.ltrans9.ltrans.o
                0x000000000800b920                chPoolAlloc
 .text.chPoolFreeI.4294
                0x000000000800b940       0x40 /tmp/ccFEEOUj.ltrans9.ltrans.o
 .text.chPoolFree
                0x000000000800b980       0x20 /tmp/ccFEEOUj.ltrans9.ltrans.o
                0x000000000800b980                chPoolFree
 .text.port_lock.8630.4278
                0x000000000800b9a0       0x10 /tmp/ccFEEOUj.ltrans9.ltrans.o
 .text.port_unlock.8633.4276
                0x000000000800b9b0       0x10 /tmp/ccFEEOUj.ltrans9.ltrans.o
 .text.port_lock_from_isr.8635.4274
                0x000000000800b9c0       0x10 /tmp/ccFEEOUj.ltrans9.ltrans.o
 .text.port_unlock_from_isr.8637.4272
                0x000000000800b9d0       0x10 /tmp/ccFEEOUj.ltrans9.ltrans.o
 .text.SVC_Handler
                0x000000000800b9e0       0x30 /tmp/ccFEEOUj.ltrans9.ltrans.o
                0x000000000800b9e0                SVC_Handler
 .text._port_irq_epilogue
                0x000000000800ba10       0x70 /tmp/ccFEEOUj.ltrans9.ltrans.o
                0x000000000800ba10                _port_irq_epilogue
 .text.osalInit.8696.4263
                0x000000000800ba80       0x10 /tmp/ccFEEOUj.ltrans9.ltrans.o
 .text.halInit  0x000000000800ba90       0x30 /tmp/ccFEEOUj.ltrans9.ltrans.o
                0x000000000800ba90                halInit
 .text.st_lld_start_alarm.8730.4257
                0x000000000800bac0       0x20 /tmp/ccFEEOUj.ltrans9.ltrans.o
 .text.st_lld_stop_alarm.8737.4255
                0x000000000800bae0       0x10 /tmp/ccFEEOUj.ltrans9.ltrans.o
 .text.st_lld_set_alarm.8739.4252
                0x000000000800baf0       0x10 /tmp/ccFEEOUj.ltrans9.ltrans.o
 .text.st_lld_is_alarm_active.8744.4247
                0x000000000800bb00       0x20 /tmp/ccFEEOUj.ltrans9.ltrans.o
 .text.stInit.4245
                0x000000000800bb20       0x10 /tmp/ccFEEOUj.ltrans9.ltrans.o
 .text.stStartAlarm
                0x000000000800bb30       0x30 /tmp/ccFEEOUj.ltrans9.ltrans.o
                0x000000000800bb30                stStartAlarm
 .text.stStopAlarm
                0x000000000800bb60       0x10 /tmp/ccFEEOUj.ltrans9.ltrans.o
                0x000000000800bb60                stStopAlarm
 .text.stSetAlarm
                0x000000000800bb70       0x30 /tmp/ccFEEOUj.ltrans9.ltrans.o
                0x000000000800bb70                stSetAlarm
 .text.port_lock.8790.4232
                0x000000000800bba0       0x10 /tmp/ccFEEOUj.ltrans9.ltrans.o
 .text.port_unlock.8793.4230
                0x000000000800bbb0       0x10 /tmp/ccFEEOUj.ltrans9.ltrans.o
 .text.st_lld_get_counter.8795.4228
                0x000000000800bbc0       0x10 /tmp/ccFEEOUj.ltrans9.ltrans.o
 .text.port_timer_get_time.8800.4226
                0x000000000800bbd0       0x10 /tmp/ccFEEOUj.ltrans9.ltrans.o
 .text.queue_init.8802.4223
                0x000000000800bbe0       0x20 /tmp/ccFEEOUj.ltrans9.ltrans.o
 .text.chSysLock.8907.4221
                0x000000000800bc00       0x10 /tmp/ccFEEOUj.ltrans9.ltrans.o
 .text.chSysUnlock.8911.4219
                0x000000000800bc10       0x50 /tmp/ccFEEOUj.ltrans9.ltrans.o
 .text.chVTGetSystemTimeX.8889.4217
                0x000000000800bc60       0x10 /tmp/ccFEEOUj.ltrans9.ltrans.o
 .text.chThdQueueObjectInit.8891.4214
                0x000000000800bc70       0x20 /tmp/ccFEEOUj.ltrans9.ltrans.o
 .text.osalSysLock.8909
                0x000000000800bc90       0x10 /tmp/ccFEEOUj.ltrans9.ltrans.o
                0x000000000800bc90                osalSysLock.8909
 .text.osalSysUnlock.8913
                0x000000000800bca0       0x10 /tmp/ccFEEOUj.ltrans9.ltrans.o
                0x000000000800bca0                osalSysUnlock.8913
 .text.osalOsGetSystemTimeX.8894
                0x000000000800bcb0       0x10 /tmp/ccFEEOUj.ltrans9.ltrans.o
                0x000000000800bcb0                osalOsGetSystemTimeX.8894
 .text.osalThreadQueueObjectInit.8896.4205
                0x000000000800bcc0       0x20 /tmp/ccFEEOUj.ltrans9.ltrans.o
 .text.osalThreadEnqueueTimeoutS.8915.4201
                0x000000000800bce0       0x20 /tmp/ccFEEOUj.ltrans9.ltrans.o
 .text.osalThreadDequeueNextI.8903.4197
                0x000000000800bd00       0x20 /tmp/ccFEEOUj.ltrans9.ltrans.o
 .text.osalThreadDequeueAllI.8899.4193
                0x000000000800bd20       0x20 /tmp/ccFEEOUj.ltrans9.ltrans.o
 .text.ibqObjectInit
                0x000000000800bd40       0x90 /tmp/ccFEEOUj.ltrans9.ltrans.o
                0x000000000800bd40                ibqObjectInit
 .text.ibqResetI
                0x000000000800bdd0       0x40 /tmp/ccFEEOUj.ltrans9.ltrans.o
                0x000000000800bdd0                ibqResetI
 .text.ibqGetEmptyBufferI
                0x000000000800be10       0x40 /tmp/ccFEEOUj.ltrans9.ltrans.o
                0x000000000800be10                ibqGetEmptyBufferI
 .text.ibqPostFullBufferI
                0x000000000800be50       0xa0 /tmp/ccFEEOUj.ltrans9.ltrans.o
                0x000000000800be50                ibqPostFullBufferI
 .text.ibqGetFullBufferTimeoutS.4167
                0x000000000800bef0       0x70 /tmp/ccFEEOUj.ltrans9.ltrans.o
 .text.ibqReleaseEmptyBufferS.4161
                0x000000000800bf60       0x70 /tmp/ccFEEOUj.ltrans9.ltrans.o
 .text.ibqGetTimeout
                0x000000000800bfd0       0x60 /tmp/ccFEEOUj.ltrans9.ltrans.o
                0x000000000800bfd0                ibqGetTimeout
 .text.ibqReadTimeout
                0x000000000800c030      0x120 /tmp/ccFEEOUj.ltrans9.ltrans.o
                0x000000000800c030                ibqReadTimeout
 .text.obqObjectInit
                0x000000000800c150       0x90 /tmp/ccFEEOUj.ltrans9.ltrans.o
                0x000000000800c150                obqObjectInit
 .text.obqResetI
                0x000000000800c1e0       0x40 /tmp/ccFEEOUj.ltrans9.ltrans.o
                0x000000000800c1e0                obqResetI
 .text.obqGetFullBufferI
                0x000000000800c220       0x50 /tmp/ccFEEOUj.ltrans9.ltrans.o
                0x000000000800c220                obqGetFullBufferI
 .text.obqReleaseEmptyBufferI
                0x000000000800c270       0x80 /tmp/ccFEEOUj.ltrans9.ltrans.o
                0x000000000800c270                obqReleaseEmptyBufferI
 .text.obqGetEmptyBufferTimeoutS
                0x000000000800c2f0       0x70 /tmp/ccFEEOUj.ltrans9.ltrans.o
                0x000000000800c2f0                obqGetEmptyBufferTimeoutS
 .text.chMtxTryLockS
                0x000000000800c360       0x60 /tmp/ccFEEOUj.ltrans10.ltrans.o
                0x000000000800c360                chMtxTryLockS
 .text.chMtxUnlock
                0x000000000800c3c0      0x100 /tmp/ccFEEOUj.ltrans10.ltrans.o
                0x000000000800c3c0                chMtxUnlock
 .text.chMtxUnlockS
                0x000000000800c4c0       0xf0 /tmp/ccFEEOUj.ltrans10.ltrans.o
                0x000000000800c4c0                chMtxUnlockS
 .text.chMtxUnlockAll
                0x000000000800c5b0       0x80 /tmp/ccFEEOUj.ltrans10.ltrans.o
                0x000000000800c5b0                chMtxUnlockAll
 .text.port_lock.6898.4398
                0x000000000800c630       0x10 /tmp/ccFEEOUj.ltrans10.ltrans.o
 .text.port_unlock.6901.4396
                0x000000000800c640       0x10 /tmp/ccFEEOUj.ltrans10.ltrans.o
 .text.queue_init.6903.4393
                0x000000000800c650       0x20 /tmp/ccFEEOUj.ltrans10.ltrans.o
 .text.queue_notempty.6992.4388
                0x000000000800c670       0x20 /tmp/ccFEEOUj.ltrans10.ltrans.o
 .text.queue_prio_insert.6996.4384
                0x000000000800c690       0x50 /tmp/ccFEEOUj.ltrans10.ltrans.o
 .text.queue_fifo_remove.7000.4381
                0x000000000800c6e0       0x30 /tmp/ccFEEOUj.ltrans10.ltrans.o
 .text.chSysLock.7007.4379
                0x000000000800c710       0x10 /tmp/ccFEEOUj.ltrans10.ltrans.o
 .text.chSysUnlock.7009.4377
                0x000000000800c720       0x50 /tmp/ccFEEOUj.ltrans10.ltrans.o
 .text.chThdGetSelfX.7003.4375
                0x000000000800c770       0x10 /tmp/ccFEEOUj.ltrans10.ltrans.o
 .text.chMtxGetNextMutexS.7005.4373
                0x000000000800c780       0x10 /tmp/ccFEEOUj.ltrans10.ltrans.o
 .text.chCondObjectInit
                0x000000000800c790       0x30 /tmp/ccFEEOUj.ltrans10.ltrans.o
                0x000000000800c790                chCondObjectInit
 .text.chCondSignal
                0x000000000800c7c0       0x50 /tmp/ccFEEOUj.ltrans10.ltrans.o
                0x000000000800c7c0                chCondSignal
 .text.chCondSignalI
                0x000000000800c810       0x50 /tmp/ccFEEOUj.ltrans10.ltrans.o
                0x000000000800c810                chCondSignalI
 .text.chCondBroadcast
                0x000000000800c860       0x20 /tmp/ccFEEOUj.ltrans10.ltrans.o
                0x000000000800c860                chCondBroadcast
 .text.chCondBroadcastI.4358
                0x000000000800c880       0x50 /tmp/ccFEEOUj.ltrans10.ltrans.o
 .text.chCondWait
                0x000000000800c8d0       0x20 /tmp/ccFEEOUj.ltrans10.ltrans.o
                0x000000000800c8d0                chCondWait
 .text.chCondWaitS.4352
                0x000000000800c8f0       0x80 /tmp/ccFEEOUj.ltrans10.ltrans.o
 .text.chCondWaitTimeout
                0x000000000800c970       0x30 /tmp/ccFEEOUj.ltrans10.ltrans.o
                0x000000000800c970                chCondWaitTimeout
 .text.chCondWaitTimeoutS.4340
                0x000000000800c9a0       0x90 /tmp/ccFEEOUj.ltrans10.ltrans.o
 .text.port_lock.7134.4338
                0x000000000800ca30       0x10 /tmp/ccFEEOUj.ltrans10.ltrans.o
 .text.port_unlock.7137.4336
                0x000000000800ca40       0x10 /tmp/ccFEEOUj.ltrans10.ltrans.o
 .text.chSysLock.7139.4334
                0x000000000800ca50       0x10 /tmp/ccFEEOUj.ltrans10.ltrans.o
 .text.chSysUnlock.7141.4332
                0x000000000800ca60       0x50 /tmp/ccFEEOUj.ltrans10.ltrans.o
 .text.chEvtRegisterMaskWithFlags
                0x000000000800cab0       0x60 /tmp/ccFEEOUj.ltrans10.ltrans.o
                0x000000000800cab0                chEvtRegisterMaskWithFlags
 .text.chEvtUnregister
                0x000000000800cb10       0x60 /tmp/ccFEEOUj.ltrans10.ltrans.o
                0x000000000800cb10                chEvtUnregister
 .text.chEvtGetAndClearEvents
                0x000000000800cb70       0x50 /tmp/ccFEEOUj.ltrans10.ltrans.o
                0x000000000800cb70                chEvtGetAndClearEvents
 .text.chEvtAddEvents
                0x000000000800cbc0       0x50 /tmp/ccFEEOUj.ltrans10.ltrans.o
                0x000000000800cbc0                chEvtAddEvents
 .text.chEvtBroadcastFlagsI
                0x000000000800cc10       0x70 /tmp/ccFEEOUj.ltrans10.ltrans.o
                0x000000000800cc10                chEvtBroadcastFlagsI
 .text.chEvtSignal
                0x000000000800cc80       0x40 /tmp/ccFEEOUj.ltrans10.ltrans.o
                0x000000000800cc80                chEvtSignal
 .text.chEvtSignalI.4301
                0x000000000800ccc0       0x70 /tmp/ccFEEOUj.ltrans10.ltrans.o
 .text.chEvtBroadcastFlags
                0x000000000800cd30       0x30 /tmp/ccFEEOUj.ltrans10.ltrans.o
                0x000000000800cd30                chEvtBroadcastFlags
 .text.chEvtDispatch
                0x000000000800cd60       0x80 /tmp/ccFEEOUj.ltrans10.ltrans.o
                0x000000000800cd60                chEvtDispatch
 .text.chEvtWaitOne
                0x000000000800cde0       0x70 /tmp/ccFEEOUj.ltrans10.ltrans.o
                0x000000000800cde0                chEvtWaitOne
 .text.chEvtWaitAny
                0x000000000800ce50       0x60 /tmp/ccFEEOUj.ltrans10.ltrans.o
                0x000000000800ce50                chEvtWaitAny
 .text.chEvtWaitAll
                0x000000000800ceb0       0x50 /tmp/ccFEEOUj.ltrans10.ltrans.o
                0x000000000800ceb0                chEvtWaitAll
 .text.chEvtWaitOneTimeout
                0x000000000800cf00       0x90 /tmp/ccFEEOUj.ltrans10.ltrans.o
                0x000000000800cf00                chEvtWaitOneTimeout
 .text.chEvtWaitAnyTimeout
                0x000000000800cf90       0x80 /tmp/ccFEEOUj.ltrans10.ltrans.o
                0x000000000800cf90                chEvtWaitAnyTimeout
 .text.chEvtWaitAllTimeout
                0x000000000800d010       0x70 /tmp/ccFEEOUj.ltrans10.ltrans.o
                0x000000000800d010                chEvtWaitAllTimeout
 .text.port_lock.7394.4253
                0x000000000800d080       0x10 /tmp/ccFEEOUj.ltrans10.ltrans.o
 .text.port_unlock.7397.4251
                0x000000000800d090       0x10 /tmp/ccFEEOUj.ltrans10.ltrans.o
 .text.queue_insert.7399.4247
                0x000000000800d0a0       0x30 /tmp/ccFEEOUj.ltrans10.ltrans.o
 .text.queue_fifo_remove.7489.4244
                0x000000000800d0d0       0x30 /tmp/ccFEEOUj.ltrans10.ltrans.o
 .text.chSysLock.7492.4242
                0x000000000800d100       0x10 /tmp/ccFEEOUj.ltrans10.ltrans.o
 .text.chSysUnlock.7494.4240
                0x000000000800d110       0x50 /tmp/ccFEEOUj.ltrans10.ltrans.o
 .text.chMsgIsPendingI.7496.4237
                0x000000000800d160       0x30 /tmp/ccFEEOUj.ltrans10.ltrans.o
 .text.chMsgReleaseS.7500.4233
                0x000000000800d190       0x20 /tmp/ccFEEOUj.ltrans10.ltrans.o
 .text.chMsgSend
                0x000000000800d1b0       0x70 /tmp/ccFEEOUj.ltrans10.ltrans.o
                0x000000000800d1b0                chMsgSend
 .text.chMsgWait
                0x000000000800d220       0x60 /tmp/ccFEEOUj.ltrans10.ltrans.o
                0x000000000800d220                chMsgWait
 .text.chMsgRelease
                0x000000000800d280       0x40 /tmp/ccFEEOUj.ltrans10.ltrans.o
                0x000000000800d280                chMsgRelease
 .text.port_lock.7593.4220
                0x000000000800d2c0       0x10 /tmp/ccFEEOUj.ltrans10.ltrans.o
 .text.port_unlock.7596.4218
                0x000000000800d2d0       0x10 /tmp/ccFEEOUj.ltrans10.ltrans.o
 .text.chSysLock.7598.4216
                0x000000000800d2e0       0x10 /tmp/ccFEEOUj.ltrans10.ltrans.o
 .text.chSysUnlock.7600.4214
                0x000000000800d2f0       0x50 /tmp/ccFEEOUj.ltrans10.ltrans.o
 .text.chSemFastWaitI.7692.4211
                0x000000000800d340       0x20 /tmp/ccFEEOUj.ltrans10.ltrans.o
 .text.chSemGetCounterI.7602.4208
                0x000000000800d360       0x20 /tmp/ccFEEOUj.ltrans10.ltrans.o
 .text.chMBObjectInit
                0x000000000800d380       0x70 /tmp/ccFEEOUj.ltrans10.ltrans.o
                0x000000000800d380                chMBObjectInit
 .text.chMBReset
                0x000000000800d3f0       0x20 /tmp/ccFEEOUj.ltrans10.ltrans.o
                0x000000000800d3f0                chMBReset
 .text.chMBResetI.4197
                0x000000000800d410       0x60 /tmp/ccFEEOUj.ltrans10.ltrans.o
 .text.chMBPost
                0x000000000800d470       0x30 /tmp/ccFEEOUj.ltrans10.ltrans.o
                0x000000000800d470                chMBPost
 .text.chMBPostS.4187
                0x000000000800d4a0       0x70 /tmp/ccFEEOUj.ltrans10.ltrans.o
 .text.chMBPostI
                0x000000000800d510       0x80 /tmp/ccFEEOUj.ltrans10.ltrans.o
                0x000000000800d510                chMBPostI
 .text.chMBPostAhead
                0x000000000800d590       0x30 /tmp/ccFEEOUj.ltrans10.ltrans.o
                0x000000000800d590                chMBPostAhead
 .text.chMBPostAheadS.4173
                0x000000000800d5c0       0x80 /tmp/ccFEEOUj.ltrans10.ltrans.o
 .text.chMBPostAheadI
                0x000000000800d640       0x80 /tmp/ccFEEOUj.ltrans10.ltrans.o
                0x000000000800d640                chMBPostAheadI
 .text.chMBFetch
                0x000000000800d6c0       0x30 /tmp/ccFEEOUj.ltrans10.ltrans.o
                0x000000000800d6c0                chMBFetch
 .text.chMBFetchS.4158
                0x000000000800d6f0       0x80 /tmp/ccFEEOUj.ltrans10.ltrans.o
 .text.chMBFetchI
                0x000000000800d770       0x80 /tmp/ccFEEOUj.ltrans10.ltrans.o
                0x000000000800d770                chMBFetchI
 .text.port_lock.7849.4140
                0x000000000800d7f0       0x10 /tmp/ccFEEOUj.ltrans10.ltrans.o
 .text.port_unlock.7852.4138
                0x000000000800d800       0x10 /tmp/ccFEEOUj.ltrans10.ltrans.o
 .text.queue_init.7854.4135
                0x000000000800d810       0x20 /tmp/ccFEEOUj.ltrans10.ltrans.o
 .text.chSysLock.7973
                0x000000000800d830       0x10 /tmp/ccFEEOUj.ltrans10.ltrans.o
                0x000000000800d830                chSysLock.7973
 .text.chSysUnlock.7975
                0x000000000800d840       0x50 /tmp/ccFEEOUj.ltrans10.ltrans.o
                0x000000000800d840                chSysUnlock.7975
 .text.chThdQueueObjectInit.7943
                0x000000000800d890       0x20 /tmp/ccFEEOUj.ltrans10.ltrans.o
                0x000000000800d890                chThdQueueObjectInit.7943
 .text.chIQIsEmptyI.7963
                0x000000000800d8b0       0x20 /tmp/ccFEEOUj.ltrans10.ltrans.o
                0x000000000800d8b0                chIQIsEmptyI.7963
 .text.chIQIsFullI.7946
                0x000000000800d8d0       0x40 /tmp/ccFEEOUj.ltrans10.ltrans.o
                0x000000000800d8d0                chIQIsFullI.7946
 .text.chOQIsEmptyI.7970
                0x000000000800d910       0x40 /tmp/ccFEEOUj.ltrans10.ltrans.o
                0x000000000800d910                chOQIsEmptyI.7970
 .text.chOQIsFullI.7966
                0x000000000800d950       0x20 /tmp/ccFEEOUj.ltrans10.ltrans.o
                0x000000000800d950                chOQIsFullI.7966
 .text.chThdStart
                0x000000000800d970       0x20 /tmp/ccFEEOUj.ltrans11.ltrans.o
                0x000000000800d970                chThdStart
 .text.chThdSetPriority
                0x000000000800d990       0x90 /tmp/ccFEEOUj.ltrans11.ltrans.o
                0x000000000800d990                chThdSetPriority
 .text.chThdTerminate
                0x000000000800da20       0x30 /tmp/ccFEEOUj.ltrans11.ltrans.o
                0x000000000800da20                chThdTerminate
 .text.chThdSleep
                0x000000000800da50       0x20 /tmp/ccFEEOUj.ltrans11.ltrans.o
                0x000000000800da50                chThdSleep
 .text.chThdSleepUntil
                0x000000000800da70       0x30 /tmp/ccFEEOUj.ltrans11.ltrans.o
                0x000000000800da70                chThdSleepUntil
 .text.chThdYield
                0x000000000800daa0       0x10 /tmp/ccFEEOUj.ltrans11.ltrans.o
                0x000000000800daa0                chThdYield
 .text.chThdExit
                0x000000000800dab0       0x20 /tmp/ccFEEOUj.ltrans11.ltrans.o
                0x000000000800dab0                chThdExit
 .text.chThdExitS
                0x000000000800dad0       0x80 /tmp/ccFEEOUj.ltrans11.ltrans.o
                0x000000000800dad0                chThdExitS
 .text.chThdWait
                0x000000000800db50       0x90 /tmp/ccFEEOUj.ltrans11.ltrans.o
                0x000000000800db50                chThdWait
 .text.chThdSuspendS
                0x000000000800dbe0       0x50 /tmp/ccFEEOUj.ltrans11.ltrans.o
                0x000000000800dbe0                chThdSuspendS
 .text.chThdResumeI
                0x000000000800dc30       0x50 /tmp/ccFEEOUj.ltrans11.ltrans.o
                0x000000000800dc30                chThdResumeI
 .text.chThdEnqueueTimeoutS
                0x000000000800dc80       0x40 /tmp/ccFEEOUj.ltrans11.ltrans.o
                0x000000000800dc80                chThdEnqueueTimeoutS
 .text.chThdDequeueNextI
                0x000000000800dcc0       0x30 /tmp/ccFEEOUj.ltrans11.ltrans.o
                0x000000000800dcc0                chThdDequeueNextI
 .text.chThdDequeueAllI
                0x000000000800dcf0       0x30 /tmp/ccFEEOUj.ltrans11.ltrans.o
                0x000000000800dcf0                chThdDequeueAllI
 .text.port_rt_get_counter_value.5636.4326
                0x000000000800dd20       0x10 /tmp/ccFEEOUj.ltrans11.ltrans.o
 .text.tm_stop.5642.4321
                0x000000000800dd30       0x70 /tmp/ccFEEOUj.ltrans11.ltrans.o
 .text._tm_init
                0x000000000800dda0       0x40 /tmp/ccFEEOUj.ltrans11.ltrans.o
                0x000000000800dda0                _tm_init
 .text.chTMObjectInit
                0x000000000800dde0       0x30 /tmp/ccFEEOUj.ltrans11.ltrans.o
                0x000000000800dde0                chTMObjectInit
 .text.chTMStartMeasurementX
                0x000000000800de10       0x20 /tmp/ccFEEOUj.ltrans11.ltrans.o
                0x000000000800de10                chTMStartMeasurementX
 .text.chTMStopMeasurementX.4310
                0x000000000800de30       0x30 /tmp/ccFEEOUj.ltrans11.ltrans.o
 .text.chTMChainMeasurementToX.4305
                0x000000000800de60       0x30 /tmp/ccFEEOUj.ltrans11.ltrans.o
 .text.port_lock.5830.4303
                0x000000000800de90       0x10 /tmp/ccFEEOUj.ltrans11.ltrans.o
 .text.port_unlock.5833.4301
                0x000000000800dea0       0x10 /tmp/ccFEEOUj.ltrans11.ltrans.o
 .text.port_lock_from_isr.5835.4299
                0x000000000800deb0       0x10 /tmp/ccFEEOUj.ltrans11.ltrans.o
 .text.port_unlock_from_isr.5837.4297
                0x000000000800dec0       0x10 /tmp/ccFEEOUj.ltrans11.ltrans.o
 .text._stats_init
                0x000000000800ded0       0x40 /tmp/ccFEEOUj.ltrans11.ltrans.o
                0x000000000800ded0                _stats_init
 .text._stats_increase_irq
                0x000000000800df10       0x30 /tmp/ccFEEOUj.ltrans11.ltrans.o
                0x000000000800df10                _stats_increase_irq
 .text._stats_ctxswc
                0x000000000800df40       0x40 /tmp/ccFEEOUj.ltrans11.ltrans.o
                0x000000000800df40                _stats_ctxswc
 .text._stats_start_measure_crit_thd
                0x000000000800df80       0x10 /tmp/ccFEEOUj.ltrans11.ltrans.o
                0x000000000800df80                _stats_start_measure_crit_thd
 .text._stats_stop_measure_crit_thd
                0x000000000800df90       0x10 /tmp/ccFEEOUj.ltrans11.ltrans.o
                0x000000000800df90                _stats_stop_measure_crit_thd
 .text._stats_start_measure_crit_isr
                0x000000000800dfa0       0x10 /tmp/ccFEEOUj.ltrans11.ltrans.o
                0x000000000800dfa0                _stats_start_measure_crit_isr
 .text._stats_stop_measure_crit_isr
                0x000000000800dfb0       0x10 /tmp/ccFEEOUj.ltrans11.ltrans.o
                0x000000000800dfb0                _stats_stop_measure_crit_isr
 .text.port_lock.6007.4278
                0x000000000800dfc0       0x10 /tmp/ccFEEOUj.ltrans11.ltrans.o
 .text.port_unlock.6010.4276
                0x000000000800dfd0       0x10 /tmp/ccFEEOUj.ltrans11.ltrans.o
 .text.chSysLock.6012.4274
                0x000000000800dfe0       0x10 /tmp/ccFEEOUj.ltrans11.ltrans.o
 .text.chSysUnlock.6014.4272
                0x000000000800dff0       0x50 /tmp/ccFEEOUj.ltrans11.ltrans.o
 .text.chThdAddRef
                0x000000000800e040       0x40 /tmp/ccFEEOUj.ltrans11.ltrans.o
                0x000000000800e040                chThdAddRef
 .text.chThdRelease
                0x000000000800e080       0xb0 /tmp/ccFEEOUj.ltrans11.ltrans.o
                0x000000000800e080                chThdRelease
 .text.chThdCreateFromHeap
                0x000000000800e130       0x80 /tmp/ccFEEOUj.ltrans11.ltrans.o
                0x000000000800e130                chThdCreateFromHeap
 .text.chThdCreateFromMemoryPool
                0x000000000800e1b0       0xa0 /tmp/ccFEEOUj.ltrans11.ltrans.o
                0x000000000800e1b0                chThdCreateFromMemoryPool
 .text.port_lock.6230.4226
                0x000000000800e250       0x10 /tmp/ccFEEOUj.ltrans11.ltrans.o
 .text.port_unlock.6233.4224
                0x000000000800e260       0x10 /tmp/ccFEEOUj.ltrans11.ltrans.o
 .text.chSysLock.6235.4222
                0x000000000800e270       0x10 /tmp/ccFEEOUj.ltrans11.ltrans.o
 .text.chSysUnlock.6237.4220
                0x000000000800e280       0x50 /tmp/ccFEEOUj.ltrans11.ltrans.o
 .text.chRegFirstThread
                0x000000000800e2d0       0x40 /tmp/ccFEEOUj.ltrans11.ltrans.o
                0x000000000800e2d0                chRegFirstThread
 .text.chRegNextThread
                0x000000000800e310       0x60 /tmp/ccFEEOUj.ltrans11.ltrans.o
                0x000000000800e310                chRegNextThread
 .text.port_lock.6425.4212
                0x000000000800e370       0x10 /tmp/ccFEEOUj.ltrans11.ltrans.o
 .text.port_unlock.6428.4210
                0x000000000800e380       0x10 /tmp/ccFEEOUj.ltrans11.ltrans.o
 .text.queue_init.6430.4207
                0x000000000800e390       0x20 /tmp/ccFEEOUj.ltrans11.ltrans.o
 .text.queue_isempty.6519.4204
                0x000000000800e3b0       0x20 /tmp/ccFEEOUj.ltrans11.ltrans.o
 .text.queue_notempty.6523.4201
                0x000000000800e3d0       0x20 /tmp/ccFEEOUj.ltrans11.ltrans.o
 .text.queue_insert.6526.4197
                0x000000000800e3f0       0x30 /tmp/ccFEEOUj.ltrans11.ltrans.o
 .text.queue_fifo_remove.6530.4194
                0x000000000800e420       0x30 /tmp/ccFEEOUj.ltrans11.ltrans.o
 .text.queue_lifo_remove.6533.4191
                0x000000000800e450       0x30 /tmp/ccFEEOUj.ltrans11.ltrans.o
 .text.chSysLock.6536.4189
                0x000000000800e480       0x10 /tmp/ccFEEOUj.ltrans11.ltrans.o
 .text.chSysUnlock.6538.4187
                0x000000000800e490       0x50 /tmp/ccFEEOUj.ltrans11.ltrans.o
 .text.chSemObjectInit
                0x000000000800e4e0       0x40 /tmp/ccFEEOUj.ltrans11.ltrans.o
                0x000000000800e4e0                chSemObjectInit
 .text.chSemReset
                0x000000000800e520       0x30 /tmp/ccFEEOUj.ltrans11.ltrans.o
                0x000000000800e520                chSemReset
 .text.chSemResetI
                0x000000000800e550       0xa0 /tmp/ccFEEOUj.ltrans11.ltrans.o
                0x000000000800e550                chSemResetI
 .text.chSemWait
                0x000000000800e5f0       0x20 /tmp/ccFEEOUj.ltrans11.ltrans.o
                0x000000000800e5f0                chSemWait
 .text.chSemWaitS.4169
                0x000000000800e610       0xc0 /tmp/ccFEEOUj.ltrans11.ltrans.o
 .text.chSemWaitTimeout
                0x000000000800e6d0       0x30 /tmp/ccFEEOUj.ltrans11.ltrans.o
                0x000000000800e6d0                chSemWaitTimeout
 .text.chSemWaitTimeoutS
                0x000000000800e700       0xd0 /tmp/ccFEEOUj.ltrans11.ltrans.o
                0x000000000800e700                chSemWaitTimeoutS
 .text.chSemSignal
                0x000000000800e7d0       0x90 /tmp/ccFEEOUj.ltrans11.ltrans.o
                0x000000000800e7d0                chSemSignal
 .text.chSemSignalI
                0x000000000800e860       0x90 /tmp/ccFEEOUj.ltrans11.ltrans.o
                0x000000000800e860                chSemSignalI
 .text.chSemAddCounterI
                0x000000000800e8f0       0xb0 /tmp/ccFEEOUj.ltrans11.ltrans.o
                0x000000000800e8f0                chSemAddCounterI
 .text.chSemSignalWait
                0x000000000800e9a0      0x130 /tmp/ccFEEOUj.ltrans11.ltrans.o
                0x000000000800e9a0                chSemSignalWait